Microchip MPLAB XC8 Compiler V2.36

Linker command line:

-W-3 --edf=C:\Program Files\Microchip\xc8\v2.36\pic\dat\en_msgs.txt -cn \
  -h+dist/default/production\XC8-18F25K22_DHT22SensorLibrary_LCD16x2.X.production.sym \
  --cmf=dist/default/production\XC8-18F25K22_DHT22SensorLibrary_LCD16x2.X.production.cmf \
  -z -Q18F25K22 -oC:\Users\mrchu\AppData\Local\Temp\xcAsd4s.4 \
  --defsym=__MPLAB_BUILD=1 \
  -Mdist/default/production/XC8-18F25K22_DHT22SensorLibrary_LCD16x2.X.production.map \
  --md=C:\Users\mrchu\AppData\Local\Temp\xcAsd4s.dat -E1 -ver=XC8 Compiler \
  --acfsm=1493 -ACODE=00h-07FFFh -ACONST=00h-07FFFh \
  -ASMALLCONST=0600h-06FFhx122 -AMEDIUMCONST=0600h-07FFFh -ACOMRAM=01h-05Fh \
  -AABS1=00h-05FFh -ABIGRAM=01h-05FFh -ARAM=060h-0FFh,0100h-01FFhx5 \
  -ABANK0=060h-0FFh -ABANK1=0100h-01FFh -ABANK2=0200h-02FFh \
  -ABANK3=0300h-03FFh -ABANK4=0400h-04FFh -ABANK5=0500h-05FFh \
  -ASFR=0F38h-0F5Fh,0F60h-0FFFh -ABIGSFR=0F38h-0FFFh \
  -ACONFIG=0300000h-030000Dh -AIDLOC=0200000h-0200007h \
  -AEEDATA=0F00000h-0F000FFh -peeprom_data=EEDATA \
  -preset_vec=00h,intcode,intcodelo,powerup,init -pramtop=0600h \
  -psmallconst=SMALLCONST -pmediumconst=MEDIUMCONST -pconst=CONST \
  -AFARRAM=00h-00h \
  -prdata=COMRAM,nvrram=COMRAM,nvbit=COMRAM,rbss=COMRAM,rbit=COMRAM \
  -pfarbss=FARRAM,fardata=FARRAM,nvFARRAM=FARRAM \
  -pintsave_regs=BIGRAM,bigbss=BIGRAM,bigdata=BIGRAM -pbss=RAM \
  -pidata=CODE,irdata=CODE,ibigdata=CODE,ifardata=CODE -prparam=COMRAM \
  C:\Users\mrchu\AppData\Local\Temp\xcAsd4s.o \
  dist/default/production\XC8-18F25K22_DHT22SensorLibrary_LCD16x2.X.production.o 

Object code version is 3.11

Machine type is 18F25K22



                Name                               Link     Load   Length Selector   Space Scale
C:\Users\mrchu\AppData\Local\Temp\xcAsd4s.o
                idloc                            200000   200000        8        0       5
                config                           300000   300000        E        0       4
                init                                  0        0        4        0       0
dist/default/production\XC8-18F25K22_DHT22SensorLibrary_LCD16x2.X.production.o
                idloc                            200000   200000        8        0       5
                config                           300000   300000        E        0       4
                smallconst                          600      600       96      300       0
                text40                             3F82     3F82        6      34B       0
                text39                             2CDA     2CDA      1B4      34B       0
                text38                             3F52     3F52       26      34B       0
                text37                             3EE4     3EE4       38      34B       0
                text36                             3C5C     3C5C       52      34B       0
                text35                             2E8E     2E8E      156      34B       0
                text34                             37DC     37DC       C4      34B       0
                text33                             38A0     38A0       B0      34B       0
                text32                             255E     255E      39A      34B       0
                text31                             3950     3950       AA      34B       0
                text30                             3374     3374      104      34B       0
                text29                             2134     2134      42A      34B       0
                text28                             3EAC     3EAC       38      34B       0
                text27                             1C74     1C74      4C0      34B       0
                text26                             3CF4     3CF4       46      34B       0
                text25                             326E     326E      106      34B       0
                text24                             3478     3478       FE      34B       0
                text23                             28F8     28F8      212      34B       0
                text22                             3F88     3F88        2      34B       0
                text21                             364C     364C       CA      34B       0
                text20                             3D3A     3D3A       44      34B       0
                text19                             3F1C     3F1C       36      34B       0
                text18                             3716     3716       C6      34B       0
                text17                             3BAE     3BAE       5C      34B       0
                text16                             3E74     3E74       38      34B       0
                text15                             3CAE     3CAE       46      34B       0
                text14                              696      696      C0E      34B       0
                text13                             3576     3576       D6      34B       0
                text12                             12A4     12A4      510      34B       0
                text11                             3B4C     3B4C       62      34B       0
                text10                             3C0A     3C0A       52      34B       0
                text9                              17B4     17B4      4C0      34B       0
                text8                              312A     312A      144      34B       0
                text7                              3AE4     3AE4       68      34B       0
                text6                              3DC0     3DC0       40      34B       0
                text5                              2B0A     2B0A      1D0      34B       0
                text4                              3E3A     3E3A       3A      34B       0
                text3                              39FA     39FA       7E      34B       0
                text2                              3A78     3A78       6C      34B       0
                text1                              3E00     3E00       3A      34B       0
                text0                              2FE4     2FE4      146      34B       0
                cstackCOMRAM                          1        1       5F        1       1
                cstackBANK0                          60       60       6B       60       1
                bssBANK1                            100      100       66      100       1
                dataBANK0                            EA       EA        A       60       1
                bssBANK0                             CB       CB       1F       60       1
                cinit                              3D7E     3D7E       42      34B       0
                idataBANK0                         3F78     3F78        A      34B       0

TOTAL           Name                               Link     Load   Length     Space
        CLASS   CODE           
                init                                  0        0        4         0
                text40                             3F82     3F82        6         0
                text39                             2CDA     2CDA      1B4         0
                text38                             3F52     3F52       26         0
                text37                             3EE4     3EE4       38         0
                text36                             3C5C     3C5C       52         0
                text35                             2E8E     2E8E      156         0
                text34                             37DC     37DC       C4         0
                text33                             38A0     38A0       B0         0
                text32                             255E     255E      39A         0
                text31                             3950     3950       AA         0
                text30                             3374     3374      104         0
                text29                             2134     2134      42A         0
                text28                             3EAC     3EAC       38         0
                text27                             1C74     1C74      4C0         0
                text26                             3CF4     3CF4       46         0
                text25                             326E     326E      106         0
                text24                             3478     3478       FE         0
                text23                             28F8     28F8      212         0
                text22                             3F88     3F88        2         0
                text21                             364C     364C       CA         0
                text20                             3D3A     3D3A       44         0
                text19                             3F1C     3F1C       36         0
                text18                             3716     3716       C6         0
                text17                             3BAE     3BAE       5C         0
                text16                             3E74     3E74       38         0
                text15                             3CAE     3CAE       46         0
                text14                              696      696      C0E         0
                text13                             3576     3576       D6         0
                text12                             12A4     12A4      510         0
                text11                             3B4C     3B4C       62         0
                text10                             3C0A     3C0A       52         0
                text9                              17B4     17B4      4C0         0
                text8                              312A     312A      144         0
                text7                              3AE4     3AE4       68         0
                text6                              3DC0     3DC0       40         0
                text5                              2B0A     2B0A      1D0         0
                text4                              3E3A     3E3A       3A         0
                text3                              39FA     39FA       7E         0
                text2                              3A78     3A78       6C         0
                text1                              3E00     3E00       3A         0
                text0                              2FE4     2FE4      146         0
                cinit                              3D7E     3D7E       42         0
                idataBANK0                         3F78     3F78        A         0

        CLASS   CONST          

        CLASS   SMALLCONST     
                smallconst                          600      600       96         0

        CLASS   MEDIUMCONST    

        CLASS   COMRAM         
                cstackCOMRAM                          1        1       5F         1

        CLASS   ABS1           

        CLASS   BIGRAM         

        CLASS   RAM            

        CLASS   BANK0          
                cstackBANK0                          60       60       6B         1
                dataBANK0                            EA       EA        A         1
                bssBANK0                             CB       CB       1F         1

        CLASS   BANK1          
                bssBANK1                            100      100       66         1

        CLASS   BANK2          

        CLASS   BANK3          

        CLASS   BANK4          

        CLASS   BANK5          

        CLASS   SFR            

        CLASS   BIGSFR         

        CLASS   CONFIG         
                config                           300000   300000        E         4

        CLASS   IDLOC          
                idloc                            200000   200000        8         5

        CLASS   EEDATA         

        CLASS   FARRAM         

        CLASS   HEAP           

        CLASS   STACK          



SEGMENTS        Name                           Load    Length   Top    Selector   Space  Class

                reset_vec                      000000  000004  000004         0       0  CODE    
                cstackCOMRAM                   000001  00005F  000060         1       1  COMRAM  
                cstackBANK0                    000060  000094  0000F4        60       1  BANK0   
                bssBANK1                       000100  000066  000166       100       1  BANK1   
                smallconst                     000600  000096  000696       300       0  SMALLCON
                text14                         000696  0038F4  003F8A       34B       0  CODE    


UNUSED ADDRESS RANGES

        Name                Unused          Largest block    Delta
        BANK0            0000F4-0000FF                C
        BANK1            000166-0001FF               9A
        BANK2            000200-0002FF              100
        BANK3            000300-0003FF              100
        BANK4            000400-0004FF              100
        BANK5            000500-0005FF              100
        BIGRAM           0000F4-0000FF                C
                         000166-0005FF              49A
        BIGSFR           000F38-000FFF               C8
        CODE             000004-0005FF              5FC
                         003F8A-007FFF             4076
        CONST            000004-0005FF              5FC
                         003F8A-007FFF             4076
        EEDATA           F00000-F000FF              100
        MEDIUMCONST      003F8A-007FFF             4076
        RAM              0000F4-0000FF                C
                         000166-0005FF              100
        SFR              000F38-000FFF               28
        SMALLCONST       003F8A-007FFF              100

                                  Symbol Table

?___awdiv                   cstackCOMRAM 000001
?___awmod                   cstackCOMRAM 000001
?___fladd                   cstackCOMRAM 000001
?___fldiv                   cstackCOMRAM 00000F
?___flmul                   cstackCOMRAM 000001
?___flneg                   cstackCOMRAM 000001
?___flsub                   cstackCOMRAM 00001A
?___fltol                   cstackCOMRAM 000001
?___fpclassifyf             cstackCOMRAM 000001
?___wmul                    cstackCOMRAM 000001
?___xxtofl                  cstackCOMRAM 000001
?_atoi                      cstackCOMRAM 000008
?_efgtoa                    cstackCOMRAM 00003C
?_floorf                    cstackCOMRAM 000028
?_isdigit                   cstackCOMRAM 000001
?_isspace                   cstackCOMRAM 000001
?_isupper                   cstackCOMRAM 000001
?_pad                       cstackCOMRAM 000011
?_sprintf                   cstackBANK0  000094
?_strlen                    cstackCOMRAM 000001
?_strncmp                   cstackCOMRAM 000001
?_tolower                   cstackCOMRAM 000007
?_vfpfcnvrt                 cstackCOMRAM 000048
?_vfprintf                  cstackCOMRAM 00005A
DHT22_Read@bits             cstackBANK0  0000B6
DHT22_Read@h                cstackBANK0  0000BF
DHT22_Read@i                cstackBANK0  0000BD
DHT22_Read@j                cstackBANK0  0000BE
DHT22_Read@rawH             cstackBANK0  0000AF
DHT22_Read@rawT             cstackBANK0  0000BB
DHT22_Read@result           cstackBANK0  0000B5
DHT22_Read@sensor           cstackBANK0  0000A9
DHT22_Read@t                cstackBANK0  0000C3
DHT22_Read@timeout          cstackBANK0  0000C7
DISPLAY_Initialize@F5794    dataBANK0    0000EA
DISPLAY_Initialize@LCD      cstackCOMRAM 00002D
LCD_Command@cmd             cstackCOMRAM 000012
LCD_Init@cmd                cstackCOMRAM 00002A
LCD_Init@display            cstackCOMRAM 000013
LCD_Out@c                   cstackCOMRAM 00000A
LCD_Write@data              cstackCOMRAM 00000E
LCD_putc@c                  cstackCOMRAM 000011
LCD_puts@a                  cstackCOMRAM 000012
LCD_puts@i                  cstackCOMRAM 000016
_ANSELA                     (abs)        000F38
_ANSELB                     (abs)        000F39
_ANSELC                     (abs)        000F3A
_DHT22_Initialize           text40       003F82
_DHT22_Read                 text9        0017B4
_DHT22_Read$378             cstackBANK0  0000B1
_DISPLAY_Initialize         text2        003A78
_LATA                       (abs)        000F89
_LATB                       (abs)        000F8A
_LATC                       (abs)        000F8B
_LATCbits                   (abs)        000F8B
_LCD_Command                text6        003DC0
_LCD_Init                   text5        002B0A
_LCD_Out                    text8        00312A
_LCD_Write                  text7        003AE4
_LCD_putc                   text4        003E3A
_LCD_puts                   text3        0039FA
_LCDisplay                  bssBANK0     0000CB
_MCU_Initialize             text1        003E00
_OSCCONbits                 (abs)        000FD3
_PORTA                      (abs)        000F80
_PORTB                      (abs)        000F81
_PORTC                      (abs)        000F82
_PORTCbits                  (abs)        000F82
_TRISA                      (abs)        000F92
_TRISB                      (abs)        000F93
_TRISC                      (abs)        000F94
_TRISCbits                  (abs)        000F94
__HRAM                      (abs)        000000
__Habs1                     abs1         000000
__Hbank0                    bank0        000000
__Hbank1                    bank1        000000
__Hbank2                    bank2        000000
__Hbank3                    bank3        000000
__Hbank4                    bank4        000000
__Hbank5                    bank5        000000
__Hbigbss                   bigbss       000000
__Hbigdata                  bigdata      000000
__Hbigram                   bigram       000000
__Hbigsfr                   bigsfr       000000
__Hbss                      bss          000000
__HbssBANK0                 bssBANK0     000000
__HbssBANK1                 bssBANK1     000000
__Hcinit                    cinit        000000
__Hclrtext                  clrtext      000000
__Hcomram                   comram       000000
__Hconfig                   config       30000E
__Hconst                    const        000000
__HcstackBANK0              cstackBANK0  000000
__HcstackCOMRAM             cstackCOMRAM 000000
__Hdata                     data         000000
__HdataBANK0                dataBANK0    000000
__Heeprom_data              eeprom_data  000000
__Hfarbss                   farbss       000000
__Hfardata                  fardata      000000
__Hheap                     heap         000000
__Hibigdata                 ibigdata     000000
__Hidata                    idata        000000
__HidataBANK0               idataBANK0   000000
__Hidloc                    idloc        200008
__Hifardata                 ifardata     000000
__Hinit                     init         000004
__Hintcode                  intcode      000000
__Hintcode_body             intcode_body 000000
__Hintcodelo                intcodelo    000000
__Hintentry                 intentry     000000
__Hintret                   intret       000000
__Hintsave_regs             intsave_regs 000000
__Hirdata                   irdata       000000
__Hmediumconst              mediumconst  000000
__HnvFARRAM                 nvFARRAM     000000
__Hnvbit                    nvbit        000000
__Hnvrram                   nvrram       000000
__Hparam                    rparam       000000
__Hpowerup                  powerup      000000
__Hram                      ram          000000
__Hramtop                   ramtop       000600
__Hrbit                     rbit         000000
__Hrbss                     rbss         000000
__Hrdata                    rdata        000000
__Hreset_vec                reset_vec    000000
__Hrparam                   rparam       000000
__Hsfr                      sfr          000000
__Hsmallconst               smallconst   000696
__Hspace_0                  (abs)        003F8A
__Hspace_1                  (abs)        000166
__Hspace_2                  (abs)        000000
__Hspace_4                  (abs)        60000E
__Hstack                    stack        000000
__Hstruct                   struct       000000
__Htemp                     temp         000000
__Htext                     text         000000
__Htext0                    text0        000000
__Htext1                    text1        000000
__Htext10                   text10       000000
__Htext11                   text11       000000
__Htext12                   text12       000000
__Htext13                   text13       000000
__Htext14                   text14       000000
__Htext15                   text15       000000
__Htext16                   text16       000000
__Htext17                   text17       000000
__Htext18                   text18       000000
__Htext19                   text19       000000
__Htext2                    text2        000000
__Htext20                   text20       000000
__Htext21                   text21       000000
__Htext22                   text22       000000
__Htext23                   text23       000000
__Htext24                   text24       000000
__Htext25                   text25       000000
__Htext26                   text26       000000
__Htext27                   text27       000000
__Htext28                   text28       000000
__Htext29                   text29       000000
__Htext3                    text3        000000
__Htext30                   text30       000000
__Htext31                   text31       000000
__Htext32                   text32       000000
__Htext33                   text33       000000
__Htext34                   text34       000000
__Htext35                   text35       000000
__Htext36                   text36       000000
__Htext37                   text37       000000
__Htext38                   text38       000000
__Htext39                   text39       000000
__Htext4                    text4        000000
__Htext40                   text40       000000
__Htext5                    text5        000000
__Htext6                    text6        000000
__Htext7                    text7        000000
__Htext8                    text8        000000
__Htext9                    text9        000000
__LRAM                      (abs)        000001
__Labs1                     abs1         000000
__Lbank0                    bank0        000000
__Lbank1                    bank1        000000
__Lbank2                    bank2        000000
__Lbank3                    bank3        000000
__Lbank4                    bank4        000000
__Lbank5                    bank5        000000
__Lbigbss                   bigbss       000000
__Lbigdata                  bigdata      000000
__Lbigram                   bigram       000000
__Lbigsfr                   bigsfr       000000
__Lbss                      bss          000000
__LbssBANK0                 bssBANK0     000000
__LbssBANK1                 bssBANK1     000000
__Lcinit                    cinit        000000
__Lclrtext                  clrtext      000000
__Lcomram                   comram       000000
__Lconfig                   config       000000
__Lconst                    const        000000
__LcstackBANK0              cstackBANK0  000000
__LcstackCOMRAM             cstackCOMRAM 000000
__Ldata                     data         000000
__LdataBANK0                dataBANK0    000000
__Leeprom_data              eeprom_data  000000
__Lfarbss                   farbss       000000
__Lfardata                  fardata      000000
__Lheap                     heap         000000
__Libigdata                 ibigdata     000000
__Lidata                    idata        000000
__LidataBANK0               idataBANK0   000000
__Lidloc                    idloc        000000
__Lifardata                 ifardata     000000
__Linit                     init         000000
__Lintcode                  intcode      000000
__Lintcode_body             intcode_body 000000
__Lintcodelo                intcodelo    000000
__Lintentry                 intentry     000000
__Lintret                   intret       000000
__Lintsave_regs             intsave_regs 000000
__Lirdata                   irdata       000000
__Lmediumconst              mediumconst  000000
__LnvFARRAM                 nvFARRAM     000000
__Lnvbit                    nvbit        000000
__Lnvrram                   nvrram       000000
__Lparam                    rparam       000000
__Lpowerup                  powerup      000000
__Lram                      ram          000000
__Lramtop                   ramtop       000600
__Lrbit                     rbit         000000
__Lrbss                     rbss         000000
__Lrdata                    rdata        000000
__Lreset_vec                reset_vec    000000
__Lrparam                   rparam       000000
__Lsfr                      sfr          000000
__Lsmallconst               smallconst   000600
__Lspace_0                  (abs)        000000
__Lspace_1                  (abs)        000000
__Lspace_2                  (abs)        000000
__Lspace_4                  (abs)        000000
__Lstack                    stack        000000
__Lstruct                   struct       000000
__Ltemp                     temp         000000
__Ltext                     text         000000
__Ltext0                    text0        000000
__Ltext1                    text1        000000
__Ltext10                   text10       000000
__Ltext11                   text11       000000
__Ltext12                   text12       000000
__Ltext13                   text13       000000
__Ltext14                   text14       000000
__Ltext15                   text15       000000
__Ltext16                   text16       000000
__Ltext17                   text17       000000
__Ltext18                   text18       000000
__Ltext19                   text19       000000
__Ltext2                    text2        000000
__Ltext20                   text20       000000
__Ltext21                   text21       000000
__Ltext22                   text22       000000
__Ltext23                   text23       000000
__Ltext24                   text24       000000
__Ltext25                   text25       000000
__Ltext26                   text26       000000
__Ltext27                   text27       000000
__Ltext28                   text28       000000
__Ltext29                   text29       000000
__Ltext3                    text3        000000
__Ltext30                   text30       000000
__Ltext31                   text31       000000
__Ltext32                   text32       000000
__Ltext33                   text33       000000
__Ltext34                   text34       000000
__Ltext35                   text35       000000
__Ltext36                   text36       000000
__Ltext37                   text37       000000
__Ltext38                   text38       000000
__Ltext39                   text39       000000
__Ltext4                    text4        000000
__Ltext40                   text40       000000
__Ltext5                    text5        000000
__Ltext6                    text6        000000
__Ltext7                    text7        000000
__Ltext8                    text8        000000
__Ltext9                    text9        000000
__S0                        (abs)        003F8A
__S1                        (abs)        000166
__S4                        (abs)        000000
__S5                        (abs)        000000
___awdiv                    text34       0037DC
___awdiv@counter            cstackCOMRAM 000005
___awdiv@dividend           cstackCOMRAM 000001
___awdiv@divisor            cstackCOMRAM 000003
___awdiv@quotient           cstackCOMRAM 000007
___awdiv@sign               cstackCOMRAM 000006
___awmod                    text33       0038A0
___awmod@counter            cstackCOMRAM 000005
___awmod@dividend           cstackCOMRAM 000001
___awmod@divisor            cstackCOMRAM 000003
___awmod@sign               cstackCOMRAM 000006
___fladd                    text27       001C74
___fladd@a                  cstackCOMRAM 000005
___fladd@aexp               cstackCOMRAM 00000E
___fladd@b                  cstackCOMRAM 000001
___fladd@bexp               cstackCOMRAM 00000F
___fladd@grs                cstackCOMRAM 000010
___fladd@signs              cstackCOMRAM 00000D
___fldiv                    text32       00255E
___fldiv@a                  cstackCOMRAM 000013
___fldiv@aexp               cstackCOMRAM 000027
___fldiv@b                  cstackCOMRAM 00000F
___fldiv@bexp               cstackCOMRAM 000026
___fldiv@grs                cstackCOMRAM 000022
___fldiv@new_exp            cstackCOMRAM 000020
___fldiv@rem                cstackCOMRAM 00001B
___fldiv@sign               cstackCOMRAM 00001F
___fleq                     text31       003950
___fleq@ff1                 cstackCOMRAM 000001
___fleq@ff2                 cstackCOMRAM 000005
___flge                     text30       003374
___flge@ff1                 cstackCOMRAM 00001A
___flge@ff2                 cstackCOMRAM 00001E
___flmul                    text29       002134
___flmul@a                  cstackCOMRAM 000005
___flmul@aexp               cstackCOMRAM 000012
___flmul@b                  cstackCOMRAM 000001
___flmul@bexp               cstackCOMRAM 000013
___flmul@grs                cstackCOMRAM 00000E
___flmul@prod               cstackCOMRAM 000014
___flmul@sign               cstackCOMRAM 00000D
___flmul@temp               cstackCOMRAM 000018
___flneg                    text28       003EAC
___flneg@f1                 cstackCOMRAM 000001
___flsub                    text26       003CF4
___flsub@a                  cstackCOMRAM 00001E
___flsub@b                  cstackCOMRAM 00001A
___fltol                    text25       00326E
___fltol@exp1               cstackCOMRAM 00000A
___fltol@f1                 cstackCOMRAM 000001
___fltol@sign1              cstackCOMRAM 000009
___fpclassifyf              text24       003478
___fpclassifyf@F465         bssBANK0     0000DE
___fpclassifyf@e            cstackCOMRAM 000009
___fpclassifyf@u            cstackCOMRAM 00000B
___fpclassifyf@x            cstackCOMRAM 000001
___heap_hi                  (abs)        000000
___heap_lo                  (abs)        000000
___inthi_sp                 stack        000000
___intlo_sp                 stack        000000
___param_bank               (abs)        000000
___rparam_used              (abs)        000001
___sp                       stack        000000
___wmul                     text38       003F52
___wmul@multiplicand        cstackCOMRAM 000003
___wmul@multiplier          cstackCOMRAM 000001
___wmul@product             cstackCOMRAM 000005
___xxtofl                   text39       002CDA
___xxtofl@arg               cstackCOMRAM 00000B
___xxtofl@exp               cstackCOMRAM 00000A
___xxtofl@sign              cstackCOMRAM 000009
___xxtofl@val               cstackCOMRAM 000001
__accesstop                 (abs)        000060
__activetblptr              (abs)        000002
__end_of_DHT22_Initialize   text40       003F88
__end_of_DHT22_Read         text9        001C74
__end_of_DISPLAY_Initialize text2        003AE4
__end_of_LCD_Command        text6        003E00
__end_of_LCD_Init           text5        002CDA
__end_of_LCD_Out            text8        00326E
__end_of_LCD_Write          text7        003B4C
__end_of_LCD_putc           text4        003E74
__end_of_LCD_puts           text3        003A78
__end_of_MCU_Initialize     text1        003E3A
__end_of___awdiv            text34       0038A0
__end_of___awmod            text33       003950
__end_of___fladd            text27       002134
__end_of___fldiv            text32       0028F8
__end_of___fleq             text31       0039FA
__end_of___flge             text30       003478
__end_of___flmul            text29       00255E
__end_of___flneg            text28       003EE4
__end_of___flsub            text26       003D3A
__end_of___fltol            text25       003374
__end_of___fpclassifyf      text24       003576
__end_of___wmul             text38       003F78
__end_of___xxtofl           text39       002E8E
__end_of__initialization    cinit        003DB6
__end_of_atoi               text35       002FE4
__end_of_efgtoa             text14       0012A4
__end_of_floorf             text23       002B0A
__end_of_fputc              text21       003716
__end_of_fputs              text20       003D7E
__end_of_isdigit            text37       003F1C
__end_of_isspace            text36       003CAE
__end_of_isupper            text16       003EAC
__end_of_main               text0        00312A
__end_of_pad                text18       0037DC
__end_of_putch              text22       003F8A
__end_of_sprintf            text10       003C5C
__end_of_strcpy             text17       003C0A
__end_of_strlen             text19       003F52
__end_of_strncmp            text13       00364C
__end_of_tolower            text15       003CF4
__end_of_vfpfcnvrt          text12       0017B4
__end_of_vfprintf           text11       003BAE
__initialization            cinit        003D7E
__mediumconst               mediumconst  000000
__pbssBANK0                 bssBANK0     0000CB
__pbssBANK1                 bssBANK1     000100
__pcinit                    cinit        003D7E
__pcstackBANK0              cstackBANK0  000060
__pcstackCOMRAM             cstackCOMRAM 000001
__pdataBANK0                dataBANK0    0000EA
__pidataBANK0               idataBANK0   003F78
__psmallconst               smallconst   000600
__ptext0                    text0        002FE4
__ptext1                    text1        003E00
__ptext10                   text10       003C0A
__ptext11                   text11       003B4C
__ptext12                   text12       0012A4
__ptext13                   text13       003576
__ptext14                   text14       000696
__ptext15                   text15       003CAE
__ptext16                   text16       003E74
__ptext17                   text17       003BAE
__ptext18                   text18       003716
__ptext19                   text19       003F1C
__ptext2                    text2        003A78
__ptext20                   text20       003D3A
__ptext21                   text21       00364C
__ptext22                   text22       003F88
__ptext23                   text23       0028F8
__ptext24                   text24       003478
__ptext25                   text25       00326E
__ptext26                   text26       003CF4
__ptext27                   text27       001C74
__ptext28                   text28       003EAC
__ptext29                   text29       002134
__ptext3                    text3        0039FA
__ptext30                   text30       003374
__ptext31                   text31       003950
__ptext32                   text32       00255E
__ptext33                   text33       0038A0
__ptext34                   text34       0037DC
__ptext35                   text35       002E8E
__ptext36                   text36       003C5C
__ptext37                   text37       003EE4
__ptext38                   text38       003F52
__ptext39                   text39       002CDA
__ptext4                    text4        003E3A
__ptext40                   text40       003F82
__ptext5                    text5        002B0A
__ptext6                    text6        003DC0
__ptext7                    text7        003AE4
__ptext8                    text8        00312A
__ptext9                    text9        0017B4
__ramtop                    ramtop       000600
__smallconst                smallconst   000600
_atoi                       text35       002E8E
_dbuf                       bssBANK1     000100
_efgtoa                     text14       000696
_efgtoa$1081                cstackBANK0  000060
_efgtoa$1089                cstackBANK0  000062
_efgtoa$1090                cstackBANK0  000064
_flags                      bssBANK0     0000E8
_floorf                     text23       0028F8
_fputc                      text21       00364C
_fputs                      text20       003D3A
_isdigit                    text37       003EE4
_isspace                    text36       003C5C
_isspace$1168               cstackCOMRAM 000007
_isupper                    text16       003E74
_main                       text0        002FE4
_miDHT_Sensor               bssBANK1     000150
_nout                       bssBANK0     0000E2
_pad                        text18       003716
_prec                       bssBANK0     0000E6
_putch                      text22       003F88
_sprintf                    text10       003C0A
_strcpy                     text17       003BAE
_strlen                     text19       003F1C
_strncmp                    text13       003576
_tolower                    text15       003CAE
_vfpfcnvrt                  text12       0012A4
_vfprintf                   text11       003B4C
_width                      bssBANK0     0000E4
atoi@n                      cstackCOMRAM 000010
atoi@neg                    cstackCOMRAM 00000E
atoi@s                      cstackCOMRAM 000008
efgtoa@c                    cstackCOMRAM 000042
efgtoa@d                    cstackBANK0  000072
efgtoa@e                    cstackBANK0  00008A
efgtoa@f                    cstackCOMRAM 00003E
efgtoa@fp                   cstackCOMRAM 00003C
efgtoa@g                    cstackBANK0  000086
efgtoa@h                    cstackBANK0  00007C
efgtoa@i                    cstackBANK0  000084
efgtoa@l                    cstackBANK0  000080
efgtoa@m                    cstackBANK0  00006C
efgtoa@mode                 cstackBANK0  00007B
efgtoa@n                    cstackBANK0  00008C
efgtoa@ne                   cstackBANK0  00006A
efgtoa@nmode                cstackBANK0  00007A
efgtoa@ou                   cstackBANK0  00006E
efgtoa@p                    cstackBANK0  000076
efgtoa@pp                   cstackBANK0  000068
efgtoa@sign                 cstackBANK0  000074
efgtoa@t                    cstackBANK0  000066
efgtoa@u                    cstackBANK0  00008E
efgtoa@w                    cstackBANK0  000078
end_of_initialization       cinit        003DB6
floorf@F526                 bssBANK0     0000DA
floorf@e                    cstackCOMRAM 000036
floorf@m                    cstackCOMRAM 000032
floorf@u                    cstackCOMRAM 000038
floorf@x                    cstackCOMRAM 000028
fputc@c                     cstackCOMRAM 000001
fputc@fp                    cstackCOMRAM 000003
fputs@c                     cstackCOMRAM 00000E
fputs@fp                    cstackCOMRAM 00000C
fputs@i                     cstackCOMRAM 00000F
fputs@s                     cstackCOMRAM 00000A
intlevel0                   text         000000
intlevel1                   text         000000
intlevel2                   text         000000
intlevel3                   text         000000
isa$std                     (abs)        000001
isa$xinst                   (abs)        000000
isdigit@c                   cstackCOMRAM 000001
isspace@c                   cstackCOMRAM 000001
isupper@c                   cstackCOMRAM 000001
pad@buf                     cstackCOMRAM 000013
pad@fp                      cstackCOMRAM 000011
pad@i                       cstackCOMRAM 000018
pad@p                       cstackCOMRAM 000015
pad@w                       cstackCOMRAM 00001A
sprintf@ap                  cstackBANK0  00009C
sprintf@f                   cstackBANK0  00009E
sprintf@fmt                 cstackBANK0  000096
sprintf@s                   cstackBANK0  000094
stackhi                     (abs)        000000
stacklo                     (abs)        000000
start                       init         000000
start_initialization        cinit        003D7E
strcpy@d                    cstackCOMRAM 000009
strcpy@dest                 cstackCOMRAM 000001
strcpy@s                    cstackCOMRAM 000007
strcpy@src                  cstackCOMRAM 000003
strlen@a                    cstackCOMRAM 000003
strlen@s                    cstackCOMRAM 000001
strncmp@_l                  cstackCOMRAM 000001
strncmp@_r                  cstackCOMRAM 000003
strncmp@l                   cstackCOMRAM 000008
strncmp@n                   cstackCOMRAM 000005
strncmp@r                   cstackCOMRAM 00000A
tolower@c                   cstackCOMRAM 000007
vfpfcnvrt@ap                cstackCOMRAM 00004C
vfpfcnvrt@c                 cstackCOMRAM 000059
vfpfcnvrt@ct                cstackCOMRAM 000056
vfpfcnvrt@f                 cstackCOMRAM 000052
vfpfcnvrt@fmt               cstackCOMRAM 00004A
vfpfcnvrt@fp                cstackCOMRAM 000048
vfprintf@ap                 cstackCOMRAM 00005E
vfprintf@cfmt               cstackBANK0  000092
vfprintf@fmt                cstackCOMRAM 00005C
vfprintf@fp                 cstackCOMRAM 00005A


MODULE INFORMATION

Module		Function		Class		Link	Load	Size
C:\Program Files\Microchip\xc8\v2.36\pic\sources\c99\common\putch.c
		_putch         		CODE           	3F88	0000	2

C:\Program Files\Microchip\xc8\v2.36\pic\sources\c99\common\putch.c estimated size: 2

C:\Program Files\Microchip\xc8\v2.36\pic\sources\c99\common\nf_fputs.c
		_fputs         		CODE           	3D3A	0000	68

C:\Program Files\Microchip\xc8\v2.36\pic\sources\c99\common\nf_fputs.c estimated size: 68

C:\Program Files\Microchip\xc8\v2.36\pic\sources\c99\common\strncmp.c
		_strncmp       		CODE           	3576	0000	214

C:\Program Files\Microchip\xc8\v2.36\pic\sources\c99\common\strncmp.c estimated size: 214

C:\Program Files\Microchip\xc8\v2.36\pic\sources\c99\common\tolower.c
		_tolower       		CODE           	3CAE	0000	70

C:\Program Files\Microchip\xc8\v2.36\pic\sources\c99\common\tolower.c estimated size: 70

C:\Program Files\Microchip\xc8\v2.36\pic\sources\c99\common\__fpclassifyf.c
		___fpclassifyf 		CODE           	3478	0000	254

C:\Program Files\Microchip\xc8\v2.36\pic\sources\c99\common\__fpclassifyf.c estimated size: 254

C:\Program Files\Microchip\xc8\v2.36\pic\sources\c99\common\sprcmul.c
		___flmul       		CODE           	2134	0000	1066

C:\Program Files\Microchip\xc8\v2.36\pic\sources\c99\common\sprcmul.c estimated size: 1066

C:\Program Files\Microchip\xc8\v2.36\pic\sources\c99\common\floorf.c
		_floorf        		CODE           	28F8	0000	530

C:\Program Files\Microchip\xc8\v2.36\pic\sources\c99\common\floorf.c estimated size: 530

C:\Program Files\Microchip\xc8\v2.36\pic\sources\c99\common\sprcdiv.c
		___fldiv       		CODE           	255E	0000	922

C:\Program Files\Microchip\xc8\v2.36\pic\sources\c99\common\sprcdiv.c estimated size: 922

C:\Program Files\Microchip\xc8\v2.36\pic\sources\c99\common\atoi.c
		_atoi          		CODE           	2E8E	0000	342

C:\Program Files\Microchip\xc8\v2.36\pic\sources\c99\common\atoi.c estimated size: 342

C:\Program Files\Microchip\xc8\v2.36\pic\sources\c99\common\fleq.c
		___fleq        		CODE           	3950	0000	170

C:\Program Files\Microchip\xc8\v2.36\pic\sources\c99\common\fleq.c estimated size: 170

C:\Program Files\Microchip\xc8\v2.36\pic\sources\c99\common\awmod.c
		___awmod       		CODE           	38A0	0000	176

C:\Program Files\Microchip\xc8\v2.36\pic\sources\c99\common\awmod.c estimated size: 176

C:\Program Files\Microchip\xc8\v2.36\pic\sources\c99\common\nf_sprintf.c
		_sprintf       		CODE           	3C0A	0000	82

C:\Program Files\Microchip\xc8\v2.36\pic\sources\c99\common\nf_sprintf.c estimated size: 82

C:\Program Files\Microchip\xc8\v2.36\pic\sources\c99\common\isspace.c
		_isspace       		CODE           	3C5C	0000	82

C:\Program Files\Microchip\xc8\v2.36\pic\sources\c99\common\isspace.c estimated size: 82

C:\Program Files\Microchip\xc8\v2.36\pic\sources\c99\common\xxtofl.c
		___xxtofl      		CODE           	2CDA	0000	436

C:\Program Files\Microchip\xc8\v2.36\pic\sources\c99\common\xxtofl.c estimated size: 436

C:\Program Files\Microchip\xc8\v2.36\pic\sources\c99\common\strlen.c
		_strlen        		CODE           	3F1C	0000	54

C:\Program Files\Microchip\xc8\v2.36\pic\sources\c99\common\strlen.c estimated size: 54

C:\Program Files\Microchip\xc8\v2.36\pic\sources\c99\common\strcpy.c
		_strcpy        		CODE           	3BAE	0000	92

C:\Program Files\Microchip\xc8\v2.36\pic\sources\c99\common\strcpy.c estimated size: 92

LiquidCrystalDisplay.c
		_LCD_Init      		CODE           	2B0A	0000	464
		_LCD_Out       		CODE           	312A	0000	324
		_LCD_Command   		CODE           	3DC0	0000	64
		_LCD_putc      		CODE           	3E3A	0000	58
		_LCD_puts      		CODE           	39FA	0000	126
		_LCD_Write     		CODE           	3AE4	0000	104

LiquidCrystalDisplay.c estimated size: 1140

C:\Program Files\Microchip\xc8\v2.36\pic\sources\c99\common\nf_fputc.c
		_fputc         		CODE           	364C	0000	202

C:\Program Files\Microchip\xc8\v2.36\pic\sources\c99\common\nf_fputc.c estimated size: 202

C:\Program Files\Microchip\xc8\v2.36\pic\sources\c99\common\isdigit.c
		_isdigit       		CODE           	3EE4	0000	56

C:\Program Files\Microchip\xc8\v2.36\pic\sources\c99\common\isdigit.c estimated size: 56

C:\Program Files\Microchip\xc8\v2.36\pic\sources\c99\common\sprcadd.c
		___flsub       		CODE           	3CF4	0000	70
		___fladd       		CODE           	1C74	0000	1216

C:\Program Files\Microchip\xc8\v2.36\pic\sources\c99\common\sprcadd.c estimated size: 1286

C:\Program Files\Microchip\xc8\v2.36\pic\sources\c99\common\awdiv.c
		___awdiv       		CODE           	37DC	0000	196

C:\Program Files\Microchip\xc8\v2.36\pic\sources\c99\common\awdiv.c estimated size: 196

C:\Program Files\Microchip\xc8\v2.36\pic\sources\c99\common\doprnt.c
		_vfpfcnvrt     		CODE           	12A4	0000	1296
		_efgtoa        		CODE           	0696	0000	3086
		_pad           		CODE           	3716	0000	198
		_vfprintf      		CODE           	3B4C	0000	98

C:\Program Files\Microchip\xc8\v2.36\pic\sources\c99\common\doprnt.c estimated size: 4678

C:\Program Files\Microchip\xc8\v2.36\pic\sources\c99\common\fltol.c
		___fltol       		CODE           	326E	0000	262

C:\Program Files\Microchip\xc8\v2.36\pic\sources\c99\common\fltol.c estimated size: 262

shared
		__initialization		CODE           	3D7E	0000	56

shared estimated size: 56

C:\Program Files\Microchip\xc8\v2.36\pic\sources\c99\common\flge.c
		___flge        		CODE           	3374	0000	260

C:\Program Files\Microchip\xc8\v2.36\pic\sources\c99\common\flge.c estimated size: 260

main.c
		_MCU_Initialize		CODE           	3E00	0000	58
		_DISPLAY_Initialize		CODE           	3A78	0000	108
		_main          		CODE           	2FE4	0000	326

main.c estimated size: 492

dht22.c
		_DHT22_Initialize		CODE           	3F82	0000	6
		_DHT22_Read    		CODE           	17B4	0000	1216

dht22.c estimated size: 1222

C:\Program Files\Microchip\xc8\v2.36\pic\sources\c99\common\Umul16.c
		___wmul        		CODE           	3F52	0000	38

C:\Program Files\Microchip\xc8\v2.36\pic\sources\c99\common\Umul16.c estimated size: 38

C:\Program Files\Microchip\xc8\v2.36\pic\sources\c99\common\flneg.c
		___flneg       		CODE           	3EAC	0000	56

C:\Program Files\Microchip\xc8\v2.36\pic\sources\c99\common\flneg.c estimated size: 56

C:\Program Files\Microchip\xc8\v2.36\pic\sources\c99\common\isupper.c
		_isupper       		CODE           	3E74	0000	56

C:\Program Files\Microchip\xc8\v2.36\pic\sources\c99\common\isupper.c estimated size: 56

