Microchip MPLAB XC8 Compiler V2.36

Linker command line:

-W-3 --edf=C:\Program Files\Microchip\xc8\v2.36\pic\dat\en_msgs.txt -cn \
  -h+dist/default/production\XC8-18F25K22_LCD16x2_CustomSymbol.X.production.sym \
  --cmf=dist/default/production\XC8-18F25K22_LCD16x2_CustomSymbol.X.production.cmf \
  -z -Q18F25K22 -oC:\Users\mrchu\AppData\Local\Temp\xcAs7r4.4 \
  --defsym=__MPLAB_BUILD=1 \
  -Mdist/default/production/XC8-18F25K22_LCD16x2_CustomSymbol.X.production.map \
  --md=C:\Users\mrchu\AppData\Local\Temp\xcAs7r4.dat -E1 -ver=XC8 Compiler \
  --acfsm=1493 -ACODE=00h-07FFFh -ACONST=00h-07FFFh \
  -ASMALLCONST=0600h-06FFhx122 -AMEDIUMCONST=0600h-07FFFh -ACOMRAM=01h-05Fh \
  -AABS1=00h-05FFh -ABIGRAM=01h-05FFh -ARAM=060h-0FFh,0100h-01FFhx5 \
  -ABANK0=060h-0FFh -ABANK1=0100h-01FFh -ABANK2=0200h-02FFh \
  -ABANK3=0300h-03FFh -ABANK4=0400h-04FFh -ABANK5=0500h-05FFh \
  -ASFR=0F38h-0F5Fh,0F60h-0FFFh -ABIGSFR=0F38h-0FFFh \
  -ACONFIG=0300000h-030000Dh -AIDLOC=0200000h-0200007h \
  -AEEDATA=0F00000h-0F000FFh -peeprom_data=EEDATA \
  -preset_vec=00h,intcode,intcodelo,powerup,init -pramtop=0600h \
  -psmallconst=SMALLCONST -pmediumconst=MEDIUMCONST -pconst=CONST \
  -AFARRAM=00h-00h \
  -prdata=COMRAM,nvrram=COMRAM,nvbit=COMRAM,rbss=COMRAM,rbit=COMRAM \
  -pfarbss=FARRAM,fardata=FARRAM,nvFARRAM=FARRAM \
  -pintsave_regs=BIGRAM,bigbss=BIGRAM,bigdata=BIGRAM -pbss=RAM \
  -pidata=CODE,irdata=CODE,ibigdata=CODE,ifardata=CODE -prparam=COMRAM \
  C:\Users\mrchu\AppData\Local\Temp\xcAs7r4.o \
  dist/default/production\XC8-18F25K22_LCD16x2_CustomSymbol.X.production.o 

Object code version is 3.11

Machine type is 18F25K22



                Name                               Link     Load   Length Selector   Space Scale
C:\Users\mrchu\AppData\Local\Temp\xcAs7r4.o
                idloc                            200000   200000        8        0       5
                config                           300000   300000        E        0       4
                init                                  0        0        4        0       0
dist/default/production\XC8-18F25K22_LCD16x2_CustomSymbol.X.production.o
                idloc                            200000   200000        8        0       5
                config                           300000   300000        E        0       4
                smallconst                          600      600       20      300       0
                text8                               7EE      7EE      144      310       0
                text7                               9DC      9DC       68      310       0
                text6                               AEA      AEA       40      310       0
                text5                               620      620      1CE      310       0
                text4                               B64      B64       3A      310       0
                text3                               A9A      A9A       50      310       0
                text2                               A44      A44       56      310       0
                text1                               B9E      B9E       14      310       0
                text0                               932      932       AA      310       0
                cstackCOMRAM                          1        1       2A        1       1
                dataCOMRAM                           35       35        A        1       1
                bssCOMRAM                            2B       2B        A        1       1
                cinit                               B2A      B2A       3A      310       0
                idataCOMRAM                         BB2      BB2        A      310       0

TOTAL           Name                               Link     Load   Length     Space
        CLASS   CODE           
                init                                  0        0        4         0
                text8                               7EE      7EE      144         0
                text7                               9DC      9DC       68         0
                text6                               AEA      AEA       40         0
                text5                               620      620      1CE         0
                text4                               B64      B64       3A         0
                text3                               A9A      A9A       50         0
                text2                               A44      A44       56         0
                text1                               B9E      B9E       14         0
                text0                               932      932       AA         0
                cinit                               B2A      B2A       3A         0
                idataCOMRAM                         BB2      BB2        A         0

        CLASS   CONST          

        CLASS   SMALLCONST     
                smallconst                          600      600       20         0

        CLASS   MEDIUMCONST    

        CLASS   COMRAM         
                cstackCOMRAM                          1        1       2A         1
                dataCOMRAM                           35       35        A         1
                bssCOMRAM                            2B       2B        A         1

        CLASS   ABS1           

        CLASS   BIGRAM         

        CLASS   RAM            

        CLASS   BANK0          

        CLASS   BANK1          

        CLASS   BANK2          

        CLASS   BANK3          

        CLASS   BANK4          

        CLASS   BANK5          

        CLASS   SFR            

        CLASS   BIGSFR         

        CLASS   CONFIG         
                config                           300000   300000        E         4

        CLASS   IDLOC          
                idloc                            200000   200000        8         5

        CLASS   EEDATA         

        CLASS   FARRAM         

        CLASS   HEAP           

        CLASS   STACK          



SEGMENTS        Name                           Load    Length   Top    Selector   Space  Class

                reset_vec                      000000  000004  000004         0       0  CODE    
                cstackCOMRAM                   000001  00003E  00003F         1       1  COMRAM  
                smallconst                     000600  000020  000620       300       0  SMALLCON
                text5                          000620  00059C  000BBC       310       0  CODE    


UNUSED ADDRESS RANGES

        Name                Unused          Largest block    Delta
        BANK0            000060-0000FF               A0
        BANK1            000100-0001FF              100
        BANK2            000200-0002FF              100
        BANK3            000300-0003FF              100
        BANK4            000400-0004FF              100
        BANK5            000500-0005FF              100
        BIGRAM           00003F-0005FF              5C1
        BIGSFR           000F38-000FFF               C8
        CODE             000004-0005FF              5FC
                         000BBC-007FFF             7444
        COMRAM           00003F-00005F               21
        CONST            000004-0005FF              5FC
                         000BBC-007FFF             7444
        EEDATA           F00000-F000FF              100
        MEDIUMCONST      000BBC-007FFF             7444
        RAM              000060-0005FF              100
        SFR              000F38-000FFF               28
        SMALLCONST       000BBC-007FFF              100

                                  Symbol Table

LCD_Command@cmd          cstackCOMRAM 000012
LCD_Init@cmd             cstackCOMRAM 00002A
LCD_Init@display         cstackCOMRAM 000013
LCD_Out@c                cstackCOMRAM 00000A
LCD_Write@data           cstackCOMRAM 00000E
LCD_createChar@charmap   cstackCOMRAM 000013
LCD_createChar@i         cstackCOMRAM 000018
LCD_createChar@location  cstackCOMRAM 000017
LCD_putc@c               cstackCOMRAM 000011
LCD_puts@a               cstackCOMRAM 000012
LCD_puts@i               cstackCOMRAM 000016
_ANSELA                  (abs)        000F38
_ANSELB                  (abs)        000F39
_ANSELC                  (abs)        000F3A
_LCD                     dataCOMRAM   000035
_LCD_Command             text6        000AEA
_LCD_Init                text5        000620
_LCD_Out                 text8        0007EE
_LCD_Write               text7        0009DC
_LCD_createChar          text3        000A9A
_LCD_putc                text4        000B64
_LCD_puts                text2        000A44
_LCDisplay               bssCOMRAM    00002B
_MCU_Init                text1        000B9E
_OSCCONbits              (abs)        000FD3
_PORTA                   (abs)        000F80
_PORTB                   (abs)        000F81
_PORTC                   (abs)        000F82
_TRISA                   (abs)        000F92
_TRISB                   (abs)        000F93
_TRISC                   (abs)        000F94
__HRAM                   (abs)        000000
__Habs1                  abs1         000000
__Hbank0                 bank0        000000
__Hbank1                 bank1        000000
__Hbank2                 bank2        000000
__Hbank3                 bank3        000000
__Hbank4                 bank4        000000
__Hbank5                 bank5        000000
__Hbigbss                bigbss       000000
__Hbigdata               bigdata      000000
__Hbigram                bigram       000000
__Hbigsfr                bigsfr       000000
__Hbss                   bss          000000
__HbssCOMRAM             bssCOMRAM    000000
__Hcinit                 cinit        000000
__Hclrtext               clrtext      000000
__Hcomram                comram       000000
__Hconfig                config       30000E
__Hconst                 const        000000
__HcstackCOMRAM          cstackCOMRAM 000000
__Hdata                  data         000000
__HdataCOMRAM            dataCOMRAM   000000
__Heeprom_data           eeprom_data  000000
__Hfarbss                farbss       000000
__Hfardata               fardata      000000
__Hheap                  heap         000000
__Hibigdata              ibigdata     000000
__Hidata                 idata        000000
__HidataCOMRAM           idataCOMRAM  000000
__Hidloc                 idloc        200008
__Hifardata              ifardata     000000
__Hinit                  init         000004
__Hintcode               intcode      000000
__Hintcode_body          intcode_body 000000
__Hintcodelo             intcodelo    000000
__Hintentry              intentry     000000
__Hintret                intret       000000
__Hintsave_regs          intsave_regs 000000
__Hirdata                irdata       000000
__Hmediumconst           mediumconst  000000
__HnvFARRAM              nvFARRAM     000000
__Hnvbit                 nvbit        000000
__Hnvrram                nvrram       000000
__Hparam                 rparam       000000
__Hpowerup               powerup      000000
__Hram                   ram          000000
__Hramtop                ramtop       000600
__Hrbit                  rbit         000000
__Hrbss                  rbss         000000
__Hrdata                 rdata        000000
__Hreset_vec             reset_vec    000000
__Hrparam                rparam       000000
__Hsfr                   sfr          000000
__Hsmallconst            smallconst   000620
__Hspace_0               (abs)        000BBC
__Hspace_1               (abs)        00003F
__Hspace_2               (abs)        000000
__Hspace_4               (abs)        60000E
__Hstack                 stack        000000
__Hstruct                struct       000000
__Htemp                  temp         000000
__Htext                  text         000000
__Htext0                 text0        000000
__Htext1                 text1        000000
__Htext2                 text2        000000
__Htext3                 text3        000000
__Htext4                 text4        000000
__Htext5                 text5        000000
__Htext6                 text6        000000
__Htext7                 text7        000000
__Htext8                 text8        000000
__LRAM                   (abs)        000001
__Labs1                  abs1         000000
__Lbank0                 bank0        000000
__Lbank1                 bank1        000000
__Lbank2                 bank2        000000
__Lbank3                 bank3        000000
__Lbank4                 bank4        000000
__Lbank5                 bank5        000000
__Lbigbss                bigbss       000000
__Lbigdata               bigdata      000000
__Lbigram                bigram       000000
__Lbigsfr                bigsfr       000000
__Lbss                   bss          000000
__LbssCOMRAM             bssCOMRAM    000000
__Lcinit                 cinit        000000
__Lclrtext               clrtext      000000
__Lcomram                comram       000000
__Lconfig                config       000000
__Lconst                 const        000000
__LcstackCOMRAM          cstackCOMRAM 000000
__Ldata                  data         000000
__LdataCOMRAM            dataCOMRAM   000000
__Leeprom_data           eeprom_data  000000
__Lfarbss                farbss       000000
__Lfardata               fardata      000000
__Lheap                  heap         000000
__Libigdata              ibigdata     000000
__Lidata                 idata        000000
__LidataCOMRAM           idataCOMRAM  000000
__Lidloc                 idloc        000000
__Lifardata              ifardata     000000
__Linit                  init         000000
__Lintcode               intcode      000000
__Lintcode_body          intcode_body 000000
__Lintcodelo             intcodelo    000000
__Lintentry              intentry     000000
__Lintret                intret       000000
__Lintsave_regs          intsave_regs 000000
__Lirdata                irdata       000000
__Lmediumconst           mediumconst  000000
__LnvFARRAM              nvFARRAM     000000
__Lnvbit                 nvbit        000000
__Lnvrram                nvrram       000000
__Lparam                 rparam       000000
__Lpowerup               powerup      000000
__Lram                   ram          000000
__Lramtop                ramtop       000600
__Lrbit                  rbit         000000
__Lrbss                  rbss         000000
__Lrdata                 rdata        000000
__Lreset_vec             reset_vec    000000
__Lrparam                rparam       000000
__Lsfr                   sfr          000000
__Lsmallconst            smallconst   000600
__Lspace_0               (abs)        000000
__Lspace_1               (abs)        000000
__Lspace_2               (abs)        000000
__Lspace_4               (abs)        000000
__Lstack                 stack        000000
__Lstruct                struct       000000
__Ltemp                  temp         000000
__Ltext                  text         000000
__Ltext0                 text0        000000
__Ltext1                 text1        000000
__Ltext2                 text2        000000
__Ltext3                 text3        000000
__Ltext4                 text4        000000
__Ltext5                 text5        000000
__Ltext6                 text6        000000
__Ltext7                 text7        000000
__Ltext8                 text8        000000
__S0                     (abs)        000BBC
__S1                     (abs)        00003F
__S4                     (abs)        000000
__S5                     (abs)        000000
___heap_hi               (abs)        000000
___heap_lo               (abs)        000000
___inthi_sp              stack        000000
___intlo_sp              stack        000000
___param_bank            (abs)        000000
___rparam_used           (abs)        000001
___sp                    stack        000000
__accesstop              (abs)        000060
__activetblptr           (abs)        000001
__end_of_LCD_Command     text6        000B2A
__end_of_LCD_Init        text5        0007EE
__end_of_LCD_Out         text8        000932
__end_of_LCD_Write       text7        000A44
__end_of_LCD_createChar  text3        000AEA
__end_of_LCD_putc        text4        000B9E
__end_of_LCD_puts        text2        000A9A
__end_of_MCU_Init        text1        000BB2
__end_of__initialization cinit        000B56
__end_of_heart_char      smallconst   000611
__end_of_main            text0        0009DC
__end_of_umbrella_char   smallconst   000609
__initialization         cinit        000B2A
__mediumconst            mediumconst  000000
__pbssCOMRAM             bssCOMRAM    00002B
__pcinit                 cinit        000B2A
__pcstackCOMRAM          cstackCOMRAM 000001
__pdataCOMRAM            dataCOMRAM   000035
__pidataCOMRAM           idataCOMRAM  000BB2
__psmallconst            smallconst   000600
__ptext0                 text0        000932
__ptext1                 text1        000B9E
__ptext2                 text2        000A44
__ptext3                 text3        000A9A
__ptext4                 text4        000B64
__ptext5                 text5        000620
__ptext6                 text6        000AEA
__ptext7                 text7        0009DC
__ptext8                 text8        0007EE
__ramtop                 ramtop       000600
__smallconst             smallconst   000600
_heart_char              smallconst   000609
_main                    text0        000932
_umbrella_char           smallconst   000601
end_of_initialization    cinit        000B56
intlevel0                text         000000
intlevel1                text         000000
intlevel2                text         000000
intlevel3                text         000000
isa$std                  (abs)        000001
isa$xinst                (abs)        000000
stackhi                  (abs)        000000
stacklo                  (abs)        000000
start                    init         000000
start_initialization     cinit        000B2A


MODULE INFORMATION

Module		Function		Class		Link	Load	Size
LiquidCrystalDisplay.c
		_LCD_Init      		CODE           	0620	0000	462
		_LCD_Out       		CODE           	07EE	0000	324
		_LCD_Command   		CODE           	0AEA	0000	64
		_LCD_createChar		CODE           	0A9A	0000	80
		_LCD_putc      		CODE           	0B64	0000	58
		_LCD_puts      		CODE           	0A44	0000	86
		_LCD_Write     		CODE           	09DC	0000	104

LiquidCrystalDisplay.c estimated size: 1178

shared
		_heart_char    		SMALLCONST     	0609	0000	8
		__initialization		CODE           	0B2A	0000	44
		_umbrella_char 		SMALLCONST     	0601	0000	8

shared estimated size: 60

main.c
		_main          		CODE           	0932	0000	170
		_MCU_Init      		CODE           	0B9E	0000	20

main.c estimated size: 190

