Microchip MPLAB XC8 Compiler V2.36

Linker command line:

-W-3 --edf=C:\Program Files\Microchip\xc8\v2.36\pic\dat\en_msgs.txt -cn \
  -h+dist/default/production\XC8-18F25K22_Ctrl4Big7SegDisplayAC_Driver74HC595.X.production.sym \
  --cmf=dist/default/production\XC8-18F25K22_Ctrl4Big7SegDisplayAC_Driver74HC595.X.production.cmf \
  -z -Q18F25K22 -oC:\Users\mrchu\AppData\Local\Temp\xcAsars.4 \
  --defsym=__MPLAB_BUILD=1 \
  -Mdist/default/production/XC8-18F25K22_Ctrl4Big7SegDisplayAC_Driver74HC595.X.production.map \
  --md=C:\Users\mrchu\AppData\Local\Temp\xcAsars.dat -E1 -ver=XC8 Compiler \
  --acfsm=1493 -ACODE=00h-07FFFh -ACONST=00h-07FFFh \
  -ASMALLCONST=0600h-06FFhx122 -AMEDIUMCONST=0600h-07FFFh -ACOMRAM=01h-05Fh \
  -AABS1=00h-05FFh -ABIGRAM=01h-05FFh -ARAM=060h-0FFh,0100h-01FFhx5 \
  -ABANK0=060h-0FFh -ABANK1=0100h-01FFh -ABANK2=0200h-02FFh \
  -ABANK3=0300h-03FFh -ABANK4=0400h-04FFh -ABANK5=0500h-05FFh \
  -ASFR=0F38h-0F5Fh,0F60h-0FFFh -ABIGSFR=0F38h-0FFFh \
  -ACONFIG=0300000h-030000Dh -AIDLOC=0200000h-0200007h \
  -AEEDATA=0F00000h-0F000FFh -peeprom_data=EEDATA \
  -preset_vec=00h,intcode,intcodelo,powerup,init -pramtop=0600h \
  -psmallconst=SMALLCONST -pmediumconst=MEDIUMCONST -pconst=CONST \
  -AFARRAM=00h-00h \
  -prdata=COMRAM,nvrram=COMRAM,nvbit=COMRAM,rbss=COMRAM,rbit=COMRAM \
  -pfarbss=FARRAM,fardata=FARRAM,nvFARRAM=FARRAM \
  -pintsave_regs=BIGRAM,bigbss=BIGRAM,bigdata=BIGRAM -pbss=RAM \
  -pidata=CODE,irdata=CODE,ibigdata=CODE,ifardata=CODE -prparam=COMRAM \
  C:\Users\mrchu\AppData\Local\Temp\xcAsars.o \
  dist/default/production\XC8-18F25K22_Ctrl4Big7SegDisplayAC_Driver74HC595.X.production.o 

Object code version is 3.11

Machine type is 18F25K22



                Name                               Link     Load   Length Selector   Space Scale
C:\Users\mrchu\AppData\Local\Temp\xcAsars.o
                idloc                            200000   200000        8        0       5
                config                           300000   300000        E        0       4
                init                                  0        0        4        0       0
dist/default/production\XC8-18F25K22_Ctrl4Big7SegDisplayAC_Driver74HC595.X.production.o
                idloc                            200000   200000        8        0       5
                config                           300000   300000        E        0       4
                text12                             7B40     7B40       58     3DA0       0
                text11                             7AD4     7AD4       36     3D6A       0
                text10                             7C70     7C70       8A     3E38       0
                text9                              7A62     7A62       20     3D31       0
                text8                              7A3E     7A3E        6     3D1F       0
                text7                              7A44     7A44        A     3D22       0
                text6                              7DB2     7DB2       C8     3ED9       0
                text5                              7A4E     7A4E       14     3D27       0
                text4                              7BFC     7BFC       74     3DFE       0
                text3                              7B98     7B98       64     3DCC       0
                text2                              7E7A     7E7A      186     3F3D       0
                text1                              7CFA     7CFA       B8     3E7D       0
                text0                              7AA4     7AA4       30     3D52       0
                cstackCOMRAM                         22       22       18        1       1
                dataCOMRAM                            1        1       21        1       1
                bssCOMRAM                            3A       3A        7        1       1
                cinit                              7B0A     7B0A       36     3D85       0
                idataCOMRAM                        7A83     7A83       21     7A83       0

TOTAL           Name                               Link     Load   Length     Space
        CLASS   CODE           
                init                                  0        0        4         0
                text12                             7B40     7B40       58         0
                text11                             7AD4     7AD4       36         0
                text10                             7C70     7C70       8A         0
                text9                              7A62     7A62       20         0
                text8                              7A3E     7A3E        6         0
                text7                              7A44     7A44        A         0
                text6                              7DB2     7DB2       C8         0
                text5                              7A4E     7A4E       14         0
                text4                              7BFC     7BFC       74         0
                text3                              7B98     7B98       64         0
                text2                              7E7A     7E7A      186         0
                text1                              7CFA     7CFA       B8         0
                text0                              7AA4     7AA4       30         0
                cinit                              7B0A     7B0A       36         0
                idataCOMRAM                        7A83     7A83       21         0

        CLASS   CONST          

        CLASS   SMALLCONST     

        CLASS   MEDIUMCONST    

        CLASS   COMRAM         
                cstackCOMRAM                         22       22       18         1
                dataCOMRAM                            1        1       21         1
                bssCOMRAM                            3A       3A        7         1

        CLASS   ABS1           

        CLASS   BIGRAM         

        CLASS   RAM            

        CLASS   BANK0          

        CLASS   BANK1          

        CLASS   BANK2          

        CLASS   BANK3          

        CLASS   BANK4          

        CLASS   BANK5          

        CLASS   SFR            

        CLASS   BIGSFR         

        CLASS   CONFIG         
                config                           300000   300000        E         4

        CLASS   IDLOC          
                idloc                            200000   200000        8         5

        CLASS   EEDATA         

        CLASS   FARRAM         

        CLASS   HEAP           

        CLASS   STACK          



SEGMENTS        Name                           Load    Length   Top    Selector   Space  Class

                reset_vec                      000000  000004  000004         0       0  CODE    
                dataCOMRAM                     000001  000040  000041         1       1  COMRAM  
                text8                          007A3E  000006  007A44      3D1F       0  CODE    
                text7                          007A44  00000A  007A4E      3D22       0  CODE    
                text5                          007A4E  000014  007A62      3D27       0  CODE    
                text9                          007A62  000020  007A82      3D31       0  CODE    
                idataCOMRAM                    007A83  000021  007AA4      7A83       0  CODE    
                text0                          007AA4  000030  007AD4      3D52       0  CODE    
                text11                         007AD4  000036  007B0A      3D6A       0  CODE    
                cinit                          007B0A  000036  007B40      3D85       0  CODE    
                text12                         007B40  000058  007B98      3DA0       0  CODE    
                text3                          007B98  000064  007BFC      3DCC       0  CODE    
                text4                          007BFC  000074  007C70      3DFE       0  CODE    
                text10                         007C70  00008A  007CFA      3E38       0  CODE    
                text1                          007CFA  0000B8  007DB2      3E7D       0  CODE    
                text6                          007DB2  0000C8  007E7A      3ED9       0  CODE    
                text2                          007E7A  000186  008000      3F3D       0  CODE    


UNUSED ADDRESS RANGES

        Name                Unused          Largest block    Delta
        BANK0            000060-0000FF               A0
        BANK1            000100-0001FF              100
        BANK2            000200-0002FF              100
        BANK3            000300-0003FF              100
        BANK4            000400-0004FF              100
        BANK5            000500-0005FF              100
        BIGRAM           000041-0005FF              5BF
        BIGSFR           000F38-000FFF               C8
        CODE             000004-007A3D             7A3A
                         007A82-007A82                1
        COMRAM           000041-00005F               1F
        CONST            000004-007A3D             7A3A
                         007A82-007A82                1
        EEDATA           F00000-F000FF              100
        MEDIUMCONST      000600-007A3D             743E
                         007A82-007A82                1
        RAM              000060-0005FF              100
        SFR              000F38-000FFF               28
        SMALLCONST       000600-007A3D              100
                         007A82-007A82                1

                                  Symbol Table

?___lwdiv                        cstackCOMRAM 000027
?___lwmod                        cstackCOMRAM 000022
DISPLAY_Set@D1                   cstackCOMRAM 00002D
DISPLAY_Set@D2                   cstackCOMRAM 000028
DISPLAY_Set@D3                   cstackCOMRAM 000029
DISPLAY_Set@D4                   cstackCOMRAM 00002A
DISPLAY_Update@i                 cstackCOMRAM 000027
DISPLAY_Write@digit1             cstackCOMRAM 000030
DISPLAY_Write@digit2             cstackCOMRAM 000031
DISPLAY_Write@digit3             cstackCOMRAM 000032
DISPLAY_Write@digit4             cstackCOMRAM 000033
DISPLAY_Write@num                cstackCOMRAM 00002E
DRIVER_74HC595_ShiftOut@data     cstackCOMRAM 000025
DRIVER_74HC595_ShiftOut@i        cstackCOMRAM 000026
SPONSOR_Welcome@x                cstackCOMRAM 00002A
SYSTEM_Process@i                 cstackCOMRAM 000036
_ANSELA                          (abs)        000F38
_ANSELB                          (abs)        000F39
_ANSELC                          (abs)        000F3A
_DISPLAY_Reset                   text5        007A4E
_DISPLAY_Set                     text6        007DB2
_DISPLAY_Update                  text11       007AD4
_DISPLAY_Write                   text2        007E7A
_DRIVER_74HC595_ShiftOut         text12       007B40
_LATBbits                        (abs)        000F8A
_MCU_Initialize                  text9        007A62
_NUMBERS_OF_DISPLAYS             dataCOMRAM   000021
_OSCCONbits                      (abs)        000FD3
_OSCILLATOR_Initialize           text8        007A3E
_PORTB                           (abs)        000F81
_PORTC                           (abs)        000F82
_SPONSOR_Welcome                 text10       007C70
_SYSTEM_Initialize               text7        007A44
_SYSTEM_Process                  text1        007CFA
_TRISB                           (abs)        000F93
_TRISC                           (abs)        000F94
__HRAM                           (abs)        000000
__Habs1                          abs1         000000
__Hbank0                         bank0        000000
__Hbank1                         bank1        000000
__Hbank2                         bank2        000000
__Hbank3                         bank3        000000
__Hbank4                         bank4        000000
__Hbank5                         bank5        000000
__Hbigbss                        bigbss       000000
__Hbigdata                       bigdata      000000
__Hbigram                        bigram       000000
__Hbigsfr                        bigsfr       000000
__Hbss                           bss          000000
__HbssCOMRAM                     bssCOMRAM    000000
__Hcinit                         cinit        000000
__Hclrtext                       clrtext      000000
__Hcomram                        comram       000000
__Hconfig                        config       30000E
__Hconst                         const        000000
__HcstackCOMRAM                  cstackCOMRAM 000000
__Hdata                          data         000000
__HdataCOMRAM                    dataCOMRAM   000000
__Heeprom_data                   eeprom_data  000000
__Hfarbss                        farbss       000000
__Hfardata                       fardata      000000
__Hheap                          heap         000000
__Hibigdata                      ibigdata     000000
__Hidata                         idata        000000
__HidataCOMRAM                   idataCOMRAM  000000
__Hidloc                         idloc        200008
__Hifardata                      ifardata     000000
__Hinit                          init         000004
__Hintcode                       intcode      000000
__Hintcode_body                  intcode_body 000000
__Hintcodelo                     intcodelo    000000
__Hintentry                      intentry     000000
__Hintret                        intret       000000
__Hintsave_regs                  intsave_regs 000000
__Hirdata                        irdata       000000
__Hmediumconst                   mediumconst  000000
__HnvFARRAM                      nvFARRAM     000000
__Hnvbit                         nvbit        000000
__Hnvrram                        nvrram       000000
__Hparam                         rparam       000000
__Hpowerup                       powerup      000000
__Hram                           ram          000000
__Hramtop                        ramtop       000600
__Hrbit                          rbit         000000
__Hrbss                          rbss         000000
__Hrdata                         rdata        000000
__Hreset_vec                     reset_vec    000000
__Hrparam                        rparam       000000
__Hsfr                           sfr          000000
__Hsmallconst                    smallconst   000000
__Hspace_0                       (abs)        008000
__Hspace_1                       (abs)        000041
__Hspace_2                       (abs)        000000
__Hspace_4                       (abs)        60000E
__Hstack                         stack        000000
__Hstruct                        struct       000000
__Htemp                          temp         000000
__Htext                          text         000000
__Htext0                         text0        000000
__Htext1                         text1        000000
__Htext10                        text10       000000
__Htext11                        text11       000000
__Htext12                        text12       000000
__Htext2                         text2        000000
__Htext3                         text3        000000
__Htext4                         text4        000000
__Htext5                         text5        000000
__Htext6                         text6        000000
__Htext7                         text7        000000
__Htext8                         text8        000000
__Htext9                         text9        000000
__LRAM                           (abs)        000001
__Labs1                          abs1         000000
__Lbank0                         bank0        000000
__Lbank1                         bank1        000000
__Lbank2                         bank2        000000
__Lbank3                         bank3        000000
__Lbank4                         bank4        000000
__Lbank5                         bank5        000000
__Lbigbss                        bigbss       000000
__Lbigdata                       bigdata      000000
__Lbigram                        bigram       000000
__Lbigsfr                        bigsfr       000000
__Lbss                           bss          000000
__LbssCOMRAM                     bssCOMRAM    000000
__Lcinit                         cinit        000000
__Lclrtext                       clrtext      000000
__Lcomram                        comram       000000
__Lconfig                        config       000000
__Lconst                         const        000000
__LcstackCOMRAM                  cstackCOMRAM 000000
__Ldata                          data         000000
__LdataCOMRAM                    dataCOMRAM   000000
__Leeprom_data                   eeprom_data  000000
__Lfarbss                        farbss       000000
__Lfardata                       fardata      000000
__Lheap                          heap         000000
__Libigdata                      ibigdata     000000
__Lidata                         idata        000000
__LidataCOMRAM                   idataCOMRAM  000000
__Lidloc                         idloc        000000
__Lifardata                      ifardata     000000
__Linit                          init         000000
__Lintcode                       intcode      000000
__Lintcode_body                  intcode_body 000000
__Lintcodelo                     intcodelo    000000
__Lintentry                      intentry     000000
__Lintret                        intret       000000
__Lintsave_regs                  intsave_regs 000000
__Lirdata                        irdata       000000
__Lmediumconst                   mediumconst  000000
__LnvFARRAM                      nvFARRAM     000000
__Lnvbit                         nvbit        000000
__Lnvrram                        nvrram       000000
__Lparam                         rparam       000000
__Lpowerup                       powerup      000000
__Lram                           ram          000000
__Lramtop                        ramtop       000600
__Lrbit                          rbit         000000
__Lrbss                          rbss         000000
__Lrdata                         rdata        000000
__Lreset_vec                     reset_vec    000000
__Lrparam                        rparam       000000
__Lsfr                           sfr          000000
__Lsmallconst                    smallconst   000000
__Lspace_0                       (abs)        000000
__Lspace_1                       (abs)        000000
__Lspace_2                       (abs)        000000
__Lspace_4                       (abs)        000000
__Lstack                         stack        000000
__Lstruct                        struct       000000
__Ltemp                          temp         000000
__Ltext                          text         000000
__Ltext0                         text0        000000
__Ltext1                         text1        000000
__Ltext10                        text10       000000
__Ltext11                        text11       000000
__Ltext12                        text12       000000
__Ltext2                         text2        000000
__Ltext3                         text3        000000
__Ltext4                         text4        000000
__Ltext5                         text5        000000
__Ltext6                         text6        000000
__Ltext7                         text7        000000
__Ltext8                         text8        000000
__Ltext9                         text9        000000
__S0                             (abs)        008000
__S1                             (abs)        000041
__S4                             (abs)        000000
__S5                             (abs)        000000
___heap_hi                       (abs)        000000
___heap_lo                       (abs)        000000
___inthi_sp                      stack        000000
___intlo_sp                      stack        000000
___lwdiv                         text4        007BFC
___lwdiv@counter                 cstackCOMRAM 00002D
___lwdiv@dividend                cstackCOMRAM 000027
___lwdiv@divisor                 cstackCOMRAM 000029
___lwdiv@quotient                cstackCOMRAM 00002B
___lwmod                         text3        007B98
___lwmod@counter                 cstackCOMRAM 000026
___lwmod@dividend                cstackCOMRAM 000022
___lwmod@divisor                 cstackCOMRAM 000024
___param_bank                    (abs)        000000
___rparam_used                   (abs)        000001
___sp                            stack        000000
__accesstop                      (abs)        000060
__activetblptr                   (abs)        000002
__end_of_DISPLAY_Reset           text5        007A62
__end_of_DISPLAY_Set             text6        007E7A
__end_of_DISPLAY_Update          text11       007B0A
__end_of_DISPLAY_Write           text2        008000
__end_of_DRIVER_74HC595_ShiftOut text12       007B98
__end_of_MCU_Initialize          text9        007A82
__end_of_OSCILLATOR_Initialize   text8        007A44
__end_of_SPONSOR_Welcome         text10       007CFA
__end_of_SYSTEM_Initialize       text7        007A4E
__end_of_SYSTEM_Process          text1        007DB2
__end_of___lwdiv                 text4        007C70
__end_of___lwmod                 text3        007BFC
__end_of__initialization         cinit        007B36
__end_of_main                    text0        007AD4
__initialization                 cinit        007B0A
__mediumconst                    mediumconst  000000
__pbssCOMRAM                     bssCOMRAM    00003A
__pcinit                         cinit        007B0A
__pcstackCOMRAM                  cstackCOMRAM 000022
__pdataCOMRAM                    dataCOMRAM   000001
__pidataCOMRAM                   idataCOMRAM  007A83
__ptext0                         text0        007AA4
__ptext1                         text1        007CFA
__ptext10                        text10       007C70
__ptext11                        text11       007AD4
__ptext12                        text12       007B40
__ptext2                         text2        007E7A
__ptext3                         text3        007B98
__ptext4                         text4        007BFC
__ptext5                         text5        007A4E
__ptext6                         text6        007DB2
__ptext7                         text7        007A44
__ptext8                         text8        007A3E
__ptext9                         text9        007A62
__ramtop                         ramtop       000600
__smallconst                     smallconst   000000
_countS                          bssCOMRAM    000040
_digits                          dataCOMRAM   000001
_digitsPCBWay                    dataCOMRAM   000012
_display_values                  bssCOMRAM    00003A
_main                            text0        007AA4
end_of_initialization            cinit        007B36
intlevel0                        text         000000
intlevel1                        text         000000
intlevel2                        text         000000
intlevel3                        text         000000
isa$std                          (abs)        000001
isa$xinst                        (abs)        000000
stackhi                          (abs)        000000
stacklo                          (abs)        000000
start                            init         000000
start_initialization             cinit        007B0A


MODULE INFORMATION

Module		Function		Class		Link	Load	Size
mcu.c
		_MCU_Initialize		CODE           	7A62	0000	32
		_SPONSOR_Welcome		CODE           	7C70	0000	138
		_SYSTEM_Process		CODE           	7CFA	0000	184
		_OSCILLATOR_Initialize		CODE           	7A3E	0000	6
		_SYSTEM_Initialize		CODE           	7A44	0000	10

mcu.c estimated size: 370

C:\Program Files\Microchip\xc8\v2.36\pic\sources\c99\common\lwmod.c
		___lwmod       		CODE           	7B98	0000	100

C:\Program Files\Microchip\xc8\v2.36\pic\sources\c99\common\lwmod.c estimated size: 100

C:\Program Files\Microchip\xc8\v2.36\pic\sources\c99\common\lwdiv.c
		___lwdiv       		CODE           	7BFC	0000	116

C:\Program Files\Microchip\xc8\v2.36\pic\sources\c99\common\lwdiv.c estimated size: 116

shared
		__initialization		CODE           	7B0A	0000	44

shared estimated size: 44

Display7seg_74HC595.c
		_DISPLAY_Set   		CODE           	7DB2	0000	200
		_DISPLAY_Write 		CODE           	7E7A	0000	390
		_DISPLAY_Reset 		CODE           	7A4E	0000	20
		_DISPLAY_Update		CODE           	7AD4	0000	54
		_DRIVER_74HC595_ShiftOut		CODE           	7B40	0000	88

Display7seg_74HC595.c estimated size: 752

main.c
		_main          		CODE           	7AA4	0000	48

main.c estimated size: 48

