Microchip MPLAB XC8 Compiler V2.36

Linker command line:

-W-3 --edf=C:\Program Files\Microchip\xc8\v2.36\pic\dat\en_msgs.txt -cn \
  -h+dist/default/production\XC8-18F25K22_RTCLib_BQ32000Test.X.production.sym \
  --cmf=dist/default/production\XC8-18F25K22_RTCLib_BQ32000Test.X.production.cmf \
  -z -Q18F25K22 -oC:\Users\mrchu\AppData\Local\Temp\xcAses4.4 \
  --defsym=__MPLAB_BUILD=1 \
  -Mdist/default/production/XC8-18F25K22_RTCLib_BQ32000Test.X.production.map \
  --md=C:\Users\mrchu\AppData\Local\Temp\xcAses4.dat -E1 -ver=XC8 Compiler \
  --acfsm=1493 -ACODE=00h-07FFFh -ACONST=00h-07FFFh \
  -ASMALLCONST=0600h-06FFhx122 -AMEDIUMCONST=0600h-07FFFh -ACOMRAM=01h-05Fh \
  -AABS1=00h-05FFh -ABIGRAM=01h-05FFh -ARAM=060h-0FFh,0100h-01FFhx5 \
  -ABANK0=060h-0FFh -ABANK1=0100h-01FFh -ABANK2=0200h-02FFh \
  -ABANK3=0300h-03FFh -ABANK4=0400h-04FFh -ABANK5=0500h-05FFh \
  -ASFR=0F38h-0F5Fh,0F60h-0FFFh -ABIGSFR=0F38h-0FFFh \
  -ACONFIG=0300000h-030000Dh -AIDLOC=0200000h-0200007h \
  -AEEDATA=0F00000h-0F000FFh -peeprom_data=EEDATA \
  -preset_vec=00h,intcode,intcodelo,powerup,init -pramtop=0600h \
  -psmallconst=SMALLCONST -pmediumconst=MEDIUMCONST -pconst=CONST \
  -AFARRAM=00h-00h \
  -prdata=COMRAM,nvrram=COMRAM,nvbit=COMRAM,rbss=COMRAM,rbit=COMRAM \
  -pfarbss=FARRAM,fardata=FARRAM,nvFARRAM=FARRAM \
  -pintsave_regs=BIGRAM,bigbss=BIGRAM,bigdata=BIGRAM -pbss=RAM \
  -pidata=CODE,irdata=CODE,ibigdata=CODE,ifardata=CODE -prparam=COMRAM \
  C:\Users\mrchu\AppData\Local\Temp\xcAses4.o \
  dist/default/production\XC8-18F25K22_RTCLib_BQ32000Test.X.production.o 

Object code version is 3.11

Machine type is 18F25K22



                Name                               Link     Load   Length Selector   Space Scale
C:\Users\mrchu\AppData\Local\Temp\xcAses4.o
                idloc                            200000   200000        8        0       5
                config                           300000   300000        E        0       4
                init                                  0        0        4        0       0
dist/default/production\XC8-18F25K22_RTCLib_BQ32000Test.X.production.o
                idloc                            200000   200000        8        0       5
                config                           300000   300000        E        0       4
                mediumconst                        7DA6     7DA6      25A     3ED3       0
                text43                             6D26     6D26       CC     3693       0
                text42                             6ADC     6ADC       BA     356E       0
                text41                             6398     6398       1C     31CC       0
                text40                             6548     6548       3E     32A4       0
                text39                             75D0     75D0      198     3AE8       0
                text38                             6890     6890       80     3448       0
                text37                             6828     6828       68     3414       0
                text36                             6910     6910       86     3488       0
                text35                             6A38     6A38       A4     351C       0
                text34                             66AE     66AE       58     3357       0
                text33                             649A     649A       3A     324D       0
                text32                             6340     6340       16     31A0       0
                text31                             6402     6402       2A     3201       0
                text30                             6318     6318       14     318C       0
                text29                             632C     632C       14     3196       0
                text28                             6764     6764       62     33B2       0
                text27                             64D4     64D4       3A     326A       0
                text26                             63DA     63DA       28     31ED       0
                text25                             6706     6706       5E     3383       0
                text24                             6306     6306       12     3183       0
                text23                             62FA     62FA        C     317D       0
                text22                             6356     6356       16     31AB       0
                text21                             636C     636C       16     31B6       0
                text20                             6382     6382       16     31C1       0
                text19                             6996     6996       A2     34CB       0
                text18                             6EFE     6EFE      126     377F       0
                text17                             6DF2     6DF2      10C     36F9       0
                text16                             63B4     63B4       26     31DA       0
                text15                             6462     6462       38     3231       0
                text14                             660A     660A       52     3305       0
                text13                             7024     7024      156     3812       0
                text12                             7448     7448      188     3A24       0
                text11                             717A     717A      164     38BD       0
                text10                             6586     6586       40     32C3       0
                text9                              62EE     62EE        2     3177       0
                text8                              6C5C     6C5C       CA     362E       0
                text7                              65C6     65C6       44     32E3       0
                text6                              642C     642C       36     3216       0
                text5                              6B96     6B96       C6     35CB       0
                text4                              7768     7768      2E2     3BB4       0
                text3                              7A4A     7A4A      35C     3D25       0
                text2                              67C6     67C6       62     33E3       0
                text1                              665C     665C       52     332E       0
                text0                              72DE     72DE      16A     396F       0
                cstackCOMRAM                          1        1       5D        1       1
                cstackBANK0                          60       60       38       60       1
                dataBANK0                            C9       C9        9       60       1
                bssBANK0                             98       98       31       60       1
                bssCOMRAM                            5E       5E        2        1       1
                cinit                              650E     650E       3A     3287       0
                idataBANK0                         62F1     62F1        9     62F1       0

TOTAL           Name                               Link     Load   Length     Space
        CLASS   CODE           
                init                                  0        0        4         0
                text43                             6D26     6D26       CC         0
                text42                             6ADC     6ADC       BA         0
                text41                             6398     6398       1C         0
                text40                             6548     6548       3E         0
                text39                             75D0     75D0      198         0
                text38                             6890     6890       80         0
                text37                             6828     6828       68         0
                text36                             6910     6910       86         0
                text35                             6A38     6A38       A4         0
                text34                             66AE     66AE       58         0
                text33                             649A     649A       3A         0
                text32                             6340     6340       16         0
                text31                             6402     6402       2A         0
                text30                             6318     6318       14         0
                text29                             632C     632C       14         0
                text28                             6764     6764       62         0
                text27                             64D4     64D4       3A         0
                text26                             63DA     63DA       28         0
                text25                             6706     6706       5E         0
                text24                             6306     6306       12         0
                text23                             62FA     62FA        C         0
                text22                             6356     6356       16         0
                text21                             636C     636C       16         0
                text20                             6382     6382       16         0
                text19                             6996     6996       A2         0
                text18                             6EFE     6EFE      126         0
                text17                             6DF2     6DF2      10C         0
                text16                             63B4     63B4       26         0
                text15                             6462     6462       38         0
                text14                             660A     660A       52         0
                text13                             7024     7024      156         0
                text12                             7448     7448      188         0
                text11                             717A     717A      164         0
                text10                             6586     6586       40         0
                text9                              62EE     62EE        2         0
                text8                              6C5C     6C5C       CA         0
                text7                              65C6     65C6       44         0
                text6                              642C     642C       36         0
                text5                              6B96     6B96       C6         0
                text4                              7768     7768      2E2         0
                text3                              7A4A     7A4A      35C         0
                text2                              67C6     67C6       62         0
                text1                              665C     665C       52         0
                text0                              72DE     72DE      16A         0
                cinit                              650E     650E       3A         0
                idataBANK0                         62F1     62F1        9         0

        CLASS   CONST          

        CLASS   SMALLCONST     

        CLASS   MEDIUMCONST    
                mediumconst                        7DA6     7DA6      25A         0

        CLASS   COMRAM         
                cstackCOMRAM                          1        1       5D         1
                bssCOMRAM                            5E       5E        2         1

        CLASS   ABS1           

        CLASS   BIGRAM         

        CLASS   RAM            

        CLASS   BANK0          
                cstackBANK0                          60       60       38         1
                dataBANK0                            C9       C9        9         1
                bssBANK0                             98       98       31         1

        CLASS   BANK1          

        CLASS   BANK2          

        CLASS   BANK3          

        CLASS   BANK4          

        CLASS   BANK5          

        CLASS   SFR            

        CLASS   BIGSFR         

        CLASS   CONFIG         
                config                           300000   300000        E         4

        CLASS   IDLOC          
                idloc                            200000   200000        8         5

        CLASS   EEDATA         

        CLASS   FARRAM         

        CLASS   HEAP           

        CLASS   STACK          



SEGMENTS        Name                           Load    Length   Top    Selector   Space  Class

                reset_vec                      000000  000004  000004         0       0  CODE    
                cstackCOMRAM                   000001  00005F  000060         1       1  COMRAM  
                cstackBANK0                    000060  000072  0000D2        60       1  BANK0   
                text9                          0062EE  000002  0062F0      3177       0  CODE    
                idataBANK0                     0062F1  000009  0062FA      62F1       0  CODE    
                text23                         0062FA  00000C  006306      317D       0  CODE    
                text24                         006306  000012  006318      3183       0  CODE    
                text30                         006318  000014  00632C      318C       0  CODE    
                text29                         00632C  000014  006340      3196       0  CODE    
                text32                         006340  000016  006356      31A0       0  CODE    
                text22                         006356  000016  00636C      31AB       0  CODE    
                text21                         00636C  000016  006382      31B6       0  CODE    
                text20                         006382  000016  006398      31C1       0  CODE    
                text41                         006398  00001C  0063B4      31CC       0  CODE    
                text16                         0063B4  000026  0063DA      31DA       0  CODE    
                text26                         0063DA  000028  006402      31ED       0  CODE    
                text31                         006402  00002A  00642C      3201       0  CODE    
                text6                          00642C  000036  006462      3216       0  CODE    
                text15                         006462  000038  00649A      3231       0  CODE    
                text33                         00649A  00003A  0064D4      324D       0  CODE    
                text27                         0064D4  00003A  00650E      326A       0  CODE    
                cinit                          00650E  00003A  006548      3287       0  CODE    
                text40                         006548  00003E  006586      32A4       0  CODE    
                text10                         006586  000040  0065C6      32C3       0  CODE    
                text7                          0065C6  000044  00660A      32E3       0  CODE    
                text14                         00660A  000052  00665C      3305       0  CODE    
                text1                          00665C  000052  0066AE      332E       0  CODE    
                text34                         0066AE  000058  006706      3357       0  CODE    
                text25                         006706  00005E  006764      3383       0  CODE    
                text28                         006764  000062  0067C6      33B2       0  CODE    
                text2                          0067C6  000062  006828      33E3       0  CODE    
                text37                         006828  000068  006890      3414       0  CODE    
                text38                         006890  000080  006910      3448       0  CODE    
                text36                         006910  000086  006996      3488       0  CODE    
                text19                         006996  0000A2  006A38      34CB       0  CODE    
                text35                         006A38  0000A4  006ADC      351C       0  CODE    
                text42                         006ADC  0000BA  006B96      356E       0  CODE    
                text5                          006B96  0000C6  006C5C      35CB       0  CODE    
                text8                          006C5C  0000CA  006D26      362E       0  CODE    
                text43                         006D26  0000CC  006DF2      3693       0  CODE    
                text17                         006DF2  00010C  006EFE      36F9       0  CODE    
                text18                         006EFE  000126  007024      377F       0  CODE    
                text13                         007024  000156  00717A      3812       0  CODE    
                text11                         00717A  000164  0072DE      38BD       0  CODE    
                text0                          0072DE  00016A  007448      396F       0  CODE    
                text12                         007448  000188  0075D0      3A24       0  CODE    
                text39                         0075D0  000198  007768      3AE8       0  CODE    
                text4                          007768  0002E2  007A4A      3BB4       0  CODE    
                text3                          007A4A  00035C  007DA6      3D25       0  CODE    
                mediumconst                    007DA6  00025A  008000      3ED3       0  MEDIUMCO


UNUSED ADDRESS RANGES

        Name                Unused          Largest block    Delta
        BANK0            0000D2-0000FF               2E
        BANK1            000100-0001FF              100
        BANK2            000200-0002FF              100
        BANK3            000300-0003FF              100
        BANK4            000400-0004FF              100
        BANK5            000500-0005FF              100
        BIGRAM           0000D2-0005FF              52E
        BIGSFR           000F38-000FFF               C8
        CODE             000004-0062ED             62EA
                         0062F0-0062F0                1
        CONST            000004-0062ED             62EA
                         0062F0-0062F0                1
        EEDATA           F00000-F000FF              100
        MEDIUMCONST      000600-0062ED             5CEE
                         0062F0-0062F0                1
        RAM              0000D2-0005FF              100
        SFR              000F38-000FFF               28
        SMALLCONST       000600-0062ED              100
                         0062F0-0062F0                1

                                  Symbol Table

?___aodiv                        cstackCOMRAM 000001
?___aomod                        cstackCOMRAM 000001
?___lldiv                        cstackCOMRAM 000001
?___wmul                         cstackCOMRAM 000001
?_abs                            cstackCOMRAM 000013
?_atoi                           cstackCOMRAM 000008
?_dtoa                           cstackCOMRAM 00001C
?_isdigit                        cstackCOMRAM 000001
?_isspace                        cstackCOMRAM 000001
?_pad                            cstackCOMRAM 000011
?_sprintf                        cstackBANK0  000060
?_strlen                         cstackCOMRAM 000001
?_vfpfcnvrt                      cstackCOMRAM 000040
?_vfprintf                       cstackCOMRAM 000054
BCD_to_DEC@bcd                   cstackCOMRAM 000002
DISPLAY_Initialize@F6752         dataBANK0    0000C9
DISPLAY_Initialize@myLCD         cstackCOMRAM 000019
I2C2_Initialize@fosc_hz          cstackCOMRAM 00000E
I2C2_Initialize@i2c_speed_hz     cstackCOMRAM 000012
I2C2_Send@data                   cstackCOMRAM 000001
LCDNokia5110_Clear@index         cstackCOMRAM 00000D
LCDNokia5110_GotoXY@x            cstackCOMRAM 00000C
LCDNokia5110_GotoXY@y            cstackCOMRAM 00000B
LCDNokia5110_Initialize@lcd      cstackCOMRAM 00000B
LCDNokia5110_Write@data          cstackCOMRAM 000006
LCDNokia5110_Write@mode          cstackCOMRAM 00000A
LCDNokia5110_WriteSPI@i          cstackCOMRAM 000005
LCDNokia5110_WriteSPI@outData    cstackCOMRAM 000004
LCDNokia5110_putC@data           cstackCOMRAM 00000F
LCDNokia5110_putC@index          cstackCOMRAM 000010
LCDNokia5110_putStr@dataStr      cstackCOMRAM 000012
LCDNokia5110_putStr@x            cstackCOMRAM 000014
LCDNokia5110_putStr@y            cstackCOMRAM 000015
RTC_GetDate@dataBuff             cstackCOMRAM 000016
RTC_GetDate@result               cstackCOMRAM 000010
RTC_GetTime@dataBuff             cstackCOMRAM 000013
RTC_GetTime@result               cstackCOMRAM 000010
RTC_Initialize@i2cAddress        cstackCOMRAM 000007
RTC_Initialize@model             cstackCOMRAM 000008
RTC_ReadByte@addr                cstackCOMRAM 000004
RTC_ReadByte@data                cstackCOMRAM 000005
RTC_ReadBytes@addr               cstackCOMRAM 00000E
RTC_ReadBytes@data               cstackCOMRAM 000004
RTC_ReadBytes@i                  cstackCOMRAM 00000F
RTC_ReadBytes@len                cstackCOMRAM 000006
RTC_StartClock@tempReg           cstackCOMRAM 000006
RTC_WaitReady@timeout            cstackCOMRAM 000002
RTC_WriteByte@addr               cstackCOMRAM 000005
RTC_WriteByte@data               cstackCOMRAM 000004
_ANSELA                          (abs)        000F38
_ANSELB                          (abs)        000F39
_ANSELC                          (abs)        000F3A
_BCD_to_DEC                      text22       006356
_DISPLAY_Initialize              text36       006910
_FONT_NORMAL                     mediumconst  007DA7
_I2C2_Initialize                 text34       0066AE
_I2C2_Read                       text32       006340
_I2C2_Send                       text31       006402
_I2C2_Send_ACK                   text21       00636C
_I2C2_Send_NACK                  text20       006382
_I2C2_Start                      text30       006318
_I2C2_Stop                       text29       00632C
_LATA                            (abs)        000F89
_LATB                            (abs)        000F8A
_LATC                            (abs)        000F8B
_LCDNokia5110_Clear              text40       006548
_LCDNokia5110_GotoXY             text41       006398
_LCDNokia5110_Initialize         text39       0075D0
_LCDNokia5110_Write              text42       006ADC
_LCDNokia5110_WriteSPI           text43       006D26
_LCDNokia5110_putC               text38       006890
_LCDNokia5110_putStr             text37       006828
_MCU_Initialize                  text33       00649A
_Nokia5110                       bssBANK0     000098
_OSCCONbits                      (abs)        000FD3
_PIR3bits                        (abs)        000FA4
_PORTB                           (abs)        000F81
_RELOJ_Initialize                text23       0062FA
_RTC_GetDate                     text18       006EFE
_RTC_GetTime                     text17       006DF2
_RTC_Initialize                  text24       006306
_RTC_ReadByte                    text27       0064D4
_RTC_ReadBytes                   text19       006996
_RTC_StartClock                  text25       006706
_RTC_WaitReady                   text28       006764
_RTC_WriteByte                   text26       0063DA
_SSP2ADD                         (abs)        000F6E
_SSP2BUF                         (abs)        000F6F
_SSP2CON1                        (abs)        000F6C
_SSP2CON2bits                    (abs)        000F6B
_SSP2STAT                        (abs)        000F6D
_TRISA                           (abs)        000F92
_TRISB                           (abs)        000F93
_TRISBbits                       (abs)        000F93
_TRISC                           (abs)        000F94
__HRAM                           (abs)        000000
__Habs1                          abs1         000000
__Hbank0                         bank0        000000
__Hbank1                         bank1        000000
__Hbank2                         bank2        000000
__Hbank3                         bank3        000000
__Hbank4                         bank4        000000
__Hbank5                         bank5        000000
__Hbigbss                        bigbss       000000
__Hbigdata                       bigdata      000000
__Hbigram                        bigram       000000
__Hbigsfr                        bigsfr       000000
__Hbss                           bss          000000
__HbssBANK0                      bssBANK0     000000
__HbssCOMRAM                     bssCOMRAM    000000
__Hcinit                         cinit        000000
__Hclrtext                       clrtext      000000
__Hcomram                        comram       000000
__Hconfig                        config       30000E
__Hconst                         const        000000
__HcstackBANK0                   cstackBANK0  000000
__HcstackCOMRAM                  cstackCOMRAM 000000
__Hdata                          data         000000
__HdataBANK0                     dataBANK0    000000
__Heeprom_data                   eeprom_data  000000
__Hfarbss                        farbss       000000
__Hfardata                       fardata      000000
__Hheap                          heap         000000
__Hibigdata                      ibigdata     000000
__Hidata                         idata        000000
__HidataBANK0                    idataBANK0   000000
__Hidloc                         idloc        200008
__Hifardata                      ifardata     000000
__Hinit                          init         000004
__Hintcode                       intcode      000000
__Hintcode_body                  intcode_body 000000
__Hintcodelo                     intcodelo    000000
__Hintentry                      intentry     000000
__Hintret                        intret       000000
__Hintsave_regs                  intsave_regs 000000
__Hirdata                        irdata       000000
__Hmediumconst                   mediumconst  008000
__HnvFARRAM                      nvFARRAM     000000
__Hnvbit                         nvbit        000000
__Hnvrram                        nvrram       000000
__Hparam                         rparam       000000
__Hpowerup                       powerup      000000
__Hram                           ram          000000
__Hramtop                        ramtop       000600
__Hrbit                          rbit         000000
__Hrbss                          rbss         000000
__Hrdata                         rdata        000000
__Hreset_vec                     reset_vec    000000
__Hrparam                        rparam       000000
__Hsfr                           sfr          000000
__Hsmallconst                    smallconst   000000
__Hspace_0                       (abs)        008000
__Hspace_1                       (abs)        0000D2
__Hspace_2                       (abs)        000000
__Hspace_4                       (abs)        60000E
__Hstack                         stack        000000
__Hstruct                        struct       000000
__Htemp                          temp         000000
__Htext                          text         000000
__Htext0                         text0        000000
__Htext1                         text1        000000
__Htext10                        text10       000000
__Htext11                        text11       000000
__Htext12                        text12       000000
__Htext13                        text13       000000
__Htext14                        text14       000000
__Htext15                        text15       000000
__Htext16                        text16       000000
__Htext17                        text17       000000
__Htext18                        text18       000000
__Htext19                        text19       000000
__Htext2                         text2        000000
__Htext20                        text20       000000
__Htext21                        text21       000000
__Htext22                        text22       000000
__Htext23                        text23       000000
__Htext24                        text24       000000
__Htext25                        text25       000000
__Htext26                        text26       000000
__Htext27                        text27       000000
__Htext28                        text28       000000
__Htext29                        text29       000000
__Htext3                         text3        000000
__Htext30                        text30       000000
__Htext31                        text31       000000
__Htext32                        text32       000000
__Htext33                        text33       000000
__Htext34                        text34       000000
__Htext35                        text35       000000
__Htext36                        text36       000000
__Htext37                        text37       000000
__Htext38                        text38       000000
__Htext39                        text39       000000
__Htext4                         text4        000000
__Htext40                        text40       000000
__Htext41                        text41       000000
__Htext42                        text42       000000
__Htext43                        text43       000000
__Htext5                         text5        000000
__Htext6                         text6        000000
__Htext7                         text7        000000
__Htext8                         text8        000000
__Htext9                         text9        000000
__LRAM                           (abs)        000001
__Labs1                          abs1         000000
__Lbank0                         bank0        000000
__Lbank1                         bank1        000000
__Lbank2                         bank2        000000
__Lbank3                         bank3        000000
__Lbank4                         bank4        000000
__Lbank5                         bank5        000000
__Lbigbss                        bigbss       000000
__Lbigdata                       bigdata      000000
__Lbigram                        bigram       000000
__Lbigsfr                        bigsfr       000000
__Lbss                           bss          000000
__LbssBANK0                      bssBANK0     000000
__LbssCOMRAM                     bssCOMRAM    000000
__Lcinit                         cinit        000000
__Lclrtext                       clrtext      000000
__Lcomram                        comram       000000
__Lconfig                        config       000000
__Lconst                         const        000000
__LcstackBANK0                   cstackBANK0  000000
__LcstackCOMRAM                  cstackCOMRAM 000000
__Ldata                          data         000000
__LdataBANK0                     dataBANK0    000000
__Leeprom_data                   eeprom_data  000000
__Lfarbss                        farbss       000000
__Lfardata                       fardata      000000
__Lheap                          heap         000000
__Libigdata                      ibigdata     000000
__Lidata                         idata        000000
__LidataBANK0                    idataBANK0   000000
__Lidloc                         idloc        000000
__Lifardata                      ifardata     000000
__Linit                          init         000000
__Lintcode                       intcode      000000
__Lintcode_body                  intcode_body 000000
__Lintcodelo                     intcodelo    000000
__Lintentry                      intentry     000000
__Lintret                        intret       000000
__Lintsave_regs                  intsave_regs 000000
__Lirdata                        irdata       000000
__Lmediumconst                   mediumconst  007DA6
__LnvFARRAM                      nvFARRAM     000000
__Lnvbit                         nvbit        000000
__Lnvrram                        nvrram       000000
__Lparam                         rparam       000000
__Lpowerup                       powerup      000000
__Lram                           ram          000000
__Lramtop                        ramtop       000600
__Lrbit                          rbit         000000
__Lrbss                          rbss         000000
__Lrdata                         rdata        000000
__Lreset_vec                     reset_vec    000000
__Lrparam                        rparam       000000
__Lsfr                           sfr          000000
__Lsmallconst                    smallconst   000000
__Lspace_0                       (abs)        000000
__Lspace_1                       (abs)        000000
__Lspace_2                       (abs)        000000
__Lspace_4                       (abs)        000000
__Lstack                         stack        000000
__Lstruct                        struct       000000
__Ltemp                          temp         000000
__Ltext                          text         000000
__Ltext0                         text0        000000
__Ltext1                         text1        000000
__Ltext10                        text10       000000
__Ltext11                        text11       000000
__Ltext12                        text12       000000
__Ltext13                        text13       000000
__Ltext14                        text14       000000
__Ltext15                        text15       000000
__Ltext16                        text16       000000
__Ltext17                        text17       000000
__Ltext18                        text18       000000
__Ltext19                        text19       000000
__Ltext2                         text2        000000
__Ltext20                        text20       000000
__Ltext21                        text21       000000
__Ltext22                        text22       000000
__Ltext23                        text23       000000
__Ltext24                        text24       000000
__Ltext25                        text25       000000
__Ltext26                        text26       000000
__Ltext27                        text27       000000
__Ltext28                        text28       000000
__Ltext29                        text29       000000
__Ltext3                         text3        000000
__Ltext30                        text30       000000
__Ltext31                        text31       000000
__Ltext32                        text32       000000
__Ltext33                        text33       000000
__Ltext34                        text34       000000
__Ltext35                        text35       000000
__Ltext36                        text36       000000
__Ltext37                        text37       000000
__Ltext38                        text38       000000
__Ltext39                        text39       000000
__Ltext4                         text4        000000
__Ltext40                        text40       000000
__Ltext41                        text41       000000
__Ltext42                        text42       000000
__Ltext43                        text43       000000
__Ltext5                         text5        000000
__Ltext6                         text6        000000
__Ltext7                         text7        000000
__Ltext8                         text8        000000
__Ltext9                         text9        000000
__S0                             (abs)        008000
__S1                             (abs)        0000D2
__S4                             (abs)        000000
__S5                             (abs)        000000
___aodiv                         text12       007448
___aodiv@counter                 cstackCOMRAM 000011
___aodiv@dividend                cstackCOMRAM 000001
___aodiv@divisor                 cstackCOMRAM 000009
___aodiv@quotient                cstackCOMRAM 000013
___aodiv@sign                    cstackCOMRAM 000012
___aomod                         text11       00717A
___aomod@counter                 cstackCOMRAM 000011
___aomod@dividend                cstackCOMRAM 000001
___aomod@divisor                 cstackCOMRAM 000009
___aomod@sign                    cstackCOMRAM 000012
___heap_hi                       (abs)        000000
___heap_lo                       (abs)        000000
___inthi_sp                      stack        000000
___intlo_sp                      stack        000000
___lldiv                         text35       006A38
___lldiv@counter                 cstackCOMRAM 00000D
___lldiv@dividend                cstackCOMRAM 000001
___lldiv@divisor                 cstackCOMRAM 000005
___lldiv@quotient                cstackCOMRAM 000009
___param_bank                    (abs)        000000
___rparam_used                   (abs)        000001
___sp                            stack        000000
___wmul                          text16       0063B4
___wmul@multiplicand             cstackCOMRAM 000003
___wmul@multiplier               cstackCOMRAM 000001
___wmul@product                  cstackCOMRAM 000005
__accesstop                      (abs)        000060
__activetblptr                   (abs)        000002
__end_of_BCD_to_DEC              text22       00636C
__end_of_DISPLAY_Initialize      text36       006996
__end_of_FONT_NORMAL             mediumconst  007F87
__end_of_I2C2_Initialize         text34       006706
__end_of_I2C2_Read               text32       006356
__end_of_I2C2_Send               text31       00642C
__end_of_I2C2_Send_ACK           text21       006382
__end_of_I2C2_Send_NACK          text20       006398
__end_of_I2C2_Start              text30       00632C
__end_of_I2C2_Stop               text29       006340
__end_of_LCDNokia5110_Clear      text40       006586
__end_of_LCDNokia5110_GotoXY     text41       0063B4
__end_of_LCDNokia5110_Initialize text39       007768
__end_of_LCDNokia5110_Write      text42       006B96
__end_of_LCDNokia5110_WriteSPI   text43       006DF2
__end_of_LCDNokia5110_putC       text38       006910
__end_of_LCDNokia5110_putStr     text37       006890
__end_of_MCU_Initialize          text33       0064D4
__end_of_RELOJ_Initialize        text23       006306
__end_of_RTC_GetDate             text18       007024
__end_of_RTC_GetTime             text17       006EFE
__end_of_RTC_Initialize          text24       006318
__end_of_RTC_ReadByte            text27       00650E
__end_of_RTC_ReadBytes           text19       006A38
__end_of_RTC_StartClock          text25       006764
__end_of_RTC_WaitReady           text28       0067C6
__end_of_RTC_WriteByte           text26       006402
__end_of___aodiv                 text12       0075D0
__end_of___aomod                 text11       0072DE
__end_of___lldiv                 text35       006ADC
__end_of___wmul                  text16       0063DA
__end_of__initialization         cinit        00653E
__end_of_abs                     text10       0065C6
__end_of_atoi                    text13       00717A
__end_of_dtoa                    text4        007A4A
__end_of_fputc                   text8        006D26
__end_of_fputs                   text7        00660A
__end_of_isdigit                 text15       00649A
__end_of_isspace                 text14       00665C
__end_of_main                    text0        007448
__end_of_pad                     text5        006C5C
__end_of_putch                   text9        0062F0
__end_of_sprintf                 text1        0066AE
__end_of_strlen                  text6        006462
__end_of_vfpfcnvrt               text3        007DA6
__end_of_vfprintf                text2        006828
__initialization                 cinit        00650E
__mediumconst                    mediumconst  007DA6
__pbssBANK0                      bssBANK0     000098
__pbssCOMRAM                     bssCOMRAM    00005E
__pcinit                         cinit        00650E
__pcstackBANK0                   cstackBANK0  000060
__pcstackCOMRAM                  cstackCOMRAM 000001
__pdataBANK0                     dataBANK0    0000C9
__pidataBANK0                    idataBANK0   0062F1
__pmediumconst                   mediumconst  007DA6
__ptext0                         text0        0072DE
__ptext1                         text1        00665C
__ptext10                        text10       006586
__ptext11                        text11       00717A
__ptext12                        text12       007448
__ptext13                        text13       007024
__ptext14                        text14       00660A
__ptext15                        text15       006462
__ptext16                        text16       0063B4
__ptext17                        text17       006DF2
__ptext18                        text18       006EFE
__ptext19                        text19       006996
__ptext2                         text2        0067C6
__ptext20                        text20       006382
__ptext21                        text21       00636C
__ptext22                        text22       006356
__ptext23                        text23       0062FA
__ptext24                        text24       006306
__ptext25                        text25       006706
__ptext26                        text26       0063DA
__ptext27                        text27       0064D4
__ptext28                        text28       006764
__ptext29                        text29       00632C
__ptext3                         text3        007A4A
__ptext30                        text30       006318
__ptext31                        text31       006402
__ptext32                        text32       006340
__ptext33                        text33       00649A
__ptext34                        text34       0066AE
__ptext35                        text35       006A38
__ptext36                        text36       006910
__ptext37                        text37       006828
__ptext38                        text38       006890
__ptext39                        text39       0075D0
__ptext4                         text4        007768
__ptext40                        text40       006548
__ptext41                        text41       006398
__ptext42                        text42       006ADC
__ptext43                        text43       006D26
__ptext5                         text5        006B96
__ptext6                         text6        00642C
__ptext7                         text7        0065C6
__ptext8                         text8        006C5C
__ptext9                         text9        0062EE
__ramtop                         ramtop       000600
__rtcI2cAddress                  bssCOMRAM    00005E
__selectedModel                  bssCOMRAM    00005F
__smallconst                     smallconst   000000
_abs                             text10       006586
_atoi                            text13       007024
_dbuf                            bssBANK0     0000A9
_dtoa                            text4        007768
_dtoa$1081                       cstackCOMRAM 00002E
_flags                           bssBANK0     0000A7
_fputc                           text8        006C5C
_fputs                           text7        0065C6
_isdigit                         text15       006462
_isspace                         text14       00660A
_isspace$1130                    cstackCOMRAM 000007
_main                            text0        0072DE
_nout                            bssBANK0     0000A1
_pad                             text5        006B96
_prec                            bssBANK0     0000A5
_putch                           text9        0062EE
_sprintf                         text1        00665C
_strlen                          text6        00642C
_vfpfcnvrt                       text3        007A4A
_vfprintf                        text2        0067C6
_width                           bssBANK0     0000A3
abs@a                            cstackCOMRAM 000013
atoi@n                           cstackCOMRAM 000010
atoi@neg                         cstackCOMRAM 00000E
atoi@s                           cstackCOMRAM 000008
dtoa@d                           cstackCOMRAM 00001E
dtoa@fp                          cstackCOMRAM 00001C
dtoa@i                           cstackCOMRAM 00003E
dtoa@n                           cstackCOMRAM 000036
dtoa@p                           cstackCOMRAM 000030
dtoa@s                           cstackCOMRAM 000034
dtoa@w                           cstackCOMRAM 000032
end_of_initialization            cinit        00653E
fputc@c                          cstackCOMRAM 000001
fputc@fp                         cstackCOMRAM 000003
fputs@c                          cstackCOMRAM 00000E
fputs@fp                         cstackCOMRAM 00000C
fputs@i                          cstackCOMRAM 00000F
fputs@s                          cstackCOMRAM 00000A
intlevel0                        text         000000
intlevel1                        text         000000
intlevel2                        text         000000
intlevel3                        text         000000
isa$std                          (abs)        000001
isa$xinst                        (abs)        000000
isdigit@c                        cstackCOMRAM 000001
isspace@c                        cstackCOMRAM 000001
main@fechaActual                 cstackBANK0  00008F
main@horaActual                  cstackBANK0  000094
main@txtFecha                    cstackBANK0  000083
main@txtHora                     cstackBANK0  000077
pad@buf                          cstackCOMRAM 000013
pad@fp                           cstackCOMRAM 000011
pad@i                            cstackCOMRAM 000018
pad@p                            cstackCOMRAM 000015
pad@w                            cstackCOMRAM 00001A
sprintf@ap                       cstackBANK0  00006A
sprintf@f                        cstackBANK0  00006C
sprintf@fmt                      cstackBANK0  000062
sprintf@s                        cstackBANK0  000060
stackhi                          (abs)        000000
stacklo                          (abs)        000000
start                            init         000000
start_initialization             cinit        00650E
strlen@a                         cstackCOMRAM 000003
strlen@s                         cstackCOMRAM 000001
vfpfcnvrt@ap                     cstackCOMRAM 000044
vfpfcnvrt@done                   cstackCOMRAM 000052
vfpfcnvrt@fmt                    cstackCOMRAM 000042
vfpfcnvrt@fp                     cstackCOMRAM 000040
vfpfcnvrt@ll                     cstackCOMRAM 00004A
vfprintf@ap                      cstackCOMRAM 000058
vfprintf@cfmt                    cstackCOMRAM 00005A
vfprintf@fmt                     cstackCOMRAM 000056
vfprintf@fp                      cstackCOMRAM 000054


MODULE INFORMATION

Module		Function		Class		Link	Load	Size
C:\Program Files\Microchip\xc8\v2.36\pic\sources\c99\common\putch.c
		_putch         		CODE           	62EE	0000	2

C:\Program Files\Microchip\xc8\v2.36\pic\sources\c99\common\putch.c estimated size: 2

i2c2.c
		_I2C2_Read     		CODE           	6340	0000	22
		_I2C2_Send     		CODE           	6402	0000	42
		_I2C2_Send_ACK 		CODE           	636C	0000	22
		_I2C2_Send_NACK		CODE           	6382	0000	22
		_I2C2_Initialize		CODE           	66AE	0000	88
		_I2C2_Stop     		CODE           	632C	0000	20
		_I2C2_Start    		CODE           	6318	0000	20

i2c2.c estimated size: 236

C:\Program Files\Microchip\xc8\v2.36\pic\sources\c99\common\nf_fputs.c
		_fputs         		CODE           	65C6	0000	68

C:\Program Files\Microchip\xc8\v2.36\pic\sources\c99\common\nf_fputs.c estimated size: 68

C:\Program Files\Microchip\xc8\v2.36\pic\sources\c99\common\aomod.c
		___aomod       		CODE           	717A	0000	356

C:\Program Files\Microchip\xc8\v2.36\pic\sources\c99\common\aomod.c estimated size: 356

C:\Program Files\Microchip\xc8\v2.36\pic\sources\c99\common\atoi.c
		_atoi          		CODE           	7024	0000	342

C:\Program Files\Microchip\xc8\v2.36\pic\sources\c99\common\atoi.c estimated size: 342

C:\Program Files\Microchip\xc8\v2.36\pic\sources\c99\common\nf_sprintf.c
		_sprintf       		CODE           	665C	0000	82

C:\Program Files\Microchip\xc8\v2.36\pic\sources\c99\common\nf_sprintf.c estimated size: 82

RTCLib.c
		_RTC_WriteByte 		CODE           	63DA	0000	40
		_RTC_ReadByte  		CODE           	64D4	0000	58
		_RTC_WaitReady 		CODE           	6764	0000	98
		_RTC_ReadBytes 		CODE           	6996	0000	162
		_RTC_GetDate   		CODE           	6EFE	0000	294
		_RTC_GetTime   		CODE           	6DF2	0000	268
		_RTC_Initialize		CODE           	6306	0000	18
		_BCD_to_DEC    		CODE           	6356	0000	22
		_RTC_StartClock		CODE           	6706	0000	94

RTCLib.c estimated size: 1054

C:\Program Files\Microchip\xc8\v2.36\pic\sources\c99\common\isspace.c
		_isspace       		CODE           	660A	0000	82

C:\Program Files\Microchip\xc8\v2.36\pic\sources\c99\common\isspace.c estimated size: 82

C:\Program Files\Microchip\xc8\v2.36\pic\sources\c99\common\strlen.c
		_strlen        		CODE           	642C	0000	54

C:\Program Files\Microchip\xc8\v2.36\pic\sources\c99\common\strlen.c estimated size: 54

C:\Program Files\Microchip\xc8\v2.36\pic\sources\c99\common\__lldiv.c
		___lldiv       		CODE           	6A38	0000	164

C:\Program Files\Microchip\xc8\v2.36\pic\sources\c99\common\__lldiv.c estimated size: 164

LCDNokia5110.c
		_LCDNokia5110_GotoXY		CODE           	6398	0000	28
		_LCDNokia5110_putStr		CODE           	6828	0000	104
		_LCDNokia5110_Write		CODE           	6ADC	0000	186
		_LCDNokia5110_WriteSPI		CODE           	6D26	0000	204
		_LCDNokia5110_Clear		CODE           	6548	0000	62
		_LCDNokia5110_Initialize		CODE           	75D0	0000	408
		_LCDNokia5110_putC		CODE           	6890	0000	128

LCDNokia5110.c estimated size: 1120

C:\Program Files\Microchip\xc8\v2.36\pic\sources\c99\common\aodiv.c
		___aodiv       		CODE           	7448	0000	392

C:\Program Files\Microchip\xc8\v2.36\pic\sources\c99\common\aodiv.c estimated size: 392

C:\Program Files\Microchip\xc8\v2.36\pic\sources\c99\common\nf_fputc.c
		_fputc         		CODE           	6C5C	0000	202

C:\Program Files\Microchip\xc8\v2.36\pic\sources\c99\common\nf_fputc.c estimated size: 202

C:\Program Files\Microchip\xc8\v2.36\pic\sources\c99\common\isdigit.c
		_isdigit       		CODE           	6462	0000	56

C:\Program Files\Microchip\xc8\v2.36\pic\sources\c99\common\isdigit.c estimated size: 56

C:\Program Files\Microchip\xc8\v2.36\pic\sources\c99\common\doprnt.c
		_vfpfcnvrt     		CODE           	7A4A	0000	860
		_pad           		CODE           	6B96	0000	198
		_dtoa          		CODE           	7768	0000	738
		_vfprintf      		CODE           	67C6	0000	98

C:\Program Files\Microchip\xc8\v2.36\pic\sources\c99\common\doprnt.c estimated size: 1894

shared
		__initialization		CODE           	650E	0000	48
		_FONT_NORMAL   		MEDIUMCONST    	7DA7	0000	480

shared estimated size: 528

C:\Program Files\Microchip\xc8\v2.36\pic\sources\c99\common\abs.c
		_abs           		CODE           	6586	0000	64

C:\Program Files\Microchip\xc8\v2.36\pic\sources\c99\common\abs.c estimated size: 64

main.c
		_MCU_Initialize		CODE           	649A	0000	58
		_DISPLAY_Initialize		CODE           	6910	0000	134
		_RELOJ_Initialize		CODE           	62FA	0000	12
		_main          		CODE           	72DE	0000	362

main.c estimated size: 566

C:\Program Files\Microchip\xc8\v2.36\pic\sources\c99\common\Umul16.c
		___wmul        		CODE           	63B4	0000	38

C:\Program Files\Microchip\xc8\v2.36\pic\sources\c99\common\Umul16.c estimated size: 38

