Microchip MPLAB XC8 Compiler V2.36

Linker command line:

-W-3 --edf=C:\Program Files\Microchip\xc8\v2.36\pic\dat\en_msgs.txt -cn \
  -h+dist/default/production\XC8-18F25K22_LCD16x2.X.production.sym \
  --cmf=dist/default/production\XC8-18F25K22_LCD16x2.X.production.cmf -z \
  -Q18F25K22 -oC:\Users\mrchu\AppData\Local\Temp\xcAs898.5 \
  --defsym=__MPLAB_BUILD=1 \
  -Mdist/default/production/XC8-18F25K22_LCD16x2.X.production.map \
  --md=C:\Users\mrchu\AppData\Local\Temp\xcBs898.dat -E1 -ver=XC8 Compiler \
  --acfsm=1493 -ACODE=00h-07FFFh -ACONST=00h-07FFFh \
  -ASMALLCONST=0600h-06FFhx122 -AMEDIUMCONST=0600h-07FFFh -ACOMRAM=01h-05Fh \
  -AABS1=00h-05FFh -ABIGRAM=01h-05FFh -ARAM=060h-0FFh,0100h-01FFhx5 \
  -ABANK0=060h-0FFh -ABANK1=0100h-01FFh -ABANK2=0200h-02FFh \
  -ABANK3=0300h-03FFh -ABANK4=0400h-04FFh -ABANK5=0500h-05FFh \
  -ASFR=0F38h-0F5Fh,0F60h-0FFFh -ABIGSFR=0F38h-0FFFh \
  -ACONFIG=0300000h-030000Dh -AIDLOC=0200000h-0200007h \
  -AEEDATA=0F00000h-0F000FFh -peeprom_data=EEDATA \
  -preset_vec=00h,intcode=08h,intcodelo,powerup,init -pramtop=0600h \
  -psmallconst=SMALLCONST -pmediumconst=MEDIUMCONST -pconst=CONST \
  -AFARRAM=00h-00h \
  -prdata=COMRAM,nvrram=COMRAM,nvbit=COMRAM,rbss=COMRAM,rbit=COMRAM \
  -pfarbss=FARRAM,fardata=FARRAM,nvFARRAM=FARRAM \
  -pintsave_regs=BIGRAM,bigbss=BIGRAM,bigdata=BIGRAM -pbss=RAM \
  -pidata=CODE,irdata=CODE,ibigdata=CODE,ifardata=CODE -prparam=COMRAM \
  C:\Users\mrchu\AppData\Local\Temp\xcAs898.o \
  dist/default/production\XC8-18F25K22_LCD16x2.X.production.o 

Object code version is 3.11

Machine type is 18F25K22



                Name                               Link     Load   Length Selector   Space Scale
C:\Users\mrchu\AppData\Local\Temp\xcAs898.o
                idloc                            200000   200000        8        0       5
                config                           300000   300000        E        0       4
                init                                 4A       4A        4        4       0
                reset_vec                             0        0        4        0       0
dist/default/production\XC8-18F25K22_LCD16x2.X.production.o
                intcode                               8        8       42        4       0
                idloc                            200000   200000        8        0       5
                config                           300000   300000        E        0       4
                temp                                 56       56        1        1       1
                smallconst                          600      600       14      300       0
                text8                               614      614      1A4      30A       0
                text7                               AF4      AF4       A0      30A       0
                text6                               A00      A00       F4      30A       0
                text5                               900      900      100      30A       0
                text4                               B94      B94       56      30A       0
                text3                               C28      C28       38      30A       0
                text2                               C98      C98       22      64C       0
                text1                               CBA      CBA       1A      64C       0
                text0                               7B8      7B8      148      30A       0
                cstackCOMRAM                         38       38       17        1       1
                dataCOMRAM                            1        1       37        1       1
                bssCOMRAM                            4F       4F        7        1       1
                cinit                               BEA      BEA       3E      30A       0
                idataCOMRAM                         C60      C60       37      30A       0

TOTAL           Name                               Link     Load   Length     Space
        CLASS   CODE           
                intcode                               8        8       42         0
                init                                 4A       4A        4         0
                reset_vec                             0        0        4         0
                text8                               614      614      1A4         0
                text7                               AF4      AF4       A0         0
                text6                               A00      A00       F4         0
                text5                               900      900      100         0
                text4                               B94      B94       56         0
                text3                               C28      C28       38         0
                text2                               C98      C98       22         0
                text1                               CBA      CBA       1A         0
                text0                               7B8      7B8      148         0
                cinit                               BEA      BEA       3E         0
                idataCOMRAM                         C60      C60       37         0

        CLASS   CONST          

        CLASS   SMALLCONST     
                smallconst                          600      600       14         0

        CLASS   MEDIUMCONST    

        CLASS   COMRAM         
                temp                                 56       56        1         1
                cstackCOMRAM                         38       38       17         1
                dataCOMRAM                            1        1       37         1
                bssCOMRAM                            4F       4F        7         1

        CLASS   ABS1           

        CLASS   BIGRAM         

        CLASS   RAM            

        CLASS   BANK0          

        CLASS   BANK1          

        CLASS   BANK2          

        CLASS   BANK3          

        CLASS   BANK4          

        CLASS   BANK5          

        CLASS   SFR            

        CLASS   BIGSFR         

        CLASS   CONFIG         
                config                           300000   300000        E         4

        CLASS   IDLOC          
                idloc                            200000   200000        8         5

        CLASS   EEDATA         

        CLASS   FARRAM         

        CLASS   HEAP           

        CLASS   STACK          



SEGMENTS        Name                           Load    Length   Top    Selector   Space  Class

                reset_vec                      000000  000004  000004         0       0  CODE    
                dataCOMRAM                     000001  000056  000057         1       1  COMRAM  
                intcode                        000008  000046  00004E         4       0  CODE    
                smallconst                     000600  000014  000614       300       0  SMALLCON
                text8                          000614  000683  000C97       30A       0  CODE    
                text2                          000C98  00003C  000CD4       64C       0  CODE    


UNUSED ADDRESS RANGES

        Name                Unused          Largest block    Delta
        BANK0            000060-0000FF               A0
        BANK1            000100-0001FF              100
        BANK2            000200-0002FF              100
        BANK3            000300-0003FF              100
        BANK4            000400-0004FF              100
        BANK5            000500-0005FF              100
        BIGRAM           000057-0005FF              5A9
        BIGSFR           000F38-000FFF               C8
        CODE             000004-000007                4
                         00004E-0005FF              5B2
                         000C97-000C97                1
                         000CD4-007FFF             732C
        COMRAM           000057-00005F                9
        CONST            000004-000007                4
                         00004E-0005FF              5B2
                         000C97-000C97                1
                         000CD4-007FFF             732C
        EEDATA           F00000-F000FF              100
        MEDIUMCONST      000C97-000C97                1
                         000CD4-007FFF             732C
        RAM              000060-0005FF              100
        SFR              000F38-000FFF               28
        SMALLCONST       000C97-000C97                1
                         000CD4-007FFF              100

                                  Symbol Table

LCD_Init@cmd                            cstackCOMRAM 000046
LCD_Init@display                        cstackCOMRAM 000040
LCD_Out@c                               cstackCOMRAM 00003B
LCD_Write@c                             cstackCOMRAM 00003F
LCD_putc@c                              cstackCOMRAM 00003F
LCD_putrs@a                             cstackCOMRAM 000040
LCD_putrs@i                             cstackCOMRAM 000044
MCU_Delayms@acc                         cstackCOMRAM 00003B
MCU_Delayms@time                        cstackCOMRAM 000038
_ANSELA                                 (abs)        000F38
_ANSELB                                 (abs)        000F39
_ANSELC                                 (abs)        000F3A
_INTCON2bits                            (abs)        000FF1
_INTCONbits                             (abs)        000FF2
_INTERRUPT_InterruptManagerHigh         intcode      000008
_LCD_Init                               text6        000A00
_LCD_Out                                text8        000614
_LCD_Write                              text7        000AF4
_LCD_putc                               text5        000900
_LCD_putrs                              text4        000B94
_MCU_Delayms                            text3        000C28
_MCU_Init                               text1        000CBA
_OSCCONbits                             (abs)        000FD3
_PORTA                                  (abs)        000F80
_PORTB                                  (abs)        000F81
_PORTC                                  (abs)        000F82
_PORTCbits                              (abs)        000F82
_RCONbits                               (abs)        000FD0
_RTCC_Count                             bssCOMRAM    000054
_RTCC_Init                              text2        000C98
_T0CONbits                              (abs)        000FD5
_TMR0H                                  (abs)        000FD7
_TMR0L                                  (abs)        000FD6
_TRISA                                  (abs)        000F92
_TRISB                                  (abs)        000F93
_TRISC                                  (abs)        000F94
_TRISCbits                              (abs)        000F94
__HRAM                                  (abs)        000000
__Habs1                                 abs1         000000
__Hbank0                                bank0        000000
__Hbank1                                bank1        000000
__Hbank2                                bank2        000000
__Hbank3                                bank3        000000
__Hbank4                                bank4        000000
__Hbank5                                bank5        000000
__Hbigbss                               bigbss       000000
__Hbigdata                              bigdata      000000
__Hbigram                               bigram       000000
__Hbigsfr                               bigsfr       000000
__Hbss                                  bss          000000
__HbssCOMRAM                            bssCOMRAM    000000
__Hcinit                                cinit        000000
__Hclrtext                              clrtext      000000
__Hcomram                               comram       000000
__Hconfig                               config       30000E
__Hconst                                const        000000
__HcstackCOMRAM                         cstackCOMRAM 000000
__Hdata                                 data         000000
__HdataCOMRAM                           dataCOMRAM   000000
__Heeprom_data                          eeprom_data  000000
__Hfarbss                               farbss       000000
__Hfardata                              fardata      000000
__Hheap                                 heap         000000
__Hibigdata                             ibigdata     000000
__Hidata                                idata        000000
__HidataCOMRAM                          idataCOMRAM  000000
__Hidloc                                idloc        200008
__Hifardata                             ifardata     000000
__Hinit                                 init         00004E
__Hintcode                              intcode      00004A
__Hintcode_body                         intcode_body 000000
__Hintcodelo                            intcodelo    00004A
__Hintentry                             intentry     000000
__Hintret                               intret       000000
__Hintsave_regs                         intsave_regs 000000
__Hirdata                               irdata       000000
__Hmediumconst                          mediumconst  000000
__HnvFARRAM                             nvFARRAM     000000
__Hnvbit                                nvbit        000000
__Hnvrram                               nvrram       000000
__Hparam                                rparam       000000
__Hpowerup                              powerup      00004A
__Hram                                  ram          000000
__Hramtop                               ramtop       000600
__Hrbit                                 rbit         000000
__Hrbss                                 rbss         000000
__Hrdata                                rdata        000000
__Hreset_vec                            reset_vec    000004
__Hrparam                               rparam       000000
__Hsfr                                  sfr          000000
__Hsmallconst                           smallconst   000614
__Hspace_0                              (abs)        000CD4
__Hspace_1                              (abs)        000057
__Hspace_2                              (abs)        000000
__Hspace_4                              (abs)        60000E
__Hstack                                stack        000000
__Hstruct                               struct       000000
__Htemp                                 temp         000057
__Htext                                 text         000000
__Htext0                                text0        000000
__Htext1                                text1        000000
__Htext2                                text2        000000
__Htext3                                text3        000000
__Htext4                                text4        000000
__Htext5                                text5        000000
__Htext6                                text6        000000
__Htext7                                text7        000000
__Htext8                                text8        000000
__LRAM                                  (abs)        000001
__Labs1                                 abs1         000000
__Lbank0                                bank0        000000
__Lbank1                                bank1        000000
__Lbank2                                bank2        000000
__Lbank3                                bank3        000000
__Lbank4                                bank4        000000
__Lbank5                                bank5        000000
__Lbigbss                               bigbss       000000
__Lbigdata                              bigdata      000000
__Lbigram                               bigram       000000
__Lbigsfr                               bigsfr       000000
__Lbss                                  bss          000000
__LbssCOMRAM                            bssCOMRAM    000000
__Lcinit                                cinit        000000
__Lclrtext                              clrtext      000000
__Lcomram                               comram       000000
__Lconfig                               config       000000
__Lconst                                const        000000
__LcstackCOMRAM                         cstackCOMRAM 000000
__Ldata                                 data         000000
__LdataCOMRAM                           dataCOMRAM   000000
__Leeprom_data                          eeprom_data  000000
__Lfarbss                               farbss       000000
__Lfardata                              fardata      000000
__Lheap                                 heap         000000
__Libigdata                             ibigdata     000000
__Lidata                                idata        000000
__LidataCOMRAM                          idataCOMRAM  000000
__Lidloc                                idloc        000000
__Lifardata                             ifardata     000000
__Linit                                 init         00004A
__Lintcode                              intcode      000008
__Lintcode_body                         intcode_body 000000
__Lintcodelo                            intcodelo    00004A
__Lintentry                             intentry     000000
__Lintret                               intret       000000
__Lintsave_regs                         intsave_regs 000000
__Lirdata                               irdata       000000
__Lmediumconst                          mediumconst  000000
__LnvFARRAM                             nvFARRAM     000000
__Lnvbit                                nvbit        000000
__Lnvrram                               nvrram       000000
__Lparam                                rparam       000000
__Lpowerup                              powerup      00004A
__Lram                                  ram          000000
__Lramtop                               ramtop       000600
__Lrbit                                 rbit         000000
__Lrbss                                 rbss         000000
__Lrdata                                rdata        000000
__Lreset_vec                            reset_vec    000000
__Lrparam                               rparam       000000
__Lsfr                                  sfr          000000
__Lsmallconst                           smallconst   000600
__Lspace_0                              (abs)        000000
__Lspace_1                              (abs)        000000
__Lspace_2                              (abs)        000000
__Lspace_4                              (abs)        000000
__Lstack                                stack        000000
__Lstruct                               struct       000000
__Ltemp                                 temp         000056
__Ltext                                 text         000000
__Ltext0                                text0        000000
__Ltext1                                text1        000000
__Ltext2                                text2        000000
__Ltext3                                text3        000000
__Ltext4                                text4        000000
__Ltext5                                text5        000000
__Ltext6                                text6        000000
__Ltext7                                text7        000000
__Ltext8                                text8        000000
__S0                                    (abs)        000CD4
__S1                                    (abs)        000057
__S4                                    (abs)        000000
__S5                                    (abs)        000000
___heap_hi                              (abs)        000000
___heap_lo                              (abs)        000000
___inthi_sp                             stack        000000
___intlo_sp                             stack        000000
___param_bank                           (abs)        000000
___rparam_used                          (abs)        000001
___sp                                   stack        000000
__accesstop                             (abs)        000060
__activetblptr                          (abs)        000001
__end_of_INTERRUPT_InterruptManagerHigh intcode      00004A
__end_of_LCD_Init                       text6        000AF4
__end_of_LCD_Out                        text8        0007B8
__end_of_LCD_Write                      text7        000B94
__end_of_LCD_putc                       text5        000A00
__end_of_LCD_putrs                      text4        000BEA
__end_of_MCU_Delayms                    text3        000C60
__end_of_MCU_Init                       text1        000CD4
__end_of_RTCC_Init                      text2        000CBA
__end_of__initialization                cinit        000C16
__end_of_main                           text0        000900
__initialization                        cinit        000BEA
__mediumconst                           mediumconst  000000
__pbssCOMRAM                            bssCOMRAM    00004F
__pcinit                                cinit        000BEA
__pcstackCOMRAM                         cstackCOMRAM 000038
__pdataCOMRAM                           dataCOMRAM   000001
__pidataCOMRAM                          idataCOMRAM  000C60
__pintcode                              intcode      000008
__psmallconst                           smallconst   000600
__ptext0                                text0        0007B8
__ptext1                                text1        000CBA
__ptext2                                text2        000C98
__ptext3                                text3        000C28
__ptext4                                text4        000B94
__ptext5                                text5        000900
__ptext6                                text6        000A00
__ptext7                                text7        000AF4
__ptext8                                text8        000614
__ramtop                                ramtop       000600
__smallconst                            smallconst   000600
_lcd                                    bssCOMRAM    00004F
_main                                   text0        0007B8
_text_1                                 dataCOMRAM   000022
_text_2                                 dataCOMRAM   000001
btemp                                   temp         000056
end_of_initialization                   cinit        000C16
int$flags                               temp         000056
intlevel0                               text         000000
intlevel1                               text         000000
intlevel2                               text         000000
intlevel3                               text         000000
isa$std                                 (abs)        000001
isa$xinst                               (abs)        000000
main@F6093                              dataCOMRAM   000033
main@c                                  cstackCOMRAM 00004C
main@c_549                              cstackCOMRAM 00004D
main@c_550                              cstackCOMRAM 00004E
main@lcd                                cstackCOMRAM 000047
stackhi                                 (abs)        000000
stacklo                                 (abs)        000000
start                                   init         00004A
start_initialization                    cinit        000BEA
ttemp5                                  temp         000057
ttemp6                                  temp         00005A
ttemp7                                  temp         00005E
wtemp8                                  temp         000057


MODULE INFORMATION

Module		Function		Class		Link	Load	Size
shared
		__initialization		CODE           	0BEA	0000	44

shared estimated size: 44

lcd.c
		_LCD_Init      		CODE           	0A00	0000	244
		_LCD_Out       		CODE           	0614	0000	420
		_LCD_putc      		CODE           	0900	0000	256
		_LCD_putrs     		CODE           	0B94	0000	86
		_LCD_Write     		CODE           	0AF4	0000	160

lcd.c estimated size: 1166

main.c
		_main          		CODE           	07B8	0000	328
		_RTCC_Init     		CODE           	0C98	0000	34
		_MCU_Init      		CODE           	0CBA	0000	26
		_INTERRUPT_InterruptManagerHigh		CODE           	0008	0000	66
		_MCU_Delayms   		CODE           	0C28	0000	56

main.c estimated size: 510

