Microchip MPLAB XC8 Compiler V2.36

Linker command line:

-W-3 --edf=C:\Program Files\Microchip\xc8\v2.36\pic\dat\en_msgs.txt -cn \
  -h+dist/default/production\XC8-18F25K22_FSCBT986Bluetooth_DHT22Sensor.X.production.sym \
  --cmf=dist/default/production\XC8-18F25K22_FSCBT986Bluetooth_DHT22Sensor.X.production.cmf \
  -z -Q18F25K22 -oC:\Users\mrchu\AppData\Local\Temp\xcAseb8.4 \
  --defsym=__MPLAB_BUILD=1 \
  -Mdist/default/production/XC8-18F25K22_FSCBT986Bluetooth_DHT22Sensor.X.production.map \
  --md=C:\Users\mrchu\AppData\Local\Temp\xcAseb8.dat -E1 -ver=XC8 Compiler \
  --acfsm=1493 -ACODE=00h-07FFFh -ACONST=00h-07FFFh \
  -ASMALLCONST=0600h-06FFhx122 -AMEDIUMCONST=0600h-07FFFh -ACOMRAM=01h-05Fh \
  -AABS1=00h-05FFh -ABIGRAM=01h-05FFh -ARAM=060h-0FFh,0100h-01FFhx5 \
  -ABANK0=060h-0FFh -ABANK1=0100h-01FFh -ABANK2=0200h-02FFh \
  -ABANK3=0300h-03FFh -ABANK4=0400h-04FFh -ABANK5=0500h-05FFh \
  -ASFR=0F38h-0F5Fh,0F60h-0FFFh -ABIGSFR=0F38h-0FFFh \
  -ACONFIG=0300000h-030000Dh -AIDLOC=0200000h-0200007h \
  -AEEDATA=0F00000h-0F000FFh -peeprom_data=EEDATA \
  -preset_vec=00h,intcode=08h,intcodelo=018h,powerup,init -pramtop=0600h \
  -psmallconst=SMALLCONST -pmediumconst=MEDIUMCONST -pconst=CONST \
  -AFARRAM=00h-00h \
  -prdata=COMRAM,nvrram=COMRAM,nvbit=COMRAM,rbss=COMRAM,rbit=COMRAM \
  -pfarbss=FARRAM,fardata=FARRAM,nvFARRAM=FARRAM \
  -pintsave_regs=BIGRAM,bigbss=BIGRAM,bigdata=BIGRAM -pbss=RAM \
  -pidata=CODE,irdata=CODE,ibigdata=CODE,ifardata=CODE -prparam=COMRAM \
  C:\Users\mrchu\AppData\Local\Temp\xcAseb8.o \
  dist/default/production\XC8-18F25K22_FSCBT986Bluetooth_DHT22Sensor.X.production.o 

Object code version is 3.11

Machine type is 18F25K22



                Name                               Link     Load   Length Selector   Space Scale
C:\Users\mrchu\AppData\Local\Temp\xcAseb8.o
                idloc                            200000   200000        8        0       5
                config                           300000   300000        E        0       4
                init                                 26       26        4        C       0
                reset_vec                             0        0        4        0       0
dist/default/production\XC8-18F25K22_FSCBT986Bluetooth_DHT22Sensor.X.production.o
                intcodelo                            18       18        E        C       0
                intcode                               8        8        6        4       0
                idloc                            200000   200000        8        0       5
                config                           300000   300000        E        0       4
                temp                                 59       59        1        1       1
                smallconst                          600      600       D2      300       0
                text43                             3CBC     3CBC       44      369       0
                text42                             3E7C     3E7C       30      369       0
                intcode_body                       3AF4     3AF4       54      369       0
                text39                             3ED8     3ED8        6      369       0
                text38                             2B74     2B74      1B4      369       0
                text37                             3EAC     3EAC       26      369       0
                text36                             3DAA     3DAA       38      369       0
                text35                             3B9A     3B9A       52      369       0
                text34                             2FEE     2FEE      156      369       0
                text33                             36F8     36F8       C4      369       0
                text32                             387E     387E       B0      369       0
                text31                             25C8     25C8      39A      369       0
                text30                             392E     392E       AA      369       0
                text29                             3356     3356      104      369       0
                text28                             219E     219E      42A      369       0
                text27                             3D72     3D72       38      369       0
                text26                             1CDE     1CDE      4C0      369       0
                text25                             3C32     3C32       46      369       0
                text24                             3250     3250      106      369       0
                text23                             345A     345A       FE      369       0
                text22                             2962     2962      212      369       0
                text21                             3EE2     3EE2        2      369       0
                text20                             362E     362E       CA      369       0
                text19                             3C78     3C78       44      369       0
                text18                             3DE2     3DE2       36      369       0
                text17                             37BC     37BC       C2      369       0
                text16                             3A98     3A98       5C      369       0
                text15                             3D3A     3D3A       38      369       0
                text14                             3BEC     3BEC       46      369       0
                text13                              6D2      6D2      C10      369       0
                text12                             3558     3558       D6      369       0
                text11                             12E2     12E2      51A      369       0
                text10                             39D8     39D8       62      369       0
                text9                              3B48     3B48       52      369       0
                text8                              17FC     17FC      4E2      369       0
                text7                              3EDE     3EDE        4      369       0
                text6                              3ED2     3ED2        6      369       0
                text5                              3D00     3D00       3A      369       0
                text4                              3144     3144      10C      369       0
                text3                              2D28     2D28      16E      369       0
                text2                              3E4A     3E4A       32      369       0
                text1                              3A3A     3A3A       5E      369       0
                text0                              2E96     2E96      158      369       0
                cstackCOMRAM                          1        1       52        1       1
                cstackBANK0                          60       60       63       60       1
                cstackBANK1                         1D0      1D0       1A      100       1
                bssBANK1                            100      100       D0      100       1
                bssBANK0                             C3       C3       29       60       1
                bssCOMRAM                            53       53        6        1       1
                cinit                              3E18     3E18       32      369       0

TOTAL           Name                               Link     Load   Length     Space
        CLASS   CODE           
                intcodelo                            18       18        E         0
                intcode                               8        8        6         0
                init                                 26       26        4         0
                reset_vec                             0        0        4         0
                text43                             3CBC     3CBC       44         0
                text42                             3E7C     3E7C       30         0
                intcode_body                       3AF4     3AF4       54         0
                text39                             3ED8     3ED8        6         0
                text38                             2B74     2B74      1B4         0
                text37                             3EAC     3EAC       26         0
                text36                             3DAA     3DAA       38         0
                text35                             3B9A     3B9A       52         0
                text34                             2FEE     2FEE      156         0
                text33                             36F8     36F8       C4         0
                text32                             387E     387E       B0         0
                text31                             25C8     25C8      39A         0
                text30                             392E     392E       AA         0
                text29                             3356     3356      104         0
                text28                             219E     219E      42A         0
                text27                             3D72     3D72       38         0
                text26                             1CDE     1CDE      4C0         0
                text25                             3C32     3C32       46         0
                text24                             3250     3250      106         0
                text23                             345A     345A       FE         0
                text22                             2962     2962      212         0
                text21                             3EE2     3EE2        2         0
                text20                             362E     362E       CA         0
                text19                             3C78     3C78       44         0
                text18                             3DE2     3DE2       36         0
                text17                             37BC     37BC       C2         0
                text16                             3A98     3A98       5C         0
                text15                             3D3A     3D3A       38         0
                text14                             3BEC     3BEC       46         0
                text13                              6D2      6D2      C10         0
                text12                             3558     3558       D6         0
                text11                             12E2     12E2      51A         0
                text10                             39D8     39D8       62         0
                text9                              3B48     3B48       52         0
                text8                              17FC     17FC      4E2         0
                text7                              3EDE     3EDE        4         0
                text6                              3ED2     3ED2        6         0
                text5                              3D00     3D00       3A         0
                text4                              3144     3144      10C         0
                text3                              2D28     2D28      16E         0
                text2                              3E4A     3E4A       32         0
                text1                              3A3A     3A3A       5E         0
                text0                              2E96     2E96      158         0
                cinit                              3E18     3E18       32         0

        CLASS   CONST          

        CLASS   SMALLCONST     
                smallconst                          600      600       D2         0

        CLASS   MEDIUMCONST    

        CLASS   COMRAM         
                temp                                 59       59        1         1
                cstackCOMRAM                          1        1       52         1
                bssCOMRAM                            53       53        6         1

        CLASS   ABS1           

        CLASS   BIGRAM         

        CLASS   RAM            

        CLASS   BANK0          
                cstackBANK0                          60       60       63         1
                bssBANK0                             C3       C3       29         1

        CLASS   BANK1          
                cstackBANK1                         1D0      1D0       1A         1
                bssBANK1                            100      100       D0         1

        CLASS   BANK2          

        CLASS   BANK3          

        CLASS   BANK4          

        CLASS   BANK5          

        CLASS   SFR            

        CLASS   BIGSFR         

        CLASS   CONFIG         
                config                           300000   300000        E         4

        CLASS   IDLOC          
                idloc                            200000   200000        8         5

        CLASS   EEDATA         

        CLASS   FARRAM         

        CLASS   HEAP           

        CLASS   STACK          



SEGMENTS        Name                           Load    Length   Top    Selector   Space  Class

                reset_vec                      000000  000004  000004         0       0  CODE    
                cstackCOMRAM                   000001  000059  00005A         1       1  COMRAM  
                intcode                        000008  000006  00000E         4       0  CODE    
                intcodelo                      000018  000012  00002A         C       0  CODE    
                cstackBANK0                    000060  00008C  0000EC        60       1  BANK0   
                bssBANK1                       000100  0000EA  0001EA       100       1  BANK1   
                smallconst                     000600  0000D2  0006D2       300       0  SMALLCON
                text13                         0006D2  003812  003EE4       369       0  CODE    


UNUSED ADDRESS RANGES

        Name                Unused          Largest block    Delta
        BANK0            0000EC-0000FF               14
        BANK1            0001EA-0001FF               16
        BANK2            000200-0002FF              100
        BANK3            000300-0003FF              100
        BANK4            000400-0004FF              100
        BANK5            000500-0005FF              100
        BIGRAM           00005A-00005F                6
                         0000EC-0000FF               14
                         0001EA-0005FF              416
        BIGSFR           000F38-000FFF               C8
        CODE             000004-000007                4
                         00000E-000017                A
                         00002A-0005FF              5D6
                         003EE4-007FFF             411C
        COMRAM           00005A-00005F                6
        CONST            000004-000007                4
                         00000E-000017                A
                         00002A-0005FF              5D6
                         003EE4-007FFF             411C
        EEDATA           F00000-F000FF              100
        MEDIUMCONST      003EE4-007FFF             411C
        RAM              0000EC-0000FF               14
                         0001EA-0005FF              100
        SFR              000F38-000FFF               28
        SMALLCONST       003EE4-007FFF              100

                                  Symbol Table

?___aldiv                          cstackCOMRAM 000006
?___awdiv                          cstackCOMRAM 000006
?___awmod                          cstackCOMRAM 000006
?___fladd                          cstackCOMRAM 000006
?___fldiv                          cstackCOMRAM 000014
?___flmul                          cstackCOMRAM 000006
?___flneg                          cstackCOMRAM 000006
?___flsub                          cstackCOMRAM 00001F
?___fltol                          cstackCOMRAM 000006
?___fpclassifyf                    cstackCOMRAM 000006
?___wmul                           cstackCOMRAM 000006
?___xxtofl                         cstackCOMRAM 000006
?_atoi                             cstackCOMRAM 00000D
?_efgtoa                           cstackCOMRAM 000041
?_floorf                           cstackCOMRAM 00002D
?_isdigit                          cstackCOMRAM 000006
?_isspace                          cstackCOMRAM 000006
?_isupper                          cstackCOMRAM 000006
?_pad                              cstackCOMRAM 000016
?_sprintf                          cstackBANK0  0000A6
?_strlen                           cstackCOMRAM 000006
?_strncmp                          cstackCOMRAM 000006
?_tolower                          cstackCOMRAM 00000C
?_vfpfcnvrt                        cstackCOMRAM 00004D
?_vfprintf                         cstackBANK0  00009E
DHT22_Read@bits                    cstackBANK1  0001D7
DHT22_Read@h                       cstackBANK1  0001E0
DHT22_Read@i                       cstackBANK1  0001DE
DHT22_Read@j                       cstackBANK1  0001DF
DHT22_Read@rawH                    cstackBANK1  0001D0
DHT22_Read@rawT                    cstackBANK1  0001DC
DHT22_Read@result                  cstackBANK1  0001D6
DHT22_Read@sensor                  cstackBANK0  0000BB
DHT22_Read@t                       cstackBANK1  0001E4
DHT22_Read@timeout                 cstackBANK1  0001E8
UART1_Initialize@baudRate          cstackCOMRAM 000014
UART1_Initialize@brgValue          cstackCOMRAM 00001C
UART1_PutStr@dataStr               cstackCOMRAM 000008
UART1_RxISR@data                   cstackCOMRAM 000001
UART1_RxISR@nextHead               cstackCOMRAM 000002
UART1_Write@data                   cstackCOMRAM 000006
UART1_Write@nextHead               cstackCOMRAM 000007
_ANSELA                            (abs)        000F38
_ANSELB                            (abs)        000F39
_ANSELC                            (abs)        000F3A
_ANSELCbits                        (abs)        000F3A
_BAUDCON1bits                      (abs)        000FB8
_DHT22_Initialize                  text39       003ED8
_DHT22_Read                        text8        0017FC
_DHT22_Read$310                    cstackBANK1  0001D2
_INTCONbits                        (abs)        000FF2
_INTERRUPT_HighManager             intcode      000008
_INTERRUPT_Initialize              text7        003EDE
_INTERRUPT_InterruptEnable         text6        003ED2
_INTERRUPT_LowManager              intcodelo    000018
_IPR1bits                          (abs)        000F9F
_LATA                              (abs)        000F89
_LATB                              (abs)        000F8A
_LATC                              (abs)        000F8B
_LATCbits                          (abs)        000F8B
_MCU_Initialize                    text5        003D00
_OSCCONbits                        (abs)        000FD3
_PIE1bits                          (abs)        000F9D
_PIR1bits                          (abs)        000F9E
_PORTCbits                         (abs)        000F82
_RCONbits                          (abs)        000FD0
_RCREG                             (abs)        000FAE
_RCSTAbits                         (abs)        000FAB
_SPBRG                             (abs)        000FAF
_SPBRGH                            (abs)        000FB0
_TRISA                             (abs)        000F92
_TRISB                             (abs)        000F93
_TRISC                             (abs)        000F94
_TRISCbits                         (abs)        000F94
_TXREG                             (abs)        000FAD
_TXSTAbits                         (abs)        000FAC
_UART1_Initialize                  text3        002D28
_UART1_PutStr                      text1        003A3A
_UART1_RxISR                       text43       003CBC
_UART1_TxISR                       text42       003E7C
_UART1_Write                       text2        003E4A
__HRAM                             (abs)        000000
__Habs1                            abs1         000000
__Hbank0                           bank0        000000
__Hbank1                           bank1        000000
__Hbank2                           bank2        000000
__Hbank3                           bank3        000000
__Hbank4                           bank4        000000
__Hbank5                           bank5        000000
__Hbigbss                          bigbss       000000
__Hbigdata                         bigdata      000000
__Hbigram                          bigram       000000
__Hbigsfr                          bigsfr       000000
__Hbss                             bss          000000
__HbssBANK0                        bssBANK0     000000
__HbssBANK1                        bssBANK1     000000
__HbssCOMRAM                       bssCOMRAM    000000
__Hcinit                           cinit        000000
__Hclrtext                         clrtext      000000
__Hcomram                          comram       000000
__Hconfig                          config       30000E
__Hconst                           const        000000
__HcstackBANK0                     cstackBANK0  000000
__HcstackBANK1                     cstackBANK1  000000
__HcstackCOMRAM                    cstackCOMRAM 000000
__Hdata                            data         000000
__Heeprom_data                     eeprom_data  000000
__Hfarbss                          farbss       000000
__Hfardata                         fardata      000000
__Hheap                            heap         000000
__Hibigdata                        ibigdata     000000
__Hidata                           idata        000000
__Hidloc                           idloc        200008
__Hifardata                        ifardata     000000
__Hinit                            init         00002A
__Hintcode                         intcode      00000E
__Hintcode_body                    intcode_body 000000
__Hintcodelo                       intcodelo    000026
__Hintentry                        intentry     000000
__Hintret                          intret       000000
__Hintsave_regs                    intsave_regs 000000
__Hirdata                          irdata       000000
__Hmediumconst                     mediumconst  000000
__HnvFARRAM                        nvFARRAM     000000
__Hnvbit                           nvbit        000000
__Hnvrram                          nvrram       000000
__Hparam                           rparam       000000
__Hpowerup                         powerup      000026
__Hram                             ram          000000
__Hramtop                          ramtop       000600
__Hrbit                            rbit         000000
__Hrbss                            rbss         000000
__Hrdata                           rdata        000000
__Hreset_vec                       reset_vec    000004
__Hrparam                          rparam       000000
__Hsfr                             sfr          000000
__Hsmallconst                      smallconst   0006D2
__Hspace_0                         (abs)        003EE4
__Hspace_1                         (abs)        0001EA
__Hspace_2                         (abs)        000000
__Hspace_4                         (abs)        60000E
__Hstack                           stack        000000
__Hstruct                          struct       000000
__Htemp                            temp         00005A
__Htext                            text         000000
__Htext0                           text0        000000
__Htext1                           text1        000000
__Htext10                          text10       000000
__Htext11                          text11       000000
__Htext12                          text12       000000
__Htext13                          text13       000000
__Htext14                          text14       000000
__Htext15                          text15       000000
__Htext16                          text16       000000
__Htext17                          text17       000000
__Htext18                          text18       000000
__Htext19                          text19       000000
__Htext2                           text2        000000
__Htext20                          text20       000000
__Htext21                          text21       000000
__Htext22                          text22       000000
__Htext23                          text23       000000
__Htext24                          text24       000000
__Htext25                          text25       000000
__Htext26                          text26       000000
__Htext27                          text27       000000
__Htext28                          text28       000000
__Htext29                          text29       000000
__Htext3                           text3        000000
__Htext30                          text30       000000
__Htext31                          text31       000000
__Htext32                          text32       000000
__Htext33                          text33       000000
__Htext34                          text34       000000
__Htext35                          text35       000000
__Htext36                          text36       000000
__Htext37                          text37       000000
__Htext38                          text38       000000
__Htext39                          text39       000000
__Htext4                           text4        000000
__Htext42                          text42       000000
__Htext43                          text43       000000
__Htext5                           text5        000000
__Htext6                           text6        000000
__Htext7                           text7        000000
__Htext8                           text8        000000
__Htext9                           text9        000000
__LRAM                             (abs)        000001
__Labs1                            abs1         000000
__Lbank0                           bank0        000000
__Lbank1                           bank1        000000
__Lbank2                           bank2        000000
__Lbank3                           bank3        000000
__Lbank4                           bank4        000000
__Lbank5                           bank5        000000
__Lbigbss                          bigbss       000000
__Lbigdata                         bigdata      000000
__Lbigram                          bigram       000000
__Lbigsfr                          bigsfr       000000
__Lbss                             bss          000000
__LbssBANK0                        bssBANK0     000000
__LbssBANK1                        bssBANK1     000000
__LbssCOMRAM                       bssCOMRAM    000000
__Lcinit                           cinit        000000
__Lclrtext                         clrtext      000000
__Lcomram                          comram       000000
__Lconfig                          config       000000
__Lconst                           const        000000
__LcstackBANK0                     cstackBANK0  000000
__LcstackBANK1                     cstackBANK1  000000
__LcstackCOMRAM                    cstackCOMRAM 000000
__Ldata                            data         000000
__Leeprom_data                     eeprom_data  000000
__Lfarbss                          farbss       000000
__Lfardata                         fardata      000000
__Lheap                            heap         000000
__Libigdata                        ibigdata     000000
__Lidata                           idata        000000
__Lidloc                           idloc        000000
__Lifardata                        ifardata     000000
__Linit                            init         000026
__Lintcode                         intcode      000008
__Lintcode_body                    intcode_body 000000
__Lintcodelo                       intcodelo    000018
__Lintentry                        intentry     000000
__Lintret                          intret       000000
__Lintsave_regs                    intsave_regs 000000
__Lirdata                          irdata       000000
__Lmediumconst                     mediumconst  000000
__LnvFARRAM                        nvFARRAM     000000
__Lnvbit                           nvbit        000000
__Lnvrram                          nvrram       000000
__Lparam                           rparam       000000
__Lpowerup                         powerup      000026
__Lram                             ram          000000
__Lramtop                          ramtop       000600
__Lrbit                            rbit         000000
__Lrbss                            rbss         000000
__Lrdata                           rdata        000000
__Lreset_vec                       reset_vec    000000
__Lrparam                          rparam       000000
__Lsfr                             sfr          000000
__Lsmallconst                      smallconst   000600
__Lspace_0                         (abs)        000000
__Lspace_1                         (abs)        000000
__Lspace_2                         (abs)        000000
__Lspace_4                         (abs)        000000
__Lstack                           stack        000000
__Lstruct                          struct       000000
__Ltemp                            temp         000059
__Ltext                            text         000000
__Ltext0                           text0        000000
__Ltext1                           text1        000000
__Ltext10                          text10       000000
__Ltext11                          text11       000000
__Ltext12                          text12       000000
__Ltext13                          text13       000000
__Ltext14                          text14       000000
__Ltext15                          text15       000000
__Ltext16                          text16       000000
__Ltext17                          text17       000000
__Ltext18                          text18       000000
__Ltext19                          text19       000000
__Ltext2                           text2        000000
__Ltext20                          text20       000000
__Ltext21                          text21       000000
__Ltext22                          text22       000000
__Ltext23                          text23       000000
__Ltext24                          text24       000000
__Ltext25                          text25       000000
__Ltext26                          text26       000000
__Ltext27                          text27       000000
__Ltext28                          text28       000000
__Ltext29                          text29       000000
__Ltext3                           text3        000000
__Ltext30                          text30       000000
__Ltext31                          text31       000000
__Ltext32                          text32       000000
__Ltext33                          text33       000000
__Ltext34                          text34       000000
__Ltext35                          text35       000000
__Ltext36                          text36       000000
__Ltext37                          text37       000000
__Ltext38                          text38       000000
__Ltext39                          text39       000000
__Ltext4                           text4        000000
__Ltext42                          text42       000000
__Ltext43                          text43       000000
__Ltext5                           text5        000000
__Ltext6                           text6        000000
__Ltext7                           text7        000000
__Ltext8                           text8        000000
__Ltext9                           text9        000000
__S0                               (abs)        003EE4
__S1                               (abs)        0001EA
__S4                               (abs)        000000
__S5                               (abs)        000000
___aldiv                           text4        003144
___aldiv@counter                   cstackCOMRAM 00000E
___aldiv@dividend                  cstackCOMRAM 000006
___aldiv@divisor                   cstackCOMRAM 00000A
___aldiv@quotient                  cstackCOMRAM 000010
___aldiv@sign                      cstackCOMRAM 00000F
___awdiv                           text33       0036F8
___awdiv@counter                   cstackCOMRAM 00000A
___awdiv@dividend                  cstackCOMRAM 000006
___awdiv@divisor                   cstackCOMRAM 000008
___awdiv@quotient                  cstackCOMRAM 00000C
___awdiv@sign                      cstackCOMRAM 00000B
___awmod                           text32       00387E
___awmod@counter                   cstackCOMRAM 00000A
___awmod@dividend                  cstackCOMRAM 000006
___awmod@divisor                   cstackCOMRAM 000008
___awmod@sign                      cstackCOMRAM 00000B
___fladd                           text26       001CDE
___fladd@a                         cstackCOMRAM 00000A
___fladd@aexp                      cstackCOMRAM 000013
___fladd@b                         cstackCOMRAM 000006
___fladd@bexp                      cstackCOMRAM 000014
___fladd@grs                       cstackCOMRAM 000015
___fladd@signs                     cstackCOMRAM 000012
___fldiv                           text31       0025C8
___fldiv@a                         cstackCOMRAM 000018
___fldiv@aexp                      cstackCOMRAM 00002C
___fldiv@b                         cstackCOMRAM 000014
___fldiv@bexp                      cstackCOMRAM 00002B
___fldiv@grs                       cstackCOMRAM 000027
___fldiv@new_exp                   cstackCOMRAM 000025
___fldiv@rem                       cstackCOMRAM 000020
___fldiv@sign                      cstackCOMRAM 000024
___fleq                            text30       00392E
___fleq@ff1                        cstackCOMRAM 000006
___fleq@ff2                        cstackCOMRAM 00000A
___flge                            text29       003356
___flge@ff1                        cstackCOMRAM 00001F
___flge@ff2                        cstackCOMRAM 000023
___flmul                           text28       00219E
___flmul@a                         cstackCOMRAM 00000A
___flmul@aexp                      cstackCOMRAM 000013
___flmul@b                         cstackCOMRAM 000006
___flmul@bexp                      cstackCOMRAM 000018
___flmul@grs                       cstackCOMRAM 000014
___flmul@prod                      cstackCOMRAM 000019
___flmul@sign                      cstackCOMRAM 000012
___flmul@temp                      cstackCOMRAM 00001D
___flneg                           text27       003D72
___flneg@f1                        cstackCOMRAM 000006
___flsub                           text25       003C32
___flsub@a                         cstackCOMRAM 000023
___flsub@b                         cstackCOMRAM 00001F
___fltol                           text24       003250
___fltol@exp1                      cstackCOMRAM 00000F
___fltol@f1                        cstackCOMRAM 000006
___fltol@sign1                     cstackCOMRAM 00000E
___fpclassifyf                     text23       00345A
___fpclassifyf@F465                bssBANK0     0000CC
___fpclassifyf@e                   cstackCOMRAM 00000E
___fpclassifyf@u                   cstackCOMRAM 000010
___fpclassifyf@x                   cstackCOMRAM 000006
___heap_hi                         (abs)        000000
___heap_lo                         (abs)        000000
___inthi_sp                        stack        000000
___intlo_sp                        stack        000000
___param_bank                      (abs)        000000
___rparam_used                     (abs)        000001
___sp                              stack        000000
___wmul                            text37       003EAC
___wmul@multiplicand               cstackCOMRAM 000008
___wmul@multiplier                 cstackCOMRAM 000006
___wmul@product                    cstackCOMRAM 00000A
___xxtofl                          text38       002B74
___xxtofl@arg                      cstackCOMRAM 000010
___xxtofl@exp                      cstackCOMRAM 00000F
___xxtofl@sign                     cstackCOMRAM 00000E
___xxtofl@val                      cstackCOMRAM 000006
__accesstop                        (abs)        000060
__activetblptr                     (abs)        000002
__end_of_DHT22_Initialize          text39       003EDE
__end_of_DHT22_Read                text8        001CDE
__end_of_INTERRUPT_HighManager     intcode_body 003B48
__end_of_INTERRUPT_Initialize      text7        003EE2
__end_of_INTERRUPT_InterruptEnable text6        003ED8
__end_of_INTERRUPT_LowManager      intcodelo    000026
__end_of_MCU_Initialize            text5        003D3A
__end_of_UART1_Initialize          text3        002E96
__end_of_UART1_PutStr              text1        003A98
__end_of_UART1_RxISR               text43       003D00
__end_of_UART1_TxISR               text42       003EAC
__end_of_UART1_Write               text2        003E7C
__end_of___aldiv                   text4        003250
__end_of___awdiv                   text33       0037BC
__end_of___awmod                   text32       00392E
__end_of___fladd                   text26       00219E
__end_of___fldiv                   text31       002962
__end_of___fleq                    text30       0039D8
__end_of___flge                    text29       00345A
__end_of___flmul                   text28       0025C8
__end_of___flneg                   text27       003DAA
__end_of___flsub                   text25       003C78
__end_of___fltol                   text24       003356
__end_of___fpclassifyf             text23       003558
__end_of___wmul                    text37       003ED2
__end_of___xxtofl                  text38       002D28
__end_of__initialization           cinit        003E3C
__end_of_atoi                      text34       003144
__end_of_efgtoa                    text13       0012E2
__end_of_floorf                    text22       002B74
__end_of_fputc                     text20       0036F8
__end_of_fputs                     text19       003CBC
__end_of_isdigit                   text36       003DE2
__end_of_isspace                   text35       003BEC
__end_of_isupper                   text15       003D72
__end_of_main                      text0        002FEE
__end_of_pad                       text17       00387E
__end_of_putch                     text21       003EE4
__end_of_sprintf                   text9        003B9A
__end_of_strcpy                    text16       003AF4
__end_of_strlen                    text18       003E18
__end_of_strncmp                   text12       00362E
__end_of_tolower                   text14       003C32
__end_of_vfpfcnvrt                 text11       0017FC
__end_of_vfprintf                  text10       003A3A
__initialization                   cinit        003E18
__mediumconst                      mediumconst  000000
__pbssBANK0                        bssBANK0     0000C3
__pbssBANK1                        bssBANK1     000100
__pbssCOMRAM                       bssCOMRAM    000053
__pcinit                           cinit        003E18
__pcstackBANK0                     cstackBANK0  000060
__pcstackBANK1                     cstackBANK1  0001D0
__pcstackCOMRAM                    cstackCOMRAM 000001
__pintcode                         intcode      000008
__pintcode_body                    intcode_body 003AF4
__pintcodelo                       intcodelo    000018
__psmallconst                      smallconst   000600
__ptext0                           text0        002E96
__ptext1                           text1        003A3A
__ptext10                          text10       0039D8
__ptext11                          text11       0012E2
__ptext12                          text12       003558
__ptext13                          text13       0006D2
__ptext14                          text14       003BEC
__ptext15                          text15       003D3A
__ptext16                          text16       003A98
__ptext17                          text17       0037BC
__ptext18                          text18       003DE2
__ptext19                          text19       003C78
__ptext2                           text2        003E4A
__ptext20                          text20       00362E
__ptext21                          text21       003EE2
__ptext22                          text22       002962
__ptext23                          text23       00345A
__ptext24                          text24       003250
__ptext25                          text25       003C32
__ptext26                          text26       001CDE
__ptext27                          text27       003D72
__ptext28                          text28       00219E
__ptext29                          text29       003356
__ptext3                           text3        002D28
__ptext30                          text30       00392E
__ptext31                          text31       0025C8
__ptext32                          text32       00387E
__ptext33                          text33       0036F8
__ptext34                          text34       002FEE
__ptext35                          text35       003B9A
__ptext36                          text36       003DAA
__ptext37                          text37       003EAC
__ptext38                          text38       002B74
__ptext39                          text39       003ED8
__ptext4                           text4        003144
__ptext42                          text42       003E7C
__ptext43                          text43       003CBC
__ptext5                           text5        003D00
__ptext6                           text6        003ED2
__ptext7                           text7        003EDE
__ptext8                           text8        0017FC
__ptext9                           text9        003B48
__ramtop                           ramtop       000600
__smallconst                       smallconst   000600
_atoi                              text34       002FEE
_dbuf                              bssBANK1     000180
_efgtoa                            text13       0006D2
_efgtoa$1563                       cstackBANK0  000060
_efgtoa$1571                       cstackBANK0  000062
_efgtoa$1572                       cstackBANK0  000064
_flags                             bssCOMRAM    000053
_floorf                            text22       002962
_fputc                             text20       00362E
_fputs                             text19       003C78
_isdigit                           text36       003DAA
_isspace                           text35       003B9A
_isspace$1650                      cstackCOMRAM 00000C
_isupper                           text15       003D3A
_main                              text0        002E96
_miDHT_Sensor                      bssBANK0     0000D6
_nout                              bssBANK0     0000D0
_pad                               text17       0037BC
_prec                              bssBANK0     0000D4
_putch                             text21       003EE2
_rxBuffer                          bssBANK1     000140
_rxHead                            bssCOMRAM    000058
_rxTail                            bssCOMRAM    000057
_sprintf                           text9        003B48
_strcpy                            text16       003A98
_strlen                            text18       003DE2
_strncmp                           text12       003558
_tolower                           text14       003BEC
_txBuffer                          bssBANK1     000100
_txHead                            bssCOMRAM    000056
_txTail                            bssCOMRAM    000055
_vfpfcnvrt                         text11       0012E2
_vfprintf                          text10       0039D8
_width                             bssBANK0     0000D2
atoi@n                             cstackCOMRAM 000015
atoi@neg                           cstackCOMRAM 000013
atoi@s                             cstackCOMRAM 00000D
btemp                              temp         000059
efgtoa@c                           cstackCOMRAM 000047
efgtoa@d                           cstackBANK0  000072
efgtoa@e                           cstackBANK0  00008A
efgtoa@f                           cstackCOMRAM 000043
efgtoa@fp                          cstackCOMRAM 000041
efgtoa@g                           cstackBANK0  000086
efgtoa@h                           cstackBANK0  00007C
efgtoa@i                           cstackBANK0  000084
efgtoa@l                           cstackBANK0  000080
efgtoa@m                           cstackBANK0  00006C
efgtoa@mode                        cstackBANK0  00007B
efgtoa@n                           cstackBANK0  00008C
efgtoa@ne                          cstackBANK0  00006A
efgtoa@nmode                       cstackBANK0  00007A
efgtoa@ou                          cstackBANK0  00006E
efgtoa@p                           cstackBANK0  000076
efgtoa@pp                          cstackBANK0  000068
efgtoa@sign                        cstackBANK0  000074
efgtoa@t                           cstackBANK0  000066
efgtoa@u                           cstackBANK0  00008E
efgtoa@w                           cstackBANK0  000078
end_of_initialization              cinit        003E3C
floorf@F526                        bssBANK0     0000C8
floorf@e                           cstackCOMRAM 00003B
floorf@m                           cstackCOMRAM 000037
floorf@u                           cstackCOMRAM 00003D
floorf@x                           cstackCOMRAM 00002D
fputc@c                            cstackCOMRAM 000006
fputc@fp                           cstackCOMRAM 000008
fputs@c                            cstackCOMRAM 000013
fputs@fp                           cstackCOMRAM 000011
fputs@i                            cstackCOMRAM 000014
fputs@s                            cstackCOMRAM 00000F
int$flags                          temp         000059
int_func                           intcode_body 003AF4
intlevel0                          text         000000
intlevel1                          text         000000
intlevel2                          text         000000
intlevel3                          text         000000
isa$std                            (abs)        000001
isa$xinst                          (abs)        000000
isdigit@c                          cstackCOMRAM 000006
isspace@c                          cstackCOMRAM 000006
isupper@c                          cstackCOMRAM 000006
pad@buf                            cstackCOMRAM 000018
pad@fp                             cstackCOMRAM 000016
pad@i                              cstackCOMRAM 00001D
pad@p                              cstackCOMRAM 00001A
pad@w                              cstackCOMRAM 00001F
sprintf@ap                         cstackBANK0  0000AE
sprintf@f                          cstackBANK0  0000B0
sprintf@fmt                        cstackBANK0  0000A8
sprintf@s                          cstackBANK0  0000A6
stackhi                            (abs)        000000
stacklo                            (abs)        000000
start                              init         000026
start_initialization               cinit        003E18
strcpy@d                           cstackCOMRAM 00000E
strcpy@dest                        cstackCOMRAM 000006
strcpy@s                           cstackCOMRAM 00000C
strcpy@src                         cstackCOMRAM 000008
strlen@a                           cstackCOMRAM 000008
strlen@s                           cstackCOMRAM 000006
strncmp@_l                         cstackCOMRAM 000006
strncmp@_r                         cstackCOMRAM 000008
strncmp@l                          cstackCOMRAM 00000D
strncmp@n                          cstackCOMRAM 00000A
strncmp@r                          cstackCOMRAM 00000F
tolower@c                          cstackCOMRAM 00000C
ttemp5                             temp         00005A
ttemp6                             temp         00005D
ttemp7                             temp         000061
vfpfcnvrt@ap                       cstackCOMRAM 000051
vfpfcnvrt@c                        cstackBANK0  00009D
vfpfcnvrt@ct                       cstackBANK0  00009A
vfpfcnvrt@f                        cstackBANK0  000096
vfpfcnvrt@fmt                      cstackCOMRAM 00004F
vfpfcnvrt@fp                       cstackCOMRAM 00004D
vfprintf@ap                        cstackBANK0  0000A2
vfprintf@cfmt                      cstackBANK0  0000A4
vfprintf@fmt                       cstackBANK0  0000A0
vfprintf@fp                        cstackBANK0  00009E
wtemp8                             temp         00005A


MODULE INFORMATION

Module		Function		Class		Link	Load	Size
C:\Program Files\Microchip\xc8\v2.36\pic\sources\c99\common\putch.c
		_putch         		CODE           	3EE2	0000	2

C:\Program Files\Microchip\xc8\v2.36\pic\sources\c99\common\putch.c estimated size: 2

C:\Program Files\Microchip\xc8\v2.36\pic\sources\c99\common\nf_fputs.c
		_fputs         		CODE           	3C78	0000	68

C:\Program Files\Microchip\xc8\v2.36\pic\sources\c99\common\nf_fputs.c estimated size: 68

C:\Program Files\Microchip\xc8\v2.36\pic\sources\c99\common\strncmp.c
		_strncmp       		CODE           	3558	0000	214

C:\Program Files\Microchip\xc8\v2.36\pic\sources\c99\common\strncmp.c estimated size: 214

C:\Program Files\Microchip\xc8\v2.36\pic\sources\c99\common\tolower.c
		_tolower       		CODE           	3BEC	0000	70

C:\Program Files\Microchip\xc8\v2.36\pic\sources\c99\common\tolower.c estimated size: 70

C:\Program Files\Microchip\xc8\v2.36\pic\sources\c99\common\__fpclassifyf.c
		___fpclassifyf 		CODE           	345A	0000	254

C:\Program Files\Microchip\xc8\v2.36\pic\sources\c99\common\__fpclassifyf.c estimated size: 254

C:\Program Files\Microchip\xc8\v2.36\pic\sources\c99\common\sprcmul.c
		___flmul       		CODE           	219E	0000	1066

C:\Program Files\Microchip\xc8\v2.36\pic\sources\c99\common\sprcmul.c estimated size: 1066

C:\Program Files\Microchip\xc8\v2.36\pic\sources\c99\common\floorf.c
		_floorf        		CODE           	2962	0000	530

C:\Program Files\Microchip\xc8\v2.36\pic\sources\c99\common\floorf.c estimated size: 530

C:\Program Files\Microchip\xc8\v2.36\pic\sources\c99\common\sprcdiv.c
		___fldiv       		CODE           	25C8	0000	922

C:\Program Files\Microchip\xc8\v2.36\pic\sources\c99\common\sprcdiv.c estimated size: 922

C:\Program Files\Microchip\xc8\v2.36\pic\sources\c99\common\atoi.c
		_atoi          		CODE           	2FEE	0000	342

C:\Program Files\Microchip\xc8\v2.36\pic\sources\c99\common\atoi.c estimated size: 342

C:\Program Files\Microchip\xc8\v2.36\pic\sources\c99\common\fleq.c
		___fleq        		CODE           	392E	0000	170

C:\Program Files\Microchip\xc8\v2.36\pic\sources\c99\common\fleq.c estimated size: 170

C:\Program Files\Microchip\xc8\v2.36\pic\sources\c99\common\awmod.c
		___awmod       		CODE           	387E	0000	176

C:\Program Files\Microchip\xc8\v2.36\pic\sources\c99\common\awmod.c estimated size: 176

C:\Program Files\Microchip\xc8\v2.36\pic\sources\c99\common\nf_sprintf.c
		_sprintf       		CODE           	3B48	0000	82

C:\Program Files\Microchip\xc8\v2.36\pic\sources\c99\common\nf_sprintf.c estimated size: 82

C:\Program Files\Microchip\xc8\v2.36\pic\sources\c99\common\isspace.c
		_isspace       		CODE           	3B9A	0000	82

C:\Program Files\Microchip\xc8\v2.36\pic\sources\c99\common\isspace.c estimated size: 82

C:\Program Files\Microchip\xc8\v2.36\pic\sources\c99\common\xxtofl.c
		___xxtofl      		CODE           	2B74	0000	436

C:\Program Files\Microchip\xc8\v2.36\pic\sources\c99\common\xxtofl.c estimated size: 436

C:\Program Files\Microchip\xc8\v2.36\pic\sources\c99\common\strlen.c
		_strlen        		CODE           	3DE2	0000	54

C:\Program Files\Microchip\xc8\v2.36\pic\sources\c99\common\strlen.c estimated size: 54

C:\Program Files\Microchip\xc8\v2.36\pic\sources\c99\common\strcpy.c
		_strcpy        		CODE           	3A98	0000	92

C:\Program Files\Microchip\xc8\v2.36\pic\sources\c99\common\strcpy.c estimated size: 92

C:\Program Files\Microchip\xc8\v2.36\pic\sources\c99\common\nf_fputc.c
		_fputc         		CODE           	362E	0000	202

C:\Program Files\Microchip\xc8\v2.36\pic\sources\c99\common\nf_fputc.c estimated size: 202

C:\Program Files\Microchip\xc8\v2.36\pic\sources\c99\common\isdigit.c
		_isdigit       		CODE           	3DAA	0000	56

C:\Program Files\Microchip\xc8\v2.36\pic\sources\c99\common\isdigit.c estimated size: 56

C:\Program Files\Microchip\xc8\v2.36\pic\sources\c99\common\sprcadd.c
		___flsub       		CODE           	3C32	0000	70
		___fladd       		CODE           	1CDE	0000	1216

C:\Program Files\Microchip\xc8\v2.36\pic\sources\c99\common\sprcadd.c estimated size: 1286

C:\Program Files\Microchip\xc8\v2.36\pic\sources\c99\common\awdiv.c
		___awdiv       		CODE           	36F8	0000	196

C:\Program Files\Microchip\xc8\v2.36\pic\sources\c99\common\awdiv.c estimated size: 196

C:\Program Files\Microchip\xc8\v2.36\pic\sources\c99\common\doprnt.c
		_vfpfcnvrt     		CODE           	12E2	0000	1306
		_efgtoa        		CODE           	06D2	0000	3088
		_pad           		CODE           	37BC	0000	194
		_vfprintf      		CODE           	39D8	0000	98

C:\Program Files\Microchip\xc8\v2.36\pic\sources\c99\common\doprnt.c estimated size: 4686

C:\Program Files\Microchip\xc8\v2.36\pic\sources\c99\common\fltol.c
		___fltol       		CODE           	3250	0000	262

C:\Program Files\Microchip\xc8\v2.36\pic\sources\c99\common\fltol.c estimated size: 262

shared
		__initialization		CODE           	3E18	0000	36

shared estimated size: 36

C:\Program Files\Microchip\xc8\v2.36\pic\sources\c99\common\aldiv.c
		___aldiv       		CODE           	3144	0000	268

C:\Program Files\Microchip\xc8\v2.36\pic\sources\c99\common\aldiv.c estimated size: 268

C:\Program Files\Microchip\xc8\v2.36\pic\sources\c99\common\flge.c
		___flge        		CODE           	3356	0000	260

C:\Program Files\Microchip\xc8\v2.36\pic\sources\c99\common\flge.c estimated size: 260

INTERRUPTManager.c
		_INTERRUPT_Initialize		CODE           	3EDE	0000	4
		_INTERRUPT_InterruptEnable		CODE           	3ED2	0000	6
		_INTERRUPT_LowManager		CODE           	0018	0000	14
		_INTERRUPT_HighManager		CODE           	0008	0000	90

INTERRUPTManager.c estimated size: 114

uart1.c
		_UART1_TxISR   		CODE           	3E7C	0000	48
		_UART1_Write   		CODE           	3E4A	0000	50
		_UART1_PutStr  		CODE           	3A3A	0000	94
		_UART1_Initialize		CODE           	2D28	0000	366
		_UART1_RxISR   		CODE           	3CBC	0000	68

uart1.c estimated size: 626

main.c
		_MCU_Initialize		CODE           	3D00	0000	58
		_main          		CODE           	2E96	0000	344

main.c estimated size: 402

dht22.c
		_DHT22_Initialize		CODE           	3ED8	0000	6
		_DHT22_Read    		CODE           	17FC	0000	1250

dht22.c estimated size: 1256

C:\Program Files\Microchip\xc8\v2.36\pic\sources\c99\common\Umul16.c
		___wmul        		CODE           	3EAC	0000	38

C:\Program Files\Microchip\xc8\v2.36\pic\sources\c99\common\Umul16.c estimated size: 38

C:\Program Files\Microchip\xc8\v2.36\pic\sources\c99\common\flneg.c
		___flneg       		CODE           	3D72	0000	56

C:\Program Files\Microchip\xc8\v2.36\pic\sources\c99\common\flneg.c estimated size: 56

C:\Program Files\Microchip\xc8\v2.36\pic\sources\c99\common\isupper.c
		_isupper       		CODE           	3D3A	0000	56

C:\Program Files\Microchip\xc8\v2.36\pic\sources\c99\common\isupper.c estimated size: 56

