Microchip MPLAB XC8 Compiler V2.36

Linker command line:

-W-3 --edf=C:\Program Files\Microchip\xc8\v2.36\pic\dat\en_msgs.txt -cn \
  -h+dist/default/production\XC8-18F25K22_UART1_UsingInterrupt.X.production.sym \
  --cmf=dist/default/production\XC8-18F25K22_UART1_UsingInterrupt.X.production.cmf \
  -z -Q18F25K22 -oC:\Users\mrchu\AppData\Local\Temp\xcAs5hg.4 \
  --defsym=__MPLAB_BUILD=1 \
  -Mdist/default/production/XC8-18F25K22_UART1_UsingInterrupt.X.production.map \
  --md=C:\Users\mrchu\AppData\Local\Temp\xcAs5hg.dat -E1 -ver=XC8 Compiler \
  --acfsm=1493 -ACODE=00h-07FFFh -ACONST=00h-07FFFh \
  -ASMALLCONST=0600h-06FFhx122 -AMEDIUMCONST=0600h-07FFFh -ACOMRAM=01h-05Fh \
  -AABS1=00h-05FFh -ABIGRAM=01h-05FFh -ARAM=060h-0FFh,0100h-01FFhx5 \
  -ABANK0=060h-0FFh -ABANK1=0100h-01FFh -ABANK2=0200h-02FFh \
  -ABANK3=0300h-03FFh -ABANK4=0400h-04FFh -ABANK5=0500h-05FFh \
  -ASFR=0F38h-0F5Fh,0F60h-0FFFh -ABIGSFR=0F38h-0FFFh \
  -ACONFIG=0300000h-030000Dh -AIDLOC=0200000h-0200007h \
  -AEEDATA=0F00000h-0F000FFh -peeprom_data=EEDATA \
  -preset_vec=00h,intcode=08h,intcodelo=018h,powerup,init -pramtop=0600h \
  -psmallconst=SMALLCONST -pmediumconst=MEDIUMCONST -pconst=CONST \
  -AFARRAM=00h-00h \
  -prdata=COMRAM,nvrram=COMRAM,nvbit=COMRAM,rbss=COMRAM,rbit=COMRAM \
  -pfarbss=FARRAM,fardata=FARRAM,nvFARRAM=FARRAM \
  -pintsave_regs=BIGRAM,bigbss=BIGRAM,bigdata=BIGRAM -pbss=RAM \
  -pidata=CODE,irdata=CODE,ibigdata=CODE,ifardata=CODE -prparam=COMRAM \
  C:\Users\mrchu\AppData\Local\Temp\xcAs5hg.o \
  dist/default/production\XC8-18F25K22_UART1_UsingInterrupt.X.production.o 

Object code version is 3.11

Machine type is 18F25K22



                Name                               Link     Load   Length Selector   Space Scale
C:\Users\mrchu\AppData\Local\Temp\xcAs5hg.o
                idloc                            200000   200000        8        0       5
                config                           300000   300000        E        0       4
                init                                 26       26        4        C       0
                reset_vec                             0        0        4        0       0
dist/default/production\XC8-18F25K22_UART1_UsingInterrupt.X.production.o
                intcodelo                            18       18        E        C       0
                intcode                               8        8        6        4       0
                idloc                            200000   200000        8        0       5
                config                           300000   300000        E        0       4
                temp                                 25       25        1        1       1
                smallconst                          600      600       8E      300       0
                text13                              AA6      AA6       44      347       0
                text12                              B8C      B8C       30      347       0
                intcode_body                        A52      A52       54      347       0
                text9                               C1A      C1A        4      347       0
                text8                               C14      C14        6      347       0
                text7                               AEA      AEA       3A      347       0
                text6                               946      946      10C      347       0
                text5                               68E      68E      16E      347       0
                text4                               B5A      B5A       32      347       0
                text3                               B24      B24       36      347       0
                text2                               BE2      BE2       1A      347       0
                text1                               BFC      BFC       18      347       0
                text0                               7FC      7FC      14A      347       0
                cstackCOMRAM                          1        1       20        1       1
                bssBANK0                             60       60       80       60       1
                bssCOMRAM                            21       21        4        1       1
                cinit                               BBC      BBC       26      347       0

TOTAL           Name                               Link     Load   Length     Space
        CLASS   CODE           
                intcodelo                            18       18        E         0
                intcode                               8        8        6         0
                init                                 26       26        4         0
                reset_vec                             0        0        4         0
                text13                              AA6      AA6       44         0
                text12                              B8C      B8C       30         0
                intcode_body                        A52      A52       54         0
                text9                               C1A      C1A        4         0
                text8                               C14      C14        6         0
                text7                               AEA      AEA       3A         0
                text6                               946      946      10C         0
                text5                               68E      68E      16E         0
                text4                               B5A      B5A       32         0
                text3                               B24      B24       36         0
                text2                               BE2      BE2       1A         0
                text1                               BFC      BFC       18         0
                text0                               7FC      7FC      14A         0
                cinit                               BBC      BBC       26         0

        CLASS   CONST          

        CLASS   SMALLCONST     
                smallconst                          600      600       8E         0

        CLASS   MEDIUMCONST    

        CLASS   COMRAM         
                temp                                 25       25        1         1
                cstackCOMRAM                          1        1       20         1
                bssCOMRAM                            21       21        4         1

        CLASS   ABS1           

        CLASS   BIGRAM         

        CLASS   RAM            

        CLASS   BANK0          
                bssBANK0                             60       60       80         1

        CLASS   BANK1          

        CLASS   BANK2          

        CLASS   BANK3          

        CLASS   BANK4          

        CLASS   BANK5          

        CLASS   SFR            

        CLASS   BIGSFR         

        CLASS   CONFIG         
                config                           300000   300000        E         4

        CLASS   IDLOC          
                idloc                            200000   200000        8         5

        CLASS   EEDATA         

        CLASS   FARRAM         

        CLASS   HEAP           

        CLASS   STACK          



SEGMENTS        Name                           Load    Length   Top    Selector   Space  Class

                reset_vec                      000000  000004  000004         0       0  CODE    
                cstackCOMRAM                   000001  000025  000026         1       1  COMRAM  
                intcode                        000008  000006  00000E         4       0  CODE    
                intcodelo                      000018  000012  00002A         C       0  CODE    
                bssBANK0                       000060  000080  0000E0        60       1  BANK0   
                smallconst                     000600  00008E  00068E       300       0  SMALLCON
                text5                          00068E  000590  000C1E       347       0  CODE    


UNUSED ADDRESS RANGES

        Name                Unused          Largest block    Delta
        BANK0            0000E0-0000FF               20
        BANK1            000100-0001FF              100
        BANK2            000200-0002FF              100
        BANK3            000300-0003FF              100
        BANK4            000400-0004FF              100
        BANK5            000500-0005FF              100
        BIGRAM           000026-00005F               3A
                         0000E0-0005FF              520
        BIGSFR           000F38-000FFF               C8
        CODE             000004-000007                4
                         00000E-000017                A
                         00002A-0005FF              5D6
                         000C1E-007FFF             73E2
        COMRAM           000026-00005F               3A
        CONST            000004-000007                4
                         00000E-000017                A
                         00002A-0005FF              5D6
                         000C1E-007FFF             73E2
        EEDATA           F00000-F000FF              100
        MEDIUMCONST      000C1E-007FFF             73E2
        RAM              0000E0-0005FF              100
        SFR              000F38-000FFF               28
        SMALLCONST       000C1E-007FFF              100

                                  Symbol Table

?___aldiv                          cstackCOMRAM 000006
UART1_Initialize@baudRate          cstackCOMRAM 000014
UART1_Initialize@brgValue          cstackCOMRAM 00001C
UART1_PutStr@dataStr               cstackCOMRAM 000008
UART1_ReadBuffer@data              cstackCOMRAM 000006
UART1_RxISR@data                   cstackCOMRAM 000001
UART1_RxISR@nextHead               cstackCOMRAM 000002
UART1_Write@data                   cstackCOMRAM 000006
UART1_Write@nextHead               cstackCOMRAM 000007
_ANSELA                            (abs)        000F38
_ANSELB                            (abs)        000F39
_ANSELC                            (abs)        000F3A
_ANSELCbits                        (abs)        000F3A
_BAUDCON1bits                      (abs)        000FB8
_INTCONbits                        (abs)        000FF2
_INTERRUPT_HighManager             intcode      000008
_INTERRUPT_Initialize              text9        000C1A
_INTERRUPT_InterruptEnable         text8        000C14
_INTERRUPT_LowManager              intcodelo    000018
_IPR1bits                          (abs)        000F9F
_LATA                              (abs)        000F89
_LATB                              (abs)        000F8A
_LATC                              (abs)        000F8B
_LATCbits                          (abs)        000F8B
_MCU_Initialize                    text7        000AEA
_OSCCONbits                        (abs)        000FD3
_PIE1bits                          (abs)        000F9D
_PIR1bits                          (abs)        000F9E
_RCONbits                          (abs)        000FD0
_RCREG                             (abs)        000FAE
_RCSTAbits                         (abs)        000FAB
_SPBRG                             (abs)        000FAF
_SPBRGH                            (abs)        000FB0
_TRISA                             (abs)        000F92
_TRISB                             (abs)        000F93
_TRISC                             (abs)        000F94
_TRISCbits                         (abs)        000F94
_TXREG                             (abs)        000FAD
_TXSTAbits                         (abs)        000FAC
_UART1_Initialize                  text5        00068E
_UART1_PutStr                      text3        000B24
_UART1_ReadBuffer                  text2        000BE2
_UART1_RxAvailable                 text1        000BFC
_UART1_RxISR                       text13       000AA6
_UART1_TxISR                       text12       000B8C
_UART1_Write                       text4        000B5A
__HRAM                             (abs)        000000
__Habs1                            abs1         000000
__Hbank0                           bank0        000000
__Hbank1                           bank1        000000
__Hbank2                           bank2        000000
__Hbank3                           bank3        000000
__Hbank4                           bank4        000000
__Hbank5                           bank5        000000
__Hbigbss                          bigbss       000000
__Hbigdata                         bigdata      000000
__Hbigram                          bigram       000000
__Hbigsfr                          bigsfr       000000
__Hbss                             bss          000000
__HbssBANK0                        bssBANK0     000000
__HbssCOMRAM                       bssCOMRAM    000000
__Hcinit                           cinit        000000
__Hclrtext                         clrtext      000000
__Hcomram                          comram       000000
__Hconfig                          config       30000E
__Hconst                           const        000000
__HcstackCOMRAM                    cstackCOMRAM 000000
__Hdata                            data         000000
__Heeprom_data                     eeprom_data  000000
__Hfarbss                          farbss       000000
__Hfardata                         fardata      000000
__Hheap                            heap         000000
__Hibigdata                        ibigdata     000000
__Hidata                           idata        000000
__Hidloc                           idloc        200008
__Hifardata                        ifardata     000000
__Hinit                            init         00002A
__Hintcode                         intcode      00000E
__Hintcode_body                    intcode_body 000000
__Hintcodelo                       intcodelo    000026
__Hintentry                        intentry     000000
__Hintret                          intret       000000
__Hintsave_regs                    intsave_regs 000000
__Hirdata                          irdata       000000
__Hmediumconst                     mediumconst  000000
__HnvFARRAM                        nvFARRAM     000000
__Hnvbit                           nvbit        000000
__Hnvrram                          nvrram       000000
__Hparam                           rparam       000000
__Hpowerup                         powerup      000026
__Hram                             ram          000000
__Hramtop                          ramtop       000600
__Hrbit                            rbit         000000
__Hrbss                            rbss         000000
__Hrdata                           rdata        000000
__Hreset_vec                       reset_vec    000004
__Hrparam                          rparam       000000
__Hsfr                             sfr          000000
__Hsmallconst                      smallconst   00068E
__Hspace_0                         (abs)        000C1E
__Hspace_1                         (abs)        0000E0
__Hspace_2                         (abs)        000000
__Hspace_4                         (abs)        60000E
__Hstack                           stack        000000
__Hstruct                          struct       000000
__Htemp                            temp         000026
__Htext                            text         000000
__Htext0                           text0        000000
__Htext1                           text1        000000
__Htext12                          text12       000000
__Htext13                          text13       000000
__Htext2                           text2        000000
__Htext3                           text3        000000
__Htext4                           text4        000000
__Htext5                           text5        000000
__Htext6                           text6        000000
__Htext7                           text7        000000
__Htext8                           text8        000000
__Htext9                           text9        000000
__LRAM                             (abs)        000001
__Labs1                            abs1         000000
__Lbank0                           bank0        000000
__Lbank1                           bank1        000000
__Lbank2                           bank2        000000
__Lbank3                           bank3        000000
__Lbank4                           bank4        000000
__Lbank5                           bank5        000000
__Lbigbss                          bigbss       000000
__Lbigdata                         bigdata      000000
__Lbigram                          bigram       000000
__Lbigsfr                          bigsfr       000000
__Lbss                             bss          000000
__LbssBANK0                        bssBANK0     000000
__LbssCOMRAM                       bssCOMRAM    000000
__Lcinit                           cinit        000000
__Lclrtext                         clrtext      000000
__Lcomram                          comram       000000
__Lconfig                          config       000000
__Lconst                           const        000000
__LcstackCOMRAM                    cstackCOMRAM 000000
__Ldata                            data         000000
__Leeprom_data                     eeprom_data  000000
__Lfarbss                          farbss       000000
__Lfardata                         fardata      000000
__Lheap                            heap         000000
__Libigdata                        ibigdata     000000
__Lidata                           idata        000000
__Lidloc                           idloc        000000
__Lifardata                        ifardata     000000
__Linit                            init         000026
__Lintcode                         intcode      000008
__Lintcode_body                    intcode_body 000000
__Lintcodelo                       intcodelo    000018
__Lintentry                        intentry     000000
__Lintret                          intret       000000
__Lintsave_regs                    intsave_regs 000000
__Lirdata                          irdata       000000
__Lmediumconst                     mediumconst  000000
__LnvFARRAM                        nvFARRAM     000000
__Lnvbit                           nvbit        000000
__Lnvrram                          nvrram       000000
__Lparam                           rparam       000000
__Lpowerup                         powerup      000026
__Lram                             ram          000000
__Lramtop                          ramtop       000600
__Lrbit                            rbit         000000
__Lrbss                            rbss         000000
__Lrdata                           rdata        000000
__Lreset_vec                       reset_vec    000000
__Lrparam                          rparam       000000
__Lsfr                             sfr          000000
__Lsmallconst                      smallconst   000600
__Lspace_0                         (abs)        000000
__Lspace_1                         (abs)        000000
__Lspace_2                         (abs)        000000
__Lspace_4                         (abs)        000000
__Lstack                           stack        000000
__Lstruct                          struct       000000
__Ltemp                            temp         000025
__Ltext                            text         000000
__Ltext0                           text0        000000
__Ltext1                           text1        000000
__Ltext12                          text12       000000
__Ltext13                          text13       000000
__Ltext2                           text2        000000
__Ltext3                           text3        000000
__Ltext4                           text4        000000
__Ltext5                           text5        000000
__Ltext6                           text6        000000
__Ltext7                           text7        000000
__Ltext8                           text8        000000
__Ltext9                           text9        000000
__S0                               (abs)        000C1E
__S1                               (abs)        0000E0
__S4                               (abs)        000000
__S5                               (abs)        000000
___aldiv                           text6        000946
___aldiv@counter                   cstackCOMRAM 00000E
___aldiv@dividend                  cstackCOMRAM 000006
___aldiv@divisor                   cstackCOMRAM 00000A
___aldiv@quotient                  cstackCOMRAM 000010
___aldiv@sign                      cstackCOMRAM 00000F
___heap_hi                         (abs)        000000
___heap_lo                         (abs)        000000
___inthi_sp                        stack        000000
___intlo_sp                        stack        000000
___param_bank                      (abs)        000000
___rparam_used                     (abs)        000001
___sp                              stack        000000
__accesstop                        (abs)        000060
__activetblptr                     (abs)        000001
__end_of_INTERRUPT_HighManager     intcode_body 000AA6
__end_of_INTERRUPT_Initialize      text9        000C1E
__end_of_INTERRUPT_InterruptEnable text8        000C1A
__end_of_INTERRUPT_LowManager      intcodelo    000026
__end_of_MCU_Initialize            text7        000B24
__end_of_UART1_Initialize          text5        0007FC
__end_of_UART1_PutStr              text3        000B5A
__end_of_UART1_ReadBuffer          text2        000BFC
__end_of_UART1_RxAvailable         text1        000C14
__end_of_UART1_RxISR               text13       000AEA
__end_of_UART1_TxISR               text12       000BBC
__end_of_UART1_Write               text4        000B8C
__end_of___aldiv                   text6        000A52
__end_of__initialization           cinit        000BD0
__end_of_main                      text0        000946
__initialization                   cinit        000BBC
__mediumconst                      mediumconst  000000
__pbssBANK0                        bssBANK0     000060
__pbssCOMRAM                       bssCOMRAM    000021
__pcinit                           cinit        000BBC
__pcstackCOMRAM                    cstackCOMRAM 000001
__pintcode                         intcode      000008
__pintcode_body                    intcode_body 000A52
__pintcodelo                       intcodelo    000018
__psmallconst                      smallconst   000600
__ptext0                           text0        0007FC
__ptext1                           text1        000BFC
__ptext12                          text12       000B8C
__ptext13                          text13       000AA6
__ptext2                           text2        000BE2
__ptext3                           text3        000B24
__ptext4                           text4        000B5A
__ptext5                           text5        00068E
__ptext6                           text6        000946
__ptext7                           text7        000AEA
__ptext8                           text8        000C14
__ptext9                           text9        000C1A
__ramtop                           ramtop       000600
__smallconst                       smallconst   000600
_main                              text0        0007FC
_rxBuffer                          bssBANK0     0000A0
_rxHead                            bssCOMRAM    000024
_rxTail                            bssCOMRAM    000023
_txBuffer                          bssBANK0     000060
_txHead                            bssCOMRAM    000022
_txTail                            bssCOMRAM    000021
btemp                              temp         000025
end_of_initialization              cinit        000BD0
int$flags                          temp         000025
int_func                           intcode_body 000A52
intlevel0                          text         000000
intlevel1                          text         000000
intlevel2                          text         000000
intlevel3                          text         000000
isa$std                            (abs)        000001
isa$xinst                          (abs)        000000
main@c                             cstackCOMRAM 000020
stackhi                            (abs)        000000
stacklo                            (abs)        000000
start                              init         000026
start_initialization               cinit        000BBC
ttemp5                             temp         000026
ttemp6                             temp         000029
ttemp7                             temp         00002D
wtemp8                             temp         000026


MODULE INFORMATION

Module		Function		Class		Link	Load	Size
shared
		__initialization		CODE           	0BBC	0000	20

shared estimated size: 20

C:\Program Files\Microchip\xc8\v2.36\pic\sources\c99\common\aldiv.c
		___aldiv       		CODE           	0946	0000	268

C:\Program Files\Microchip\xc8\v2.36\pic\sources\c99\common\aldiv.c estimated size: 268

INTERRUPTManager.c
		_INTERRUPT_Initialize		CODE           	0C1A	0000	4
		_INTERRUPT_InterruptEnable		CODE           	0C14	0000	6
		_INTERRUPT_LowManager		CODE           	0018	0000	14
		_INTERRUPT_HighManager		CODE           	0008	0000	90

INTERRUPTManager.c estimated size: 114

uart1.c
		_UART1_TxISR   		CODE           	0B8C	0000	48
		_UART1_Write   		CODE           	0B5A	0000	50
		_UART1_PutStr  		CODE           	0B24	0000	54
		_UART1_Initialize		CODE           	068E	0000	366
		_UART1_RxISR   		CODE           	0AA6	0000	68
		_UART1_ReadBuffer		CODE           	0BE2	0000	26
		_UART1_RxAvailable		CODE           	0BFC	0000	24

uart1.c estimated size: 636

main.c
		_MCU_Initialize		CODE           	0AEA	0000	58
		_main          		CODE           	07FC	0000	330

main.c estimated size: 388

