Microchip MPLAB XC8 Compiler V2.36

Linker command line:

-W-3 --edf=C:\Program Files\Microchip\xc8\v2.36\pic\dat\en_msgs.txt -cn \
  -h+dist/default/production\XC8-18F25K22_LCDNokia5110.X.production.sym \
  --cmf=dist/default/production\XC8-18F25K22_LCDNokia5110.X.production.cmf \
  -z -Q18F25K22 -oC:\Users\mrchu\AppData\Local\Temp\xcAs3ks.4 \
  --defsym=__MPLAB_BUILD=1 \
  -Mdist/default/production/XC8-18F25K22_LCDNokia5110.X.production.map \
  --md=C:\Users\mrchu\AppData\Local\Temp\xcAs3ks.dat -E1 -ver=XC8 Compiler \
  --acfsm=1493 -ACODE=00h-07FFFh -ACONST=00h-07FFFh \
  -ASMALLCONST=0600h-06FFhx122 -AMEDIUMCONST=0600h-07FFFh -ACOMRAM=01h-05Fh \
  -AABS1=00h-05FFh -ABIGRAM=01h-05FFh -ARAM=060h-0FFh,0100h-01FFhx5 \
  -ABANK0=060h-0FFh -ABANK1=0100h-01FFh -ABANK2=0200h-02FFh \
  -ABANK3=0300h-03FFh -ABANK4=0400h-04FFh -ABANK5=0500h-05FFh \
  -ASFR=0F38h-0F5Fh,0F60h-0FFFh -ABIGSFR=0F38h-0FFFh \
  -ACONFIG=0300000h-030000Dh -AIDLOC=0200000h-0200007h \
  -AEEDATA=0F00000h-0F000FFh -peeprom_data=EEDATA \
  -preset_vec=00h,intcode,intcodelo,powerup,init -pramtop=0600h \
  -psmallconst=SMALLCONST -pmediumconst=MEDIUMCONST -pconst=CONST \
  -AFARRAM=00h-00h \
  -prdata=COMRAM,nvrram=COMRAM,nvbit=COMRAM,rbss=COMRAM,rbit=COMRAM \
  -pfarbss=FARRAM,fardata=FARRAM,nvFARRAM=FARRAM \
  -pintsave_regs=BIGRAM,bigbss=BIGRAM,bigdata=BIGRAM -pbss=RAM \
  -pidata=CODE,irdata=CODE,ibigdata=CODE,ifardata=CODE -prparam=COMRAM \
  C:\Users\mrchu\AppData\Local\Temp\xcAs3ks.o \
  dist/default/production\XC8-18F25K22_LCDNokia5110.X.production.o 

Object code version is 3.11

Machine type is 18F25K22



                Name                               Link     Load   Length Selector   Space Scale
C:\Users\mrchu\AppData\Local\Temp\xcAs3ks.o
                idloc                            200000   200000        8        0       5
                config                           300000   300000        E        0       4
                init                                  0        0        4        0       0
dist/default/production\XC8-18F25K22_LCDNokia5110.X.production.o
                idloc                            200000   200000        8        0       5
                config                           300000   300000        E        0       4
                mediumconst                        7BC4     7BC4      43C     3DE2       0
                text23                             705C     705C       CC     382E       0
                text22                             6D4E     6D4E       BA     36A7       0
                text21                             6944     6944       1C     34A2       0
                text20                             6E08     6E08       C4     3704       0
                text19                             6CB8     6CB8       96     365C       0
                text18                             6A06     6A06       3E     3503       0
                text17                             6B1A     6B1A       54     358D       0
                text16                             7596     7596      198     3ACB       0
                text15                             6C38     6C38       80     361C       0
                text14                             6BD0     6BD0       68     35E8       0
                text13                             6960     6960       1C     34B0       0
                text12                             740E     740E      188     3A07       0
                text11                             7128     7128      164     3894       0
                text10                             6A44     6A44       40     3522       0
                text9                              6942     6942        2     34A1       0
                text8                              6F92     6F92       CA     37C9       0
                text7                              6A84     6A84       44     3542       0
                text6                              699A     699A       36     34CD       0
                text5                              6ECC     6ECC       C6     3766       0
                text4                              78E2     78E2      2E2     3C71       0
                text3                              772E     772E      1B4     3B97       0
                text2                              6B6E     6B6E       62     35B7       0
                text1                              6AC8     6AC8       52     3564       0
                text0                              728C     728C      182     3946       0
                cstackCOMRAM                          1        1       5F        1       1
                cstackBANK0                          B0       B0        D       60       1
                dataBANK0                            93       93       1D       60       1
                bssBANK0                             60       60       33       60       1
                cinit                              69D0     69D0       36     34E8       0
                idataBANK0                         697D     697D       1D     697D       0

TOTAL           Name                               Link     Load   Length     Space
        CLASS   CODE           
                init                                  0        0        4         0
                text23                             705C     705C       CC         0
                text22                             6D4E     6D4E       BA         0
                text21                             6944     6944       1C         0
                text20                             6E08     6E08       C4         0
                text19                             6CB8     6CB8       96         0
                text18                             6A06     6A06       3E         0
                text17                             6B1A     6B1A       54         0
                text16                             7596     7596      198         0
                text15                             6C38     6C38       80         0
                text14                             6BD0     6BD0       68         0
                text13                             6960     6960       1C         0
                text12                             740E     740E      188         0
                text11                             7128     7128      164         0
                text10                             6A44     6A44       40         0
                text9                              6942     6942        2         0
                text8                              6F92     6F92       CA         0
                text7                              6A84     6A84       44         0
                text6                              699A     699A       36         0
                text5                              6ECC     6ECC       C6         0
                text4                              78E2     78E2      2E2         0
                text3                              772E     772E      1B4         0
                text2                              6B6E     6B6E       62         0
                text1                              6AC8     6AC8       52         0
                text0                              728C     728C      182         0
                cinit                              69D0     69D0       36         0
                idataBANK0                         697D     697D       1D         0

        CLASS   CONST          

        CLASS   SMALLCONST     

        CLASS   MEDIUMCONST    
                mediumconst                        7BC4     7BC4      43C         0

        CLASS   COMRAM         
                cstackCOMRAM                          1        1       5F         1

        CLASS   ABS1           

        CLASS   BIGRAM         

        CLASS   RAM            

        CLASS   BANK0          
                cstackBANK0                          B0       B0        D         1
                dataBANK0                            93       93       1D         1
                bssBANK0                             60       60       33         1

        CLASS   BANK1          

        CLASS   BANK2          

        CLASS   BANK3          

        CLASS   BANK4          

        CLASS   BANK5          

        CLASS   SFR            

        CLASS   BIGSFR         

        CLASS   CONFIG         
                config                           300000   300000        E         4

        CLASS   IDLOC          
                idloc                            200000   200000        8         5

        CLASS   EEDATA         

        CLASS   FARRAM         

        CLASS   HEAP           

        CLASS   STACK          



SEGMENTS        Name                           Load    Length   Top    Selector   Space  Class

                reset_vec                      000000  000004  000004         0       0  CODE    
                cstackCOMRAM                   000001  00005F  000060         1       1  COMRAM  
                bssBANK0                       000060  00005D  0000BD        60       1  BANK0   
                text9                          006942  000002  006944      34A1       0  CODE    
                text21                         006944  00001C  006960      34A2       0  CODE    
                text13                         006960  00001C  00697C      34B0       0  CODE    
                idataBANK0                     00697D  00001D  00699A      697D       0  CODE    
                text6                          00699A  000036  0069D0      34CD       0  CODE    
                cinit                          0069D0  000036  006A06      34E8       0  CODE    
                text18                         006A06  00003E  006A44      3503       0  CODE    
                text10                         006A44  000040  006A84      3522       0  CODE    
                text7                          006A84  000044  006AC8      3542       0  CODE    
                text1                          006AC8  000052  006B1A      3564       0  CODE    
                text17                         006B1A  000054  006B6E      358D       0  CODE    
                text2                          006B6E  000062  006BD0      35B7       0  CODE    
                text14                         006BD0  000068  006C38      35E8       0  CODE    
                text15                         006C38  000080  006CB8      361C       0  CODE    
                text19                         006CB8  000096  006D4E      365C       0  CODE    
                text22                         006D4E  0000BA  006E08      36A7       0  CODE    
                text20                         006E08  0000C4  006ECC      3704       0  CODE    
                text5                          006ECC  0000C6  006F92      3766       0  CODE    
                text8                          006F92  0000CA  00705C      37C9       0  CODE    
                text23                         00705C  0000CC  007128      382E       0  CODE    
                text11                         007128  000164  00728C      3894       0  CODE    
                text0                          00728C  000182  00740E      3946       0  CODE    
                text12                         00740E  000188  007596      3A07       0  CODE    
                text16                         007596  000198  00772E      3ACB       0  CODE    
                text3                          00772E  0001B4  0078E2      3B97       0  CODE    
                text4                          0078E2  0002E2  007BC4      3C71       0  CODE    
                mediumconst                    007BC4  00043C  008000      3DE2       0  MEDIUMCO


UNUSED ADDRESS RANGES

        Name                Unused          Largest block    Delta
        BANK0            0000BD-0000FF               43
        BANK1            000100-0001FF              100
        BANK2            000200-0002FF              100
        BANK3            000300-0003FF              100
        BANK4            000400-0004FF              100
        BANK5            000500-0005FF              100
        BIGRAM           0000BD-0005FF              543
        BIGSFR           000F38-000FFF               C8
        CODE             000004-006941             693E
                         00697C-00697C                1
        CONST            000004-006941             693E
                         00697C-00697C                1
        EEDATA           F00000-F000FF              100
        MEDIUMCONST      000600-006941             6342
                         00697C-00697C                1
        RAM              0000BD-0005FF              100
        SFR              000F38-000FFF               28
        SMALLCONST       000600-006941              100
                         00697C-00697C                1

                                  Symbol Table

?___aodiv                        cstackCOMRAM 000001
?___aomod                        cstackCOMRAM 000001
?___awdiv                        cstackCOMRAM 000001
?_abs                            cstackCOMRAM 000013
?_dtoa                           cstackCOMRAM 00001C
?_pad                            cstackCOMRAM 000011
?_sprintf                        cstackCOMRAM 000058
?_strlen                         cstackCOMRAM 000001
?_vfpfcnvrt                      cstackCOMRAM 000040
?_vfprintf                       cstackCOMRAM 000050
LCDNokia5110_Bitmap@BITMAP       cstackCOMRAM 00000D
LCDNokia5110_Bitmap@height       cstackCOMRAM 000012
LCDNokia5110_Bitmap@i            cstackCOMRAM 000016
LCDNokia5110_Bitmap@p            cstackCOMRAM 000017
LCDNokia5110_Bitmap@width        cstackCOMRAM 000011
LCDNokia5110_Bitmap@x            cstackCOMRAM 00000F
LCDNokia5110_Bitmap@y            cstackCOMRAM 000010
LCDNokia5110_Clear@index         cstackCOMRAM 00000D
LCDNokia5110_GotoXY@x            cstackCOMRAM 00000C
LCDNokia5110_GotoXY@y            cstackCOMRAM 00000B
LCDNokia5110_Image@IMAGE         cstackCOMRAM 00000D
LCDNokia5110_Image@index         cstackCOMRAM 000013
LCDNokia5110_Image@x             cstackCOMRAM 00000F
LCDNokia5110_Image@y             cstackCOMRAM 000010
LCDNokia5110_Initialize@lcd      cstackCOMRAM 00000B
LCDNokia5110_Write@data          cstackCOMRAM 000006
LCDNokia5110_Write@mode          cstackCOMRAM 00000A
LCDNokia5110_WriteSPI@i          cstackCOMRAM 000005
LCDNokia5110_WriteSPI@outData    cstackCOMRAM 000004
LCDNokia5110_putC@data           cstackCOMRAM 00000F
LCDNokia5110_putC@index          cstackCOMRAM 000010
LCDNokia5110_putStr@dataStr      cstackCOMRAM 000012
LCDNokia5110_putStr@x            cstackCOMRAM 000014
LCDNokia5110_putStr@y            cstackCOMRAM 000015
_ANSELA                          (abs)        000F38
_ANSELB                          (abs)        000F39
_ANSELC                          (abs)        000F3A
_EYR_ImageLogo                   mediumconst  007BC5
_FONT_NORMAL                     mediumconst  007DBD
_LCDNokia5110_Bitmap             text19       006CB8
_LCDNokia5110_Clear              text18       006A06
_LCDNokia5110_GotoXY             text21       006944
_LCDNokia5110_Image              text17       006B1A
_LCDNokia5110_Initialize         text16       007596
_LCDNokia5110_Write              text22       006D4E
_LCDNokia5110_WriteSPI           text23       00705C
_LCDNokia5110_putC               text15       006C38
_LCDNokia5110_putStr             text14       006BD0
_MCU_Initialize                  text13       006960
_Nokia5110                       bssBANK0     000060
_OSCCONbits                      (abs)        000FD3
_PORTB                           (abs)        000F81
_TRISB                           (abs)        000F93
__HRAM                           (abs)        000000
__Habs1                          abs1         000000
__Hbank0                         bank0        000000
__Hbank1                         bank1        000000
__Hbank2                         bank2        000000
__Hbank3                         bank3        000000
__Hbank4                         bank4        000000
__Hbank5                         bank5        000000
__Hbigbss                        bigbss       000000
__Hbigdata                       bigdata      000000
__Hbigram                        bigram       000000
__Hbigsfr                        bigsfr       000000
__Hbss                           bss          000000
__HbssBANK0                      bssBANK0     000000
__Hcinit                         cinit        000000
__Hclrtext                       clrtext      000000
__Hcomram                        comram       000000
__Hconfig                        config       30000E
__Hconst                         const        000000
__HcstackBANK0                   cstackBANK0  000000
__HcstackCOMRAM                  cstackCOMRAM 000000
__Hdata                          data         000000
__HdataBANK0                     dataBANK0    000000
__Heeprom_data                   eeprom_data  000000
__Hfarbss                        farbss       000000
__Hfardata                       fardata      000000
__Hheap                          heap         000000
__Hibigdata                      ibigdata     000000
__Hidata                         idata        000000
__HidataBANK0                    idataBANK0   000000
__Hidloc                         idloc        200008
__Hifardata                      ifardata     000000
__Hinit                          init         000004
__Hintcode                       intcode      000000
__Hintcode_body                  intcode_body 000000
__Hintcodelo                     intcodelo    000000
__Hintentry                      intentry     000000
__Hintret                        intret       000000
__Hintsave_regs                  intsave_regs 000000
__Hirdata                        irdata       000000
__Hmediumconst                   mediumconst  008000
__HnvFARRAM                      nvFARRAM     000000
__Hnvbit                         nvbit        000000
__Hnvrram                        nvrram       000000
__Hparam                         rparam       000000
__Hpowerup                       powerup      000000
__Hram                           ram          000000
__Hramtop                        ramtop       000600
__Hrbit                          rbit         000000
__Hrbss                          rbss         000000
__Hrdata                         rdata        000000
__Hreset_vec                     reset_vec    000000
__Hrparam                        rparam       000000
__Hsfr                           sfr          000000
__Hsmallconst                    smallconst   000000
__Hspace_0                       (abs)        008000
__Hspace_1                       (abs)        0000BD
__Hspace_2                       (abs)        000000
__Hspace_4                       (abs)        60000E
__Hstack                         stack        000000
__Hstruct                        struct       000000
__Htemp                          temp         000000
__Htext                          text         000000
__Htext0                         text0        000000
__Htext1                         text1        000000
__Htext10                        text10       000000
__Htext11                        text11       000000
__Htext12                        text12       000000
__Htext13                        text13       000000
__Htext14                        text14       000000
__Htext15                        text15       000000
__Htext16                        text16       000000
__Htext17                        text17       000000
__Htext18                        text18       000000
__Htext19                        text19       000000
__Htext2                         text2        000000
__Htext20                        text20       000000
__Htext21                        text21       000000
__Htext22                        text22       000000
__Htext23                        text23       000000
__Htext3                         text3        000000
__Htext4                         text4        000000
__Htext5                         text5        000000
__Htext6                         text6        000000
__Htext7                         text7        000000
__Htext8                         text8        000000
__Htext9                         text9        000000
__LRAM                           (abs)        000001
__Labs1                          abs1         000000
__Lbank0                         bank0        000000
__Lbank1                         bank1        000000
__Lbank2                         bank2        000000
__Lbank3                         bank3        000000
__Lbank4                         bank4        000000
__Lbank5                         bank5        000000
__Lbigbss                        bigbss       000000
__Lbigdata                       bigdata      000000
__Lbigram                        bigram       000000
__Lbigsfr                        bigsfr       000000
__Lbss                           bss          000000
__LbssBANK0                      bssBANK0     000000
__Lcinit                         cinit        000000
__Lclrtext                       clrtext      000000
__Lcomram                        comram       000000
__Lconfig                        config       000000
__Lconst                         const        000000
__LcstackBANK0                   cstackBANK0  000000
__LcstackCOMRAM                  cstackCOMRAM 000000
__Ldata                          data         000000
__LdataBANK0                     dataBANK0    000000
__Leeprom_data                   eeprom_data  000000
__Lfarbss                        farbss       000000
__Lfardata                       fardata      000000
__Lheap                          heap         000000
__Libigdata                      ibigdata     000000
__Lidata                         idata        000000
__LidataBANK0                    idataBANK0   000000
__Lidloc                         idloc        000000
__Lifardata                      ifardata     000000
__Linit                          init         000000
__Lintcode                       intcode      000000
__Lintcode_body                  intcode_body 000000
__Lintcodelo                     intcodelo    000000
__Lintentry                      intentry     000000
__Lintret                        intret       000000
__Lintsave_regs                  intsave_regs 000000
__Lirdata                        irdata       000000
__Lmediumconst                   mediumconst  007BC4
__LnvFARRAM                      nvFARRAM     000000
__Lnvbit                         nvbit        000000
__Lnvrram                        nvrram       000000
__Lparam                         rparam       000000
__Lpowerup                       powerup      000000
__Lram                           ram          000000
__Lramtop                        ramtop       000600
__Lrbit                          rbit         000000
__Lrbss                          rbss         000000
__Lrdata                         rdata        000000
__Lreset_vec                     reset_vec    000000
__Lrparam                        rparam       000000
__Lsfr                           sfr          000000
__Lsmallconst                    smallconst   000000
__Lspace_0                       (abs)        000000
__Lspace_1                       (abs)        000000
__Lspace_2                       (abs)        000000
__Lspace_4                       (abs)        000000
__Lstack                         stack        000000
__Lstruct                        struct       000000
__Ltemp                          temp         000000
__Ltext                          text         000000
__Ltext0                         text0        000000
__Ltext1                         text1        000000
__Ltext10                        text10       000000
__Ltext11                        text11       000000
__Ltext12                        text12       000000
__Ltext13                        text13       000000
__Ltext14                        text14       000000
__Ltext15                        text15       000000
__Ltext16                        text16       000000
__Ltext17                        text17       000000
__Ltext18                        text18       000000
__Ltext19                        text19       000000
__Ltext2                         text2        000000
__Ltext20                        text20       000000
__Ltext21                        text21       000000
__Ltext22                        text22       000000
__Ltext23                        text23       000000
__Ltext3                         text3        000000
__Ltext4                         text4        000000
__Ltext5                         text5        000000
__Ltext6                         text6        000000
__Ltext7                         text7        000000
__Ltext8                         text8        000000
__Ltext9                         text9        000000
__S0                             (abs)        008000
__S1                             (abs)        0000BD
__S4                             (abs)        000000
__S5                             (abs)        000000
___aodiv                         text12       00740E
___aodiv@counter                 cstackCOMRAM 000011
___aodiv@dividend                cstackCOMRAM 000001
___aodiv@divisor                 cstackCOMRAM 000009
___aodiv@quotient                cstackCOMRAM 000013
___aodiv@sign                    cstackCOMRAM 000012
___aomod                         text11       007128
___aomod@counter                 cstackCOMRAM 000011
___aomod@dividend                cstackCOMRAM 000001
___aomod@divisor                 cstackCOMRAM 000009
___aomod@sign                    cstackCOMRAM 000012
___awdiv                         text20       006E08
___awdiv@counter                 cstackCOMRAM 000005
___awdiv@dividend                cstackCOMRAM 000001
___awdiv@divisor                 cstackCOMRAM 000003
___awdiv@quotient                cstackCOMRAM 000007
___awdiv@sign                    cstackCOMRAM 000006
___heap_hi                       (abs)        000000
___heap_lo                       (abs)        000000
___inthi_sp                      stack        000000
___intlo_sp                      stack        000000
___param_bank                    (abs)        000000
___rparam_used                   (abs)        000001
___sp                            stack        000000
__accesstop                      (abs)        000060
__activetblptr                   (abs)        000002
__end_of_EYR_ImageLogo           mediumconst  007DBD
__end_of_FONT_NORMAL             mediumconst  007F9D
__end_of_LCDNokia5110_Bitmap     text19       006D4E
__end_of_LCDNokia5110_Clear      text18       006A44
__end_of_LCDNokia5110_GotoXY     text21       006960
__end_of_LCDNokia5110_Image      text17       006B6E
__end_of_LCDNokia5110_Initialize text16       00772E
__end_of_LCDNokia5110_Write      text22       006E08
__end_of_LCDNokia5110_WriteSPI   text23       007128
__end_of_LCDNokia5110_putC       text15       006CB8
__end_of_LCDNokia5110_putStr     text14       006C38
__end_of_MCU_Initialize          text13       00697C
__end_of___aodiv                 text12       007596
__end_of___aomod                 text11       00728C
__end_of___awdiv                 text20       006ECC
__end_of__initialization         cinit        0069FC
__end_of_abs                     text10       006A84
__end_of_carita                  mediumconst  007FBD
__end_of_dtoa                    text4        007BC4
__end_of_fputc                   text8        00705C
__end_of_fputs                   text7        006AC8
__end_of_main                    text0        00740E
__end_of_pad                     text5        006F92
__end_of_putch                   text9        006944
__end_of_sprintf                 text1        006B1A
__end_of_strlen                  text6        0069D0
__end_of_vfpfcnvrt               text3        0078E2
__end_of_vfprintf                text2        006BD0
__initialization                 cinit        0069D0
__mediumconst                    mediumconst  007BC4
__pbssBANK0                      bssBANK0     000060
__pcinit                         cinit        0069D0
__pcstackBANK0                   cstackBANK0  0000B0
__pcstackCOMRAM                  cstackCOMRAM 000001
__pdataBANK0                     dataBANK0    000093
__pidataBANK0                    idataBANK0   00697D
__pmediumconst                   mediumconst  007BC4
__ptext0                         text0        00728C
__ptext1                         text1        006AC8
__ptext10                        text10       006A44
__ptext11                        text11       007128
__ptext12                        text12       00740E
__ptext13                        text13       006960
__ptext14                        text14       006BD0
__ptext15                        text15       006C38
__ptext16                        text16       007596
__ptext17                        text17       006B1A
__ptext18                        text18       006A06
__ptext19                        text19       006CB8
__ptext2                         text2        006B6E
__ptext20                        text20       006E08
__ptext21                        text21       006944
__ptext22                        text22       006D4E
__ptext23                        text23       00705C
__ptext3                         text3        00772E
__ptext4                         text4        0078E2
__ptext5                         text5        006ECC
__ptext6                         text6        00699A
__ptext7                         text7        006A84
__ptext8                         text8        006F92
__ptext9                         text9        006942
__ramtop                         ramtop       000600
__smallconst                     smallconst   000000
_abs                             text10       006A44
_carita                          mediumconst  007F9D
_counter                         bssBANK0     000071
_counterStr                      dataBANK0    00009C
_dbuf                            bssBANK0     000073
_dtoa                            text4        0078E2
_dtoa$748                        cstackCOMRAM 00002E
_flags                           bssBANK0     00006F
_fputc                           text8        006F92
_fputs                           text7        006A84
_main                            text0        00728C
_miPantalla                      dataBANK0    000093
_nout                            bssBANK0     000069
_pad                             text5        006ECC
_prec                            bssBANK0     00006D
_putch                           text9        006942
_sprintf                         text1        006AC8
_strlen                          text6        00699A
_vfpfcnvrt                       text3        00772E
_vfprintf                        text2        006B6E
_width                           bssBANK0     00006B
abs@a                            cstackCOMRAM 000013
dtoa@d                           cstackCOMRAM 00001E
dtoa@fp                          cstackCOMRAM 00001C
dtoa@i                           cstackCOMRAM 00003E
dtoa@n                           cstackCOMRAM 000036
dtoa@p                           cstackCOMRAM 000030
dtoa@s                           cstackCOMRAM 000034
dtoa@w                           cstackCOMRAM 000032
end_of_initialization            cinit        0069FC
fputc@c                          cstackCOMRAM 000001
fputc@fp                         cstackCOMRAM 000003
fputs@c                          cstackCOMRAM 00000E
fputs@fp                         cstackCOMRAM 00000C
fputs@i                          cstackCOMRAM 00000F
fputs@s                          cstackCOMRAM 00000A
intlevel0                        text         000000
intlevel1                        text         000000
intlevel2                        text         000000
intlevel3                        text         000000
isa$std                          (abs)        000001
isa$xinst                        (abs)        000000
pad@buf                          cstackCOMRAM 000013
pad@fp                           cstackCOMRAM 000011
pad@i                            cstackCOMRAM 000018
pad@p                            cstackCOMRAM 000015
pad@w                            cstackCOMRAM 00001A
sprintf@ap                       cstackBANK0  0000B0
sprintf@f                        cstackBANK0  0000B2
sprintf@fmt                      cstackCOMRAM 00005A
sprintf@s                        cstackCOMRAM 000058
stackhi                          (abs)        000000
stacklo                          (abs)        000000
start                            init         000000
start_initialization             cinit        0069D0
strlen@a                         cstackCOMRAM 000003
strlen@s                         cstackCOMRAM 000001
vfpfcnvrt@ap                     cstackCOMRAM 000044
vfpfcnvrt@fmt                    cstackCOMRAM 000042
vfpfcnvrt@fp                     cstackCOMRAM 000040
vfpfcnvrt@ll                     cstackCOMRAM 000048
vfprintf@ap                      cstackCOMRAM 000054
vfprintf@cfmt                    cstackCOMRAM 000056
vfprintf@fmt                     cstackCOMRAM 000052
vfprintf@fp                      cstackCOMRAM 000050


MODULE INFORMATION

Module		Function		Class		Link	Load	Size
C:\Program Files\Microchip\xc8\v2.36\pic\sources\c99\common\putch.c
		_putch         		CODE           	6942	0000	2

C:\Program Files\Microchip\xc8\v2.36\pic\sources\c99\common\putch.c estimated size: 2

C:\Program Files\Microchip\xc8\v2.36\pic\sources\c99\common\nf_fputs.c
		_fputs         		CODE           	6A84	0000	68

C:\Program Files\Microchip\xc8\v2.36\pic\sources\c99\common\nf_fputs.c estimated size: 68

C:\Program Files\Microchip\xc8\v2.36\pic\sources\c99\common\aomod.c
		___aomod       		CODE           	7128	0000	356

C:\Program Files\Microchip\xc8\v2.36\pic\sources\c99\common\aomod.c estimated size: 356

C:\Program Files\Microchip\xc8\v2.36\pic\sources\c99\common\nf_sprintf.c
		_sprintf       		CODE           	6AC8	0000	82

C:\Program Files\Microchip\xc8\v2.36\pic\sources\c99\common\nf_sprintf.c estimated size: 82

C:\Program Files\Microchip\xc8\v2.36\pic\sources\c99\common\strlen.c
		_strlen        		CODE           	699A	0000	54

C:\Program Files\Microchip\xc8\v2.36\pic\sources\c99\common\strlen.c estimated size: 54

LCDNokia5110.c
		_LCDNokia5110_GotoXY		CODE           	6944	0000	28
		_LCDNokia5110_Bitmap		CODE           	6CB8	0000	150
		_LCDNokia5110_Image		CODE           	6B1A	0000	84
		_LCDNokia5110_putStr		CODE           	6BD0	0000	104
		_LCDNokia5110_Write		CODE           	6D4E	0000	186
		_LCDNokia5110_WriteSPI		CODE           	705C	0000	204
		_LCDNokia5110_Clear		CODE           	6A06	0000	62
		_LCDNokia5110_Initialize		CODE           	7596	0000	408
		_LCDNokia5110_putC		CODE           	6C38	0000	128

LCDNokia5110.c estimated size: 1354

C:\Program Files\Microchip\xc8\v2.36\pic\sources\c99\common\aodiv.c
		___aodiv       		CODE           	740E	0000	392

C:\Program Files\Microchip\xc8\v2.36\pic\sources\c99\common\aodiv.c estimated size: 392

C:\Program Files\Microchip\xc8\v2.36\pic\sources\c99\common\nf_fputc.c
		_fputc         		CODE           	6F92	0000	202

C:\Program Files\Microchip\xc8\v2.36\pic\sources\c99\common\nf_fputc.c estimated size: 202

C:\Program Files\Microchip\xc8\v2.36\pic\sources\c99\common\awdiv.c
		___awdiv       		CODE           	6E08	0000	196

C:\Program Files\Microchip\xc8\v2.36\pic\sources\c99\common\awdiv.c estimated size: 196

C:\Program Files\Microchip\xc8\v2.36\pic\sources\c99\common\doprnt.c
		_vfpfcnvrt     		CODE           	772E	0000	436
		_pad           		CODE           	6ECC	0000	198
		_dtoa          		CODE           	78E2	0000	738
		_vfprintf      		CODE           	6B6E	0000	98

C:\Program Files\Microchip\xc8\v2.36\pic\sources\c99\common\doprnt.c estimated size: 1470

shared
		_EYR_ImageLogo 		MEDIUMCONST    	7BC5	0000	504
		_carita        		MEDIUMCONST    	7F9D	0000	32
		__initialization		CODE           	69D0	0000	44
		_FONT_NORMAL   		MEDIUMCONST    	7DBD	0000	480

shared estimated size: 1060

C:\Program Files\Microchip\xc8\v2.36\pic\sources\c99\common\abs.c
		_abs           		CODE           	6A44	0000	64

C:\Program Files\Microchip\xc8\v2.36\pic\sources\c99\common\abs.c estimated size: 64

main.c
		_MCU_Initialize		CODE           	6960	0000	28
		_main          		CODE           	728C	0000	386

main.c estimated size: 414

